../Drivers/STM32G0xx_HAL_Driver/Inc/stm32g0xx_ll_tim.h:1586:22:LL_TIM_EnableCounter	16	static
../Drivers/STM32G0xx_HAL_Driver/Inc/stm32g0xx_ll_tim.h:1839:22:LL_TIM_SetCounter	16	static
../Drivers/STM32G0xx_HAL_Driver/Inc/stm32g0xx_ll_tim.h:4262:22:LL_TIM_ClearFlag_UPDATE	16	static
../Drivers/STM32G0xx_HAL_Driver/Inc/stm32g0xx_ll_tim.h:4625:22:LL_TIM_EnableIT_UPDATE	16	static
../Drivers/STM32G0xx_HAL_Driver/Inc/stm32g0xx_ll_tim.h:4636:22:LL_TIM_DisableIT_UPDATE	16	static
../Application/app.c:82:6:HAL_ADC_ConvCpltCallback	16	static
../Application/app.c:88:6:HAL_ADCEx_LevelOutOfWindow2Callback	16	static
../Application/app.c:149:6:processSw1ButtonEvents	16	static
../Application/app.c:191:6:app_init	8	static
../Application/app.c:258:6:app_loop	8	static
../Application/app.c:340:13:Update_AWD_Thresholds	48	static
../Application/app.c:414:6:updateCurrentOCP	88	static
../Application/app.c:554:6:tim7_btn_isr	8	static
../Application/app.c:568:6:tim14_isr	8	static
../Application/app.c:583:6:sw3_on_off_isr	8	static
../Application/app.c:627:6:sw1_toggle_i_v_isr	96	static
../Application/app.c:668:6:sw2_lock_isr	88	static
../Application/app.c:720:6:ocp_alert_isr	8	static
../Application/app.c:749:13:sourcecapa_limits	80	static
../Application/app.c:851:6:processUSBCommand	32	static
