../Drivers/STM32G0xx_HAL_Driver/Inc/stm32g0xx_ll_tim.h:1586:22:LL_TIM_EnableCounter	16	static
../Drivers/STM32G0xx_HAL_Driver/Inc/stm32g0xx_ll_tim.h:1597:22:LL_TIM_DisableCounter	16	static
../Drivers/STM32G0xx_HAL_Driver/Inc/stm32g0xx_ll_tim.h:1839:22:LL_TIM_SetCounter	16	static
../Drivers/STM32G0xx_HAL_Driver/Inc/stm32g0xx_ll_tim.h:4262:22:LL_TIM_ClearFlag_UPDATE	16	static
../Drivers/STM32G0xx_HAL_Driver/Inc/stm32g0xx_ll_tim.h:4273:26:LL_TIM_IsActiveFlag_UPDATE	16	static
../Drivers/STM32G0xx_HAL_Driver/Inc/stm32g0xx_ll_tim.h:4625:22:LL_TIM_EnableIT_UPDATE	16	static
../Drivers/STM32G0xx_HAL_Driver/Inc/stm32g0xx_ll_tim.h:4636:22:LL_TIM_DisableIT_UPDATE	16	static
../Application/app.c:39:10:getUSBbuffer	8	static
../Application/app.c:82:6:HAL_ADC_ConvCpltCallback	16	static
../Application/app.c:88:6:HAL_ADCEx_LevelOutOfWindow2Callback	16	static
../Application/app.c:99:6:Update_AWD_Thresholds	56	static
../Application/app.c:113:6:app_init	16	static
../Application/app.c:164:6:app_loop	8	static
../Application/app.c:188:6:runStateMachine	8	static
../Application/app.c:223:6:HAL_GPIO_EXTI_Falling_Callback	16	static
../Application/app.c:256:6:HAL_GPIO_EXTI_Rising_Callback	24	static
../Application/app.c:296:6:HAL_TIM_IC_CaptureCallback	16	static
../Application/app.c:305:6:TIM7_ISR	8	static
../Application/app.c:323:6:TIM14_ISR	8	static
../Application/app.c:342:6:TIM15_ISR	8	static
../Application/app.c:358:6:processButtonEvents	16	static
../Application/app.c:447:6:processSystemEvents	8	static
../Application/app.c:478:6:handleCOMportstatus	16	static
../Application/app.c:524:6:cleanString	168	static
../Application/app.c:551:6:processUSBCommand	256	static
../Application/app.c:711:6:handleInitState	16	static
../Application/app.c:763:6:handleIdleState	8	static
../Application/app.c:807:6:handleActiveState	16	static
../Application/app.c:883:6:handleSetValuesState	136	static
../Application/app.c:1157:6:sourcecapa_limits	152	static
../Application/app.c:1278:6:updateVoltage	16	static
../Application/app.c:1385:6:updateCurrent	16	static
../Application/app.c:1402:6:updateCurrentOCP	24	static
../Application/app.c:1425:10:compensateVoltage	16	static
../Application/app.c:1434:6:correctOutputVoltage	160	static
