../Drivers/STM32G0xx_HAL_Driver/Inc/stm32g0xx_ll_tim.h:1586:22:LL_TIM_EnableCounter	16	static
../Drivers/STM32G0xx_HAL_Driver/Inc/stm32g0xx_ll_tim.h:1839:22:LL_TIM_SetCounter	16	static
../Drivers/STM32G0xx_HAL_Driver/Inc/stm32g0xx_ll_tim.h:4262:22:LL_TIM_ClearFlag_UPDATE	16	static
../Drivers/STM32G0xx_HAL_Driver/Inc/stm32g0xx_ll_tim.h:4625:22:LL_TIM_EnableIT_UPDATE	16	static
../Application/app.c:79:6:app_init	8	static
../Application/app.c:127:6:app_loop	32	static
../Application/app.c:163:6:encoder_turn_isr	120	static
../Application/app.c:295:6:button_isr	8	static
../Application/app.c:347:6:button_timer_isr	8	static
../Application/app.c:360:6:request_button_isr	96	static
../Application/app.c:395:6:cur_vol_button_isr	8	static
../Application/app.c:429:13:sourcecapa_limits	128	static
../Application/app.c:561:6:processUSBCommand	32	static
