../Drivers/STM32G0xx_HAL_Driver/Inc/stm32g0xx_ll_tim.h:1586:22:LL_TIM_EnableCounter	16	static
../Drivers/STM32G0xx_HAL_Driver/Inc/stm32g0xx_ll_tim.h:1839:22:LL_TIM_SetCounter	16	static
../Drivers/STM32G0xx_HAL_Driver/Inc/stm32g0xx_ll_tim.h:4262:22:LL_TIM_ClearFlag_UPDATE	16	static
../Drivers/STM32G0xx_HAL_Driver/Inc/stm32g0xx_ll_tim.h:4625:22:LL_TIM_EnableIT_UPDATE	16	static
../Application/app.c:122:6:HAL_ADC_ConvCpltCallback	16	static
../Application/app.c:128:1:HAL_ADCEx_LevelOutOfWindow3Callback	16	static
../Application/app.c:143:6:app_init	8	static
../Application/app.c:214:6:app_loop	24	static
../Application/app.c:314:6:Update_AWD_Thresholds	48	static
../Application/app.c:330:6:encoder_turn_isr	80	static
../Application/app.c:457:6:enc_toggle_units_isr	96	static
../Application/app.c:519:6:tim7_btn_isr	8	static
../Application/app.c:532:6:tim14_isr	8	static
../Application/app.c:547:6:sw3_on_off_isr	104	static
../Application/app.c:590:6:sw1_toggle_i_v_isr	96	static
../Application/app.c:631:6:sw2_lock_isr	88	static
../Application/app.c:683:6:ocp_alert_isr	8	static
../Application/app.c:712:6:sourcecapa_limits	80	static
../Application/app.c:810:6:processUSBCommand	32	static
