../Drivers/STM32G0xx_HAL_Driver/Inc/stm32g0xx_ll_tim.h:1586:22:LL_TIM_EnableCounter	16	static
../Drivers/STM32G0xx_HAL_Driver/Inc/stm32g0xx_ll_tim.h:1839:22:LL_TIM_SetCounter	16	static
../Drivers/STM32G0xx_HAL_Driver/Inc/stm32g0xx_ll_tim.h:4262:22:LL_TIM_ClearFlag_UPDATE	16	static
../Drivers/STM32G0xx_HAL_Driver/Inc/stm32g0xx_ll_tim.h:4625:22:LL_TIM_EnableIT_UPDATE	16	static
../Application/app.c:34:6:app_init	8	static
../Application/app.c:50:6:app_loop	8	static
../Application/app.c:59:6:encoder_turn_isr	8	static
../Application/app.c:101:6:button_isr	8	static
../Application/app.c:143:6:button_timer_isr	8	static
../Application/app.c:155:6:request_button_isr	8	static
