../Drivers/STM32G0xx_HAL_Driver/Inc/stm32g0xx_ll_tim.h:1586:22:LL_TIM_EnableCounter	16	static
../Drivers/STM32G0xx_HAL_Driver/Inc/stm32g0xx_ll_tim.h:1839:22:LL_TIM_SetCounter	16	static
../Drivers/STM32G0xx_HAL_Driver/Inc/stm32g0xx_ll_tim.h:4262:22:LL_TIM_ClearFlag_UPDATE	16	static
../Drivers/STM32G0xx_HAL_Driver/Inc/stm32g0xx_ll_tim.h:4625:22:LL_TIM_EnableIT_UPDATE	16	static
../Application/app.c:120:6:HAL_ADC_ConvCpltCallback	16	static
../Application/app.c:130:6:app_init	8	static
../Application/app.c:198:6:app_loop	24	static
../Application/app.c:297:6:encoder_turn_isr	72	static
../Application/app.c:418:6:enc_toggle_units_isr	96	static
../Application/app.c:480:6:tim7_btn_isr	8	static
../Application/app.c:493:6:tim14_isr	8	static
../Application/app.c:508:6:sw3_on_off_isr	96	static
../Application/app.c:551:6:sw1_toggle_i_v_isr	96	static
../Application/app.c:592:6:sw2_lock_isr	88	static
../Application/app.c:644:6:ocp_alert_isr	8	static
../Application/app.c:673:6:sourcecapa_limits	80	static
../Application/app.c:771:6:processUSBCommand	32	static
