../Drivers/STM32G0xx_HAL_Driver/Inc/stm32g0xx_ll_tim.h:1586:22:LL_TIM_EnableCounter	16	static
../Drivers/STM32G0xx_HAL_Driver/Inc/stm32g0xx_ll_tim.h:1839:22:LL_TIM_SetCounter	16	static
../Drivers/STM32G0xx_HAL_Driver/Inc/stm32g0xx_ll_tim.h:4262:22:LL_TIM_ClearFlag_UPDATE	16	static
../Drivers/STM32G0xx_HAL_Driver/Inc/stm32g0xx_ll_tim.h:4625:22:LL_TIM_EnableIT_UPDATE	16	static
../Application/app.c:94:6:HAL_ADC_ConvCpltCallback	16	static
../Application/app.c:104:6:app_init	8	static
../Application/app.c:172:6:app_loop	24	static
../Application/app.c:271:6:encoder_turn_isr	72	static
../Application/app.c:392:6:button_isr	96	static
../Application/app.c:454:6:button_timer_isr	8	static
../Application/app.c:467:6:timer14_isr	8	static
../Application/app.c:482:6:request_button_isr	96	static
../Application/app.c:525:6:cur_vol_button_isr	96	static
../Application/app.c:566:6:lock_button_isr	88	static
../Application/app.c:618:6:ocp_alert_isr	8	static
../Application/app.c:647:13:sourcecapa_limits	128	static
../Application/app.c:779:6:processUSBCommand	32	static
