../Drivers/STM32G0xx_HAL_Driver/Inc/stm32g0xx_ll_tim.h:1586:22:LL_TIM_EnableCounter	16	static
../Drivers/STM32G0xx_HAL_Driver/Inc/stm32g0xx_ll_tim.h:1597:22:LL_TIM_DisableCounter	16	static
../Drivers/STM32G0xx_HAL_Driver/Inc/stm32g0xx_ll_tim.h:1839:22:LL_TIM_SetCounter	16	static
../Drivers/STM32G0xx_HAL_Driver/Inc/stm32g0xx_ll_tim.h:4262:22:LL_TIM_ClearFlag_UPDATE	16	static
../Drivers/STM32G0xx_HAL_Driver/Inc/stm32g0xx_ll_tim.h:4273:26:LL_TIM_IsActiveFlag_UPDATE	16	static
../Drivers/STM32G0xx_HAL_Driver/Inc/stm32g0xx_ll_tim.h:4625:22:LL_TIM_EnableIT_UPDATE	16	static
../Drivers/STM32G0xx_HAL_Driver/Inc/stm32g0xx_ll_tim.h:4636:22:LL_TIM_DisableIT_UPDATE	16	static
../Application/app.c:58:10:getUSBbuffer	8	static
../Application/app.c:109:6:runStateMachine	8	static
../Application/app.c:140:6:HAL_ADC_ConvCpltCallback	16	static
../Application/app.c:146:6:HAL_ADCEx_LevelOutOfWindow2Callback	16	static
../Application/app.c:157:6:Update_AWD_Thresholds	56	static
../Application/app.c:171:6:app_init	8	static
../Application/app.c:234:6:app_loop	8	static
../Application/app.c:259:6:HAL_GPIO_EXTI_Falling_Callback	16	static
../Application/app.c:292:6:HAL_GPIO_EXTI_Rising_Callback	24	static
../Application/app.c:331:6:HAL_TIM_IC_CaptureCallback	16	static
../Application/app.c:340:6:TIM7_ISR	8	static
../Application/app.c:354:6:TIM14_ISR	8	static
../Application/app.c:370:6:TIM15_ISR	8	static
../Application/app.c:387:6:processButtonEvents	16	static
../Application/app.c:466:6:processSystemEvents	8	static
../Application/app.c:489:6:handleCOMportstatus	16	static
../Application/app.c:524:6:cleanString	168	static
../Application/app.c:538:6:processUSBCommand	256	static
../Application/app.c:700:6:handleInitState	16	static
../Application/app.c:737:6:handleIdleState	8	static
../Application/app.c:779:6:handleActiveState	16	static
../Application/app.c:848:6:handleSetValuesState	136	static
../Application/app.c:1107:6:sourcecapa_limits	192	static
../Application/app.c:1216:6:updateVoltage	16	static
../Application/app.c:1233:6:updateCurrent	16	static
../Application/app.c:1250:6:updateCurrentOCP	24	static
../Application/app.c:1273:10:compensateVoltage	16	static
