../Drivers/STM32G0xx_HAL_Driver/Inc/stm32g0xx_ll_tim.h:1586:22:LL_TIM_EnableCounter	16	static
../Drivers/STM32G0xx_HAL_Driver/Inc/stm32g0xx_ll_tim.h:1839:22:LL_TIM_SetCounter	16	static
../Drivers/STM32G0xx_HAL_Driver/Inc/stm32g0xx_ll_tim.h:4262:22:LL_TIM_ClearFlag_UPDATE	16	static
../Drivers/STM32G0xx_HAL_Driver/Inc/stm32g0xx_ll_tim.h:4625:22:LL_TIM_EnableIT_UPDATE	16	static
../Application/app.c:96:6:HAL_ADC_ConvCpltCallback	16	static
../Application/app.c:102:6:HAL_ADCEx_LevelOutOfWindow2Callback	16	static
../Application/app.c:117:6:app_init	8	static
../Application/app.c:180:6:app_loop	24	static
../Application/app.c:282:6:Update_AWD_Thresholds	48	static
../Application/app.c:296:6:updateVoltage	80	static
../Application/app.c:323:6:updateCurrent	88	static
../Application/app.c:354:6:updateCurrentOCP	88	static
../Application/app.c:385:6:encoder_turn_isr	8	static
../Application/app.c:427:6:enc_toggle_units_isr	96	static
../Application/app.c:492:6:tim7_btn_isr	8	static
../Application/app.c:505:6:tim14_isr	8	static
../Application/app.c:520:6:sw3_on_off_isr	104	static
../Application/app.c:563:6:sw1_toggle_i_v_isr	96	static
../Application/app.c:604:6:sw2_lock_isr	88	static
../Application/app.c:656:6:ocp_alert_isr	8	static
../Application/app.c:685:6:sourcecapa_limits	80	static
../Application/app.c:783:6:processUSBCommand	32	static
