../Drivers/STM32G0xx_HAL_Driver/Inc/stm32g0xx_ll_tim.h:1586:22:LL_TIM_EnableCounter	16	static
../Drivers/STM32G0xx_HAL_Driver/Inc/stm32g0xx_ll_tim.h:1839:22:LL_TIM_SetCounter	16	static
../Drivers/STM32G0xx_HAL_Driver/Inc/stm32g0xx_ll_tim.h:4262:22:LL_TIM_ClearFlag_UPDATE	16	static
../Drivers/STM32G0xx_HAL_Driver/Inc/stm32g0xx_ll_tim.h:4625:22:LL_TIM_EnableIT_UPDATE	16	static
../Application/app.c:98:6:HAL_ADC_ConvCpltCallback	16	static
../Application/app.c:104:6:HAL_ADCEx_LevelOutOfWindow2Callback	16	static
../Application/app.c:120:6:HAL_GPIO_EXTI_Falling_Callback	112	static
../Application/app.c:151:6:HAL_GPIO_EXTI_Rising_Callback	24	static
../Application/app.c:164:6:processSw1ButtonEvents	16	static
../Application/app.c:206:6:app_init	8	static
../Application/app.c:269:6:app_loop	24	static
../Application/app.c:371:6:Update_AWD_Thresholds	48	static
../Application/app.c:385:6:updateVoltage	80	static
../Application/app.c:412:6:updateCurrent	88	static
../Application/app.c:443:6:updateCurrentOCP	88	static
../Application/app.c:474:6:encoder_turn_isr	8	static
../Application/app.c:516:6:enc_toggle_units_isr	96	static
../Application/app.c:581:6:tim7_btn_isr	8	static
../Application/app.c:594:6:tim14_isr	8	static
../Application/app.c:609:6:sw3_on_off_isr	104	static
../Application/app.c:652:6:sw1_toggle_i_v_isr	96	static
../Application/app.c:693:6:sw2_lock_isr	88	static
../Application/app.c:745:6:ocp_alert_isr	8	static
../Application/app.c:774:6:sourcecapa_limits	80	static
../Application/app.c:877:6:processUSBCommand	32	static
