../Drivers/STM32G0xx_HAL_Driver/Inc/stm32g0xx_ll_tim.h:1586:22:LL_TIM_EnableCounter	16	static
../Drivers/STM32G0xx_HAL_Driver/Inc/stm32g0xx_ll_tim.h:1839:22:LL_TIM_SetCounter	16	static
../Drivers/STM32G0xx_HAL_Driver/Inc/stm32g0xx_ll_tim.h:4262:22:LL_TIM_ClearFlag_UPDATE	16	static
../Drivers/STM32G0xx_HAL_Driver/Inc/stm32g0xx_ll_tim.h:4625:22:LL_TIM_EnableIT_UPDATE	16	static
../Application/app.c:119:6:HAL_ADC_ConvCpltCallback	16	static
../Application/app.c:125:6:HAL_ADCEx_LevelOutOfWindow3Callback	16	static
../Application/app.c:140:6:app_init	32	static
../Application/app.c:200:6:app_loop	24	static
../Application/app.c:300:6:Update_AWD_Thresholds	48	static
../Application/app.c:315:6:updateVoltage	80	static
../Application/app.c:342:6:updateCurrent	88	static
../Application/app.c:373:6:updateCurrentOCP	88	static
../Application/app.c:404:6:encoder_turn_isr	8	static
../Application/app.c:446:6:enc_toggle_units_isr	96	static
../Application/app.c:511:6:tim7_btn_isr	8	static
../Application/app.c:524:6:tim14_isr	8	static
../Application/app.c:539:6:sw3_on_off_isr	104	static
../Application/app.c:582:6:sw1_toggle_i_v_isr	96	static
../Application/app.c:623:6:sw2_lock_isr	88	static
../Application/app.c:675:6:ocp_alert_isr	8	static
../Application/app.c:704:6:sourcecapa_limits	80	static
../Application/app.c:802:6:processUSBCommand	32	static
