../Drivers/STM32G0xx_HAL_Driver/Inc/stm32g0xx_ll_tim.h:1586:22:LL_TIM_EnableCounter	16	static
../Drivers/STM32G0xx_HAL_Driver/Inc/stm32g0xx_ll_tim.h:1597:22:LL_TIM_DisableCounter	16	static
../Drivers/STM32G0xx_HAL_Driver/Inc/stm32g0xx_ll_tim.h:1839:22:LL_TIM_SetCounter	16	static
../Drivers/STM32G0xx_HAL_Driver/Inc/stm32g0xx_ll_tim.h:4262:22:LL_TIM_ClearFlag_UPDATE	16	static
../Drivers/STM32G0xx_HAL_Driver/Inc/stm32g0xx_ll_tim.h:4273:26:LL_TIM_IsActiveFlag_UPDATE	16	static
../Drivers/STM32G0xx_HAL_Driver/Inc/stm32g0xx_ll_tim.h:4625:22:LL_TIM_EnableIT_UPDATE	16	static
../Drivers/STM32G0xx_HAL_Driver/Inc/stm32g0xx_ll_tim.h:4636:22:LL_TIM_DisableIT_UPDATE	16	static
../Application/app.c:58:10:getUSBbuffer	8	static
../Application/app.c:107:6:runStateMachine	8	static
../Application/app.c:144:6:HAL_ADC_ConvCpltCallback	16	static
../Application/app.c:150:6:HAL_ADCEx_LevelOutOfWindow2Callback	16	static
../Application/app.c:161:6:Update_AWD_Thresholds	56	static
../Application/app.c:175:6:app_init	8	static
../Application/app.c:237:6:app_loop	8	static
../Application/app.c:260:6:HAL_GPIO_EXTI_Falling_Callback	16	static
../Application/app.c:283:6:HAL_TIM_IC_CaptureCallback	16	static
../Application/app.c:289:6:TIM14_ISR	8	static
../Application/app.c:305:6:TIM15_ISR	8	static
../Application/app.c:322:6:processButtonEvents	16	static
../Application/app.c:362:6:processSystemEvents	8	static
../Application/app.c:385:6:handleCOMportstatus	16	static
../Application/app.c:413:6:cleanString	168	static
../Application/app.c:427:6:trimSpacesCopy	16	static
../Application/app.c:437:6:processUSBCommand	184	static
../Application/app.c:501:6:handleInitState	16	static
../Application/app.c:538:6:handleIdleState	16	static
../Application/app.c:586:6:handleActiveState	16	static
../Application/app.c:655:6:handleSetValuesState	136	static
../Application/app.c:863:6:tim7_btn_isr	8	static
../Application/app.c:877:6:tim14_isr	8	static
../Application/app.c:889:6:sw2_lock_isr	88	static
../Application/app.c:941:6:ocp_alert_isr	8	static
../Application/app.c:970:6:sourcecapa_limits	80	static
../Application/app.c:1075:6:updateVoltage	16	static
../Application/app.c:1096:6:updateCurrent	16	static
../Application/app.c:1117:6:updateCurrentOCP	24	static
../Application/app.c:1140:10:compensateVoltage	16	static
