../Drivers/STM32G0xx_HAL_Driver/Inc/stm32g0xx_ll_tim.h:1586:22:LL_TIM_EnableCounter	16	static
../Drivers/STM32G0xx_HAL_Driver/Inc/stm32g0xx_ll_tim.h:1839:22:LL_TIM_SetCounter	16	static
../Drivers/STM32G0xx_HAL_Driver/Inc/stm32g0xx_ll_tim.h:4262:22:LL_TIM_ClearFlag_UPDATE	16	static
../Drivers/STM32G0xx_HAL_Driver/Inc/stm32g0xx_ll_tim.h:4625:22:LL_TIM_EnableIT_UPDATE	16	static
../Application/app.c:86:6:app_init	8	static
../Application/app.c:144:6:app_loop	24	static
../Application/app.c:186:6:encoder_turn_isr	72	static
../Application/app.c:326:6:button_isr	8	static
../Application/app.c:378:6:button_timer_isr	8	static
../Application/app.c:391:6:request_button_isr	96	static
../Application/app.c:434:6:cur_vol_button_isr	96	static
../Application/app.c:478:13:sourcecapa_limits	128	static
../Application/app.c:610:6:processUSBCommand	32	static
