../Drivers/STM32G0xx_HAL_Driver/Inc/stm32g0xx_ll_tim.h:1586:22:LL_TIM_EnableCounter	16	static
../Drivers/STM32G0xx_HAL_Driver/Inc/stm32g0xx_ll_tim.h:1597:22:LL_TIM_DisableCounter	16	static
../Drivers/STM32G0xx_HAL_Driver/Inc/stm32g0xx_ll_tim.h:1839:22:LL_TIM_SetCounter	16	static
../Drivers/STM32G0xx_HAL_Driver/Inc/stm32g0xx_ll_tim.h:4262:22:LL_TIM_ClearFlag_UPDATE	16	static
../Drivers/STM32G0xx_HAL_Driver/Inc/stm32g0xx_ll_tim.h:4273:26:LL_TIM_IsActiveFlag_UPDATE	16	static
../Drivers/STM32G0xx_HAL_Driver/Inc/stm32g0xx_ll_tim.h:4625:22:LL_TIM_EnableIT_UPDATE	16	static
../Drivers/STM32G0xx_HAL_Driver/Inc/stm32g0xx_ll_tim.h:4636:22:LL_TIM_DisableIT_UPDATE	16	static
../Application/app.c:39:10:getUSBbuffer	8	static
../Application/app.c:82:6:HAL_ADC_ConvCpltCallback	16	static
../Application/app.c:88:6:HAL_ADCEx_LevelOutOfWindow2Callback	16	static
../Application/app.c:99:6:Update_AWD_Thresholds	56	static
../Application/app.c:113:6:app_init	16	static
../Application/app.c:160:6:app_loop	8	static
../Application/app.c:184:6:runStateMachine	8	static
../Application/app.c:219:6:HAL_GPIO_EXTI_Falling_Callback	16	static
../Application/app.c:252:6:HAL_GPIO_EXTI_Rising_Callback	24	static
../Application/app.c:291:6:HAL_TIM_IC_CaptureCallback	16	static
../Application/app.c:300:6:TIM7_ISR	8	static
../Application/app.c:318:6:TIM14_ISR	8	static
../Application/app.c:337:6:TIM15_ISR	8	static
../Application/app.c:353:6:processButtonEvents	16	static
../Application/app.c:432:6:processSystemEvents	8	static
../Application/app.c:456:6:handleCOMportstatus	16	static
../Application/app.c:491:6:cleanString	168	static
../Application/app.c:505:6:processUSBCommand	256	static
../Application/app.c:661:6:handleInitState	16	static
../Application/app.c:713:6:handleIdleState	8	static
../Application/app.c:759:6:handleActiveState	16	static
../Application/app.c:830:6:handleSetValuesState	136	static
../Application/app.c:1093:6:sourcecapa_limits	152	static
../Application/app.c:1214:6:updateVoltage	16	static
../Application/app.c:1318:6:updateCurrent	16	static
../Application/app.c:1335:6:updateCurrentOCP	24	static
../Application/app.c:1358:10:compensateVoltage	16	static
