../Drivers/STM32G0xx_HAL_Driver/Inc/stm32g0xx_ll_tim.h:1586:22:LL_TIM_EnableCounter	16	static
../Drivers/STM32G0xx_HAL_Driver/Inc/stm32g0xx_ll_tim.h:1597:22:LL_TIM_DisableCounter	16	static
../Drivers/STM32G0xx_HAL_Driver/Inc/stm32g0xx_ll_tim.h:1839:22:LL_TIM_SetCounter	16	static
../Drivers/STM32G0xx_HAL_Driver/Inc/stm32g0xx_ll_tim.h:4262:22:LL_TIM_ClearFlag_UPDATE	16	static
../Drivers/STM32G0xx_HAL_Driver/Inc/stm32g0xx_ll_tim.h:4273:26:LL_TIM_IsActiveFlag_UPDATE	16	static
../Drivers/STM32G0xx_HAL_Driver/Inc/stm32g0xx_ll_tim.h:4625:22:LL_TIM_EnableIT_UPDATE	16	static
../Application/demo_app.c:41:6:runStateMachine	120	static
../Application/demo_app.c:103:6:HAL_GPIO_EXTI_Falling_Callback	120	static
../Application/demo_app.c:133:6:HAL_TIM_IC_CaptureCallback	16	static
../Application/demo_app.c:139:6:TIM14_ISR	8	static
../Application/demo_app.c:156:6:processButtonEvents	16	static
../Application/demo_app.c:176:6:processSystemEvents	16	static
../Application/demo_app.c:199:6:handleIdleState	16	static
../Application/demo_app.c:238:6:handleActiveState	32	static
../Application/demo_app.c:309:6:handleInitState	16	static
../Application/demo_app.c:337:6:handleSetValuesState	120	static
../Application/demo_app.c:484:6:updateVoltage	80	static
../Application/demo_app.c:511:6:updateCurrent	88	static
