../Drivers/STM32G0xx_HAL_Driver/Inc/stm32g0xx_ll_tim.h:1586:22:LL_TIM_EnableCounter	16	static
../Drivers/STM32G0xx_HAL_Driver/Inc/stm32g0xx_ll_tim.h:1597:22:LL_TIM_DisableCounter	16	static
../Drivers/STM32G0xx_HAL_Driver/Inc/stm32g0xx_ll_tim.h:1839:22:LL_TIM_SetCounter	16	static
../Drivers/STM32G0xx_HAL_Driver/Inc/stm32g0xx_ll_tim.h:4262:22:LL_TIM_ClearFlag_UPDATE	16	static
../Drivers/STM32G0xx_HAL_Driver/Inc/stm32g0xx_ll_tim.h:4273:26:LL_TIM_IsActiveFlag_UPDATE	16	static
../Drivers/STM32G0xx_HAL_Driver/Inc/stm32g0xx_ll_tim.h:4625:22:LL_TIM_EnableIT_UPDATE	16	static
../Application/demo_app.c:46:6:runStateMachine	16	static
../Application/demo_app.c:113:6:HAL_GPIO_EXTI_Falling_Callback	16	static
../Application/demo_app.c:143:6:HAL_TIM_IC_CaptureCallback	16	static
../Application/demo_app.c:150:6:TIM14_ISR	8	static
../Application/demo_app.c:168:6:TIM15_ISR	104	static
../Application/demo_app.c:195:6:processButtonEvents	16	static
../Application/demo_app.c:215:6:processSystemEvents	16	static
../Application/demo_app.c:242:6:handleIdleState	16	static
../Application/demo_app.c:290:6:handleActiveState	32	static
../Application/demo_app.c:363:6:handleInitState	16	static
../Application/demo_app.c:400:6:handleSetValuesState	120	static
../Application/demo_app.c:605:6:updateVoltage	80	static
../Application/demo_app.c:632:6:updateCurrent	88	static
