../Application/max7219.c:38:6:max7219_Init	16	static
../Application/max7219.c:46:6:max7219_SetIntensivity	16	static
../Application/max7219.c:56:6:max7219_Clean	16	static
../Application/max7219.c:71:6:max7219_SendData	16	static
../Application/max7219.c:79:6:max7219_Turn_On	8	static
../Application/max7219.c:84:6:max7219_Turn_Off	8	static
../Application/max7219.c:89:6:max7219_Decode_On	8	static
../Application/max7219.c:95:6:max7219_Decode_Off	8	static
../Application/max7219.c:108:23:mapPosition	16	static
../Application/max7219.c:130:6:max7219_PrintDigit	32	static
../Application/max7219.c:171:16:max7219_PrintItos	40	static
../Application/max7219.c:250:16:max7219_PrintIspecial	40	static
../Application/max7219.c:326:16:max7219_PrintNtos	32	static
../Application/max7219.c:359:16:max7219_PrintFtos	24	static
../Application/max7219.c:402:6:max7219_BlinkDigit	48	static
../Application/max7219.c:437:17:getSymbol	16	static
../Application/max7219.c:442:17:lcdPow10	24	static
