../Application/max7219.c:37:6:max7219_Init	16	static
../Application/max7219.c:45:6:max7219_SetIntensivity	16	static
../Application/max7219.c:55:6:max7219_Clean	16	static
../Application/max7219.c:70:6:max7219_SendData	16	static
../Application/max7219.c:78:6:max7219_Turn_On	8	static
../Application/max7219.c:83:6:max7219_Turn_Off	8	static
../Application/max7219.c:88:6:max7219_Decode_On	8	static
../Application/max7219.c:94:6:max7219_Decode_Off	8	static
../Application/max7219.c:100:6:max7219_PrintDigit	24	static
../Application/max7219.c:131:16:max7219_PrintItos	32	static
../Application/max7219.c:202:16:max7219_PrintNtos	24	static
../Application/max7219.c:227:16:max7219_PrintFtos	24	static
../Application/max7219.c:261:6:max7219_BlinkDigit	48	static
../Application/max7219.c:299:17:getSymbol	16	static
../Application/max7219.c:304:17:lcdPow10	24	static
