../Utilities/GUI_INTERFACE/gui_api.c:629:23:GUI_Init	32	static
../Utilities/GUI_INTERFACE/gui_api.c:682:10:GUI_InitOS	64	static
../Utilities/GUI_INTERFACE/gui_api.c:712:6:GUI_Reset	8	static
../Utilities/GUI_INTERFACE/gui_api.c:717:6:GUI_Start	8	static
../Utilities/GUI_INTERFACE/gui_api.c:729:1:TaskGUI	40	static
../Utilities/GUI_INTERFACE/gui_api.c:812:17:CheckGUITimers	24	static
../Utilities/GUI_INTERFACE/gui_api.c:834:6:GUI_TimerCounter	8	static
../Utilities/GUI_INTERFACE/gui_api.c:873:6:GUI_CALLBACK_RX	24	static,ignoring_inline_asm
../Utilities/GUI_INTERFACE/gui_api.c:898:10:GUI_RXProcess	40	static
../Utilities/GUI_INTERFACE/gui_api.c:958:10:GUI_FormatAndSendNotification	48	static
../Utilities/GUI_INTERFACE/gui_api.c:977:10:GUI_GetMessage	24	static
../Utilities/GUI_INTERFACE/gui_api.c:1102:17:GUI_SendAnswer	32	static
../Utilities/GUI_INTERFACE/gui_api.c:1214:17:GUI_SendNotification	168	static
../Utilities/GUI_INTERFACE/gui_api.c:1589:6:GUI_PostNotificationMessage	32	static
../Utilities/GUI_INTERFACE/gui_api.c:1623:23:GUI_IsRunning	8	static
../Utilities/GUI_INTERFACE/gui_api.c:1636:6:GUI_SaveInfo	56	static
../Utilities/GUI_INTERFACE/gui_api.c:1795:6:GUI_RegisterCallback_FreeText	16	static
../Utilities/GUI_INTERFACE/gui_api.c:1813:13:Send_DpmInitCnf	88	static
../Utilities/GUI_INTERFACE/gui_api.c:1940:13:Request_MessageReq	80	static
../Utilities/GUI_INTERFACE/gui_api.c:2426:13:Send_DpmConfigSetCnf	360	static
../Utilities/GUI_INTERFACE/gui_api.c:2706:13:Send_DpmConfigGetCnf	80	static
../Utilities/GUI_INTERFACE/gui_api.c:3076:13:Send_DpmConfigGetRej	40	static
../Utilities/GUI_INTERFACE/gui_api.c:3085:13:Send_DpmMessageRej	40	static
../Utilities/GUI_INTERFACE/gui_api.c:3094:13:Send_DpmRegisterReadCnf	80	static
../Utilities/GUI_INTERFACE/gui_api.c:3259:13:Send_DpmRegisterWriteCnf	64	static
../Utilities/GUI_INTERFACE/gui_api.c:3411:28:Manage_FreeText	32	static
../Utilities/GUI_INTERFACE/gui_api.c:3429:13:UpdateSNKPowerPort0	40	static
