../Drivers/STM32G0xx_HAL_Driver/Src/stm32g0xx_ll_tim.c:797:20:OC1Config	16	static
../Drivers/STM32G0xx_HAL_Driver/Src/stm32g0xx_ll_tim.c:876:20:OC2Config	16	static
../Drivers/STM32G0xx_HAL_Driver/Src/stm32g0xx_ll_tim.c:955:20:OC3Config	16	static
../Drivers/STM32G0xx_HAL_Driver/Src/stm32g0xx_ll_tim.c:1034:20:OC4Config	16	static
../Drivers/STM32G0xx_HAL_Driver/Src/stm32g0xx_ll_tim.c:1101:20:OC5Config	12	static
../Drivers/STM32G0xx_HAL_Driver/Src/stm32g0xx_ll_tim.c:1162:20:OC6Config	12	static
../Drivers/STM32G0xx_HAL_Driver/Src/stm32g0xx_ll_tim.c:1222:20:IC1Config	12	static
../Drivers/STM32G0xx_HAL_Driver/Src/stm32g0xx_ll_tim.c:1255:20:IC2Config	12	static
../Drivers/STM32G0xx_HAL_Driver/Src/stm32g0xx_ll_tim.c:1288:20:IC3Config	8	static
../Drivers/STM32G0xx_HAL_Driver/Src/stm32g0xx_ll_tim.c:1321:20:IC4Config	8	static
../Drivers/STM32G0xx_HAL_Driver/Src/stm32g0xx_ll_tim.c:222:13:LL_TIM_DeInit	0	static
../Drivers/STM32G0xx_HAL_Driver/Src/stm32g0xx_ll_tim.c:307:6:LL_TIM_StructInit	0	static
../Drivers/STM32G0xx_HAL_Driver/Src/stm32g0xx_ll_tim.c:326:13:LL_TIM_Init	0	static
../Drivers/STM32G0xx_HAL_Driver/Src/stm32g0xx_ll_tim.c:378:6:LL_TIM_OC_StructInit	0	static
../Drivers/STM32G0xx_HAL_Driver/Src/stm32g0xx_ll_tim.c:407:13:LL_TIM_OC_Init	8	static
../Drivers/STM32G0xx_HAL_Driver/Src/stm32g0xx_ll_tim.c:445:6:LL_TIM_IC_StructInit	0	static
../Drivers/STM32G0xx_HAL_Driver/Src/stm32g0xx_ll_tim.c:468:13:LL_TIM_IC_Init	8	static
../Drivers/STM32G0xx_HAL_Driver/Src/stm32g0xx_ll_tim.c:499:6:LL_TIM_ENCODER_StructInit	0	static
../Drivers/STM32G0xx_HAL_Driver/Src/stm32g0xx_ll_tim.c:522:13:LL_TIM_ENCODER_Init	12	static
../Drivers/STM32G0xx_HAL_Driver/Src/stm32g0xx_ll_tim.c:585:6:LL_TIM_HALLSENSOR_StructInit	0	static
../Drivers/STM32G0xx_HAL_Driver/Src/stm32g0xx_ll_tim.c:615:13:LL_TIM_HALLSENSOR_Init	20	static
../Drivers/STM32G0xx_HAL_Driver/Src/stm32g0xx_ll_tim.c:694:6:LL_TIM_BDTR_StructInit	0	static
../Drivers/STM32G0xx_HAL_Driver/Src/stm32g0xx_ll_tim.c:729:13:LL_TIM_BDTR_Init	0	static
