../Core/Src/stm32g0xx_it.c:72:6:NMI_Handler	0	static
../Core/Src/stm32g0xx_it.c:87:6:HardFault_Handler	0	static
../Core/Src/stm32g0xx_it.c:102:6:SVC_Handler	0	static
../Core/Src/stm32g0xx_it.c:115:6:PendSV_Handler	0	static
../Core/Src/stm32g0xx_it.c:128:6:SysTick_Handler	0	static
../Core/Src/stm32g0xx_it.c:149:6:EXTI2_3_IRQHandler	8	static
../Core/Src/stm32g0xx_it.c:163:6:TIM3_TIM4_IRQHandler	8	static
../Core/Src/stm32g0xx_it.c:176:6:TIM6_DAC_LPTIM1_IRQHandler	8	static
../Core/Src/stm32g0xx_it.c:190:6:TIM7_LPTIM2_IRQHandler	8	static
