../Drivers/CMSIS/Include/core_cm0plus.h:741:22:__NVIC_EnableIRQ	16	static,ignoring_inline_asm
../Drivers/CMSIS/Include/core_cm0plus.h:850:22:__NVIC_SetPriority	24	static
../Drivers/STM32G0xx_HAL_Driver/Inc/stm32g0xx_ll_dma.h:603:22:LL_DMA_SetDataTransferDirection	32	static
../Drivers/STM32G0xx_HAL_Driver/Inc/stm32g0xx_ll_dma.h:654:22:LL_DMA_SetMode	32	static
../Drivers/STM32G0xx_HAL_Driver/Inc/stm32g0xx_ll_dma.h:701:22:LL_DMA_SetPeriphIncMode	32	static
../Drivers/STM32G0xx_HAL_Driver/Inc/stm32g0xx_ll_dma.h:748:22:LL_DMA_SetMemoryIncMode	32	static
../Drivers/STM32G0xx_HAL_Driver/Inc/stm32g0xx_ll_dma.h:796:22:LL_DMA_SetPeriphSize	32	static
../Drivers/STM32G0xx_HAL_Driver/Inc/stm32g0xx_ll_dma.h:845:22:LL_DMA_SetMemorySize	32	static
../Drivers/STM32G0xx_HAL_Driver/Inc/stm32g0xx_ll_dma.h:895:22:LL_DMA_SetChannelPriorityLevel	32	static
../Drivers/STM32G0xx_HAL_Driver/Inc/stm32g0xx_ll_dma.h:1270:22:LL_DMA_SetPeriphRequest	32	static
../Drivers/STM32G0xx_HAL_Driver/Inc/stm32g0xx_ll_lpuart.h:495:22:LL_LPUART_Enable	16	static
../Drivers/STM32G0xx_HAL_Driver/Inc/stm32g0xx_ll_lpuart.h:547:22:LL_LPUART_DisableFIFO	16	static
../Drivers/STM32G0xx_HAL_Driver/Inc/stm32g0xx_ll_lpuart.h:576:22:LL_LPUART_SetTXFIFOThreshold	32	static,ignoring_inline_asm
../Drivers/STM32G0xx_HAL_Driver/Inc/stm32g0xx_ll_lpuart.h:611:22:LL_LPUART_SetRXFIFOThreshold	32	static,ignoring_inline_asm
../Drivers/STM32G0xx_HAL_Driver/Inc/stm32g0xx_ll_lpuart.h:1760:26:LL_LPUART_IsActiveFlag_TEACK	16	static
../Drivers/STM32G0xx_HAL_Driver/Inc/stm32g0xx_ll_lpuart.h:1771:26:LL_LPUART_IsActiveFlag_REACK	16	static
../Drivers/STM32G0xx_HAL_Driver/Inc/stm32g0xx_ll_lpuart.h:1946:22:LL_LPUART_EnableIT_RXNE_RXFNE	32	static,ignoring_inline_asm
../Drivers/STM32G0xx_HAL_Driver/Inc/stm32g0xx_ll_tim.h:1689:22:LL_TIM_SetOnePulseMode	16	static
../Drivers/STM32G0xx_HAL_Driver/Inc/stm32g0xx_ll_tim.h:1766:22:LL_TIM_EnableARRPreload	16	static
../Drivers/STM32G0xx_HAL_Driver/Inc/stm32g0xx_ll_tim.h:3411:22:LL_TIM_SetTriggerOutput	16	static
../Drivers/STM32G0xx_HAL_Driver/Inc/stm32g0xx_ll_tim.h:3511:22:LL_TIM_DisableMasterSlaveMode	16	static
../Drivers/STM32G0xx_HAL_Driver/Inc/stm32g0xx_ll_bus.h:467:22:LL_APB1_GRP1_EnableClock	24	static
../Drivers/STM32G0xx_HAL_Driver/Inc/stm32g0xx_ll_bus.h:1135:22:LL_IOP_GRP1_EnableClock	24	static
../Core/Src/main.c:97:5:main	8	static
../Core/Src/main.c:189:6:SystemClock_Config	96	static
../Core/Src/main.c:236:13:MX_ADC1_Init	24	static
../Core/Src/main.c:302:13:MX_LPUART1_UART_Init	144	static
../Core/Src/main.c:406:13:MX_SPI1_Init	8	static
../Core/Src/main.c:446:13:MX_TIM2_Init	64	static
../Core/Src/main.c:495:13:MX_TIM7_Init	32	static
../Core/Src/main.c:533:13:MX_UCPD1_Init	32	static
../Core/Src/main.c:613:13:MX_DMA_Init	16	static
../Core/Src/main.c:637:13:MX_GPIO_Init	48	static
../Core/Src/main.c:715:6:HAL_GPIO_EXTI_Falling_Callback	88	static
../Core/Src/main.c:747:6:StartDefaultTask	16	static
../Core/Src/main.c:767:6:HAL_TIM_PeriodElapsedCallback	16	static
../Core/Src/main.c:785:6:Error_Handler	8	static,ignoring_inline_asm
