../Drivers/CMSIS/Include/core_cm0plus.h:741:22:__NVIC_EnableIRQ	2
../Drivers/CMSIS/Include/core_cm0plus.h:850:22:__NVIC_SetPriority	2
../Drivers/STM32G0xx_HAL_Driver/Inc/stm32g0xx_ll_dma.h:603:22:LL_DMA_SetDataTransferDirection	1
../Drivers/STM32G0xx_HAL_Driver/Inc/stm32g0xx_ll_dma.h:654:22:LL_DMA_SetMode	1
../Drivers/STM32G0xx_HAL_Driver/Inc/stm32g0xx_ll_dma.h:701:22:LL_DMA_SetPeriphIncMode	1
../Drivers/STM32G0xx_HAL_Driver/Inc/stm32g0xx_ll_dma.h:748:22:LL_DMA_SetMemoryIncMode	1
../Drivers/STM32G0xx_HAL_Driver/Inc/stm32g0xx_ll_dma.h:796:22:LL_DMA_SetPeriphSize	1
../Drivers/STM32G0xx_HAL_Driver/Inc/stm32g0xx_ll_dma.h:845:22:LL_DMA_SetMemorySize	1
../Drivers/STM32G0xx_HAL_Driver/Inc/stm32g0xx_ll_dma.h:895:22:LL_DMA_SetChannelPriorityLevel	1
../Drivers/STM32G0xx_HAL_Driver/Inc/stm32g0xx_ll_dma.h:1270:22:LL_DMA_SetPeriphRequest	1
../Drivers/STM32G0xx_HAL_Driver/Inc/stm32g0xx_ll_lpuart.h:495:22:LL_LPUART_Enable	1
../Drivers/STM32G0xx_HAL_Driver/Inc/stm32g0xx_ll_lpuart.h:547:22:LL_LPUART_DisableFIFO	1
../Drivers/STM32G0xx_HAL_Driver/Inc/stm32g0xx_ll_lpuart.h:576:22:LL_LPUART_SetTXFIFOThreshold	1
../Drivers/STM32G0xx_HAL_Driver/Inc/stm32g0xx_ll_lpuart.h:611:22:LL_LPUART_SetRXFIFOThreshold	1
../Drivers/STM32G0xx_HAL_Driver/Inc/stm32g0xx_ll_lpuart.h:1760:26:LL_LPUART_IsActiveFlag_TEACK	2
../Drivers/STM32G0xx_HAL_Driver/Inc/stm32g0xx_ll_lpuart.h:1771:26:LL_LPUART_IsActiveFlag_REACK	2
../Drivers/STM32G0xx_HAL_Driver/Inc/stm32g0xx_ll_lpuart.h:1946:22:LL_LPUART_EnableIT_RXNE_RXFNE	1
../Drivers/STM32G0xx_HAL_Driver/Inc/stm32g0xx_ll_tim.h:1689:22:LL_TIM_SetOnePulseMode	1
../Drivers/STM32G0xx_HAL_Driver/Inc/stm32g0xx_ll_tim.h:1766:22:LL_TIM_EnableARRPreload	1
../Drivers/STM32G0xx_HAL_Driver/Inc/stm32g0xx_ll_tim.h:3411:22:LL_TIM_SetTriggerOutput	1
../Drivers/STM32G0xx_HAL_Driver/Inc/stm32g0xx_ll_tim.h:3511:22:LL_TIM_DisableMasterSlaveMode	1
../Drivers/STM32G0xx_HAL_Driver/Inc/stm32g0xx_ll_bus.h:467:22:LL_APB1_GRP1_EnableClock	1
../Drivers/STM32G0xx_HAL_Driver/Inc/stm32g0xx_ll_bus.h:921:22:LL_APB2_GRP1_EnableClock	1
../Drivers/STM32G0xx_HAL_Driver/Inc/stm32g0xx_ll_bus.h:1135:22:LL_IOP_GRP1_EnableClock	1
../Core/Src/main.c:105:5:main	1
../Core/Src/main.c:200:6:SystemClock_Config	3
../Core/Src/main.c:248:13:MX_ADC1_Init	5
../Core/Src/main.c:324:13:MX_DAC1_Init	3
../Core/Src/main.c:367:13:MX_LPUART1_UART_Init	4
../Core/Src/main.c:471:13:MX_SPI2_Init	2
../Core/Src/main.c:511:13:MX_TIM3_Init	3
../Core/Src/main.c:560:13:MX_TIM4_Init	4
../Core/Src/main.c:605:13:MX_TIM7_Init	1
../Core/Src/main.c:643:13:MX_TIM14_Init	1
../Core/Src/main.c:680:13:MX_UCPD1_Init	1
../Core/Src/main.c:760:13:MX_DMA_Init	1
../Core/Src/main.c:784:13:MX_GPIO_Init	1
../Core/Src/main.c:883:6:HAL_GPIO_EXTI_Falling_Callback	2
../Core/Src/main.c:962:6:StartDefaultTask	1
../Core/Src/main.c:982:6:HAL_TIM_PeriodElapsedCallback	2
../Core/Src/main.c:1000:6:Error_Handler	1
