../Core/Src/stm32g0xx_it.c:72:6:NMI_Handler	8	static
../Core/Src/stm32g0xx_it.c:87:6:HardFault_Handler	8	static
../Core/Src/stm32g0xx_it.c:109:6:EXTI4_15_IRQHandler	8	static
../Core/Src/stm32g0xx_it.c:123:6:USB_UCPD1_2_IRQHandler	8	static
../Core/Src/stm32g0xx_it.c:138:6:DMA1_Channel1_IRQHandler	8	static
../Core/Src/stm32g0xx_it.c:152:6:DMA1_Channel2_3_IRQHandler	8	static
../Core/Src/stm32g0xx_it.c:166:6:TIM2_IRQHandler	8	static
../Core/Src/stm32g0xx_it.c:180:6:USART3_4_5_6_LPUART1_IRQHandler	8	static
