../Drivers/STM32G0xx_HAL_Driver/Inc/stm32g0xx_ll_tim.h:4262:22:LL_TIM_ClearFlag_UPDATE	16	static
../Drivers/STM32G0xx_HAL_Driver/Inc/stm32g0xx_ll_tim.h:4273:26:LL_TIM_IsActiveFlag_UPDATE	16	static
../Core/Src/stm32g0xx_it.c:80:6:NMI_Handler	8	static
../Core/Src/stm32g0xx_it.c:95:6:HardFault_Handler	8	static
../Core/Src/stm32g0xx_it.c:117:6:EXTI0_1_IRQHandler	8	static
../Core/Src/stm32g0xx_it.c:133:6:EXTI2_3_IRQHandler	8	static
../Core/Src/stm32g0xx_it.c:150:6:EXTI4_15_IRQHandler	8	static
../Core/Src/stm32g0xx_it.c:178:6:USB_UCPD1_2_IRQHandler	8	static
../Core/Src/stm32g0xx_it.c:194:6:DMA1_Channel1_IRQHandler	8	static
../Core/Src/stm32g0xx_it.c:208:6:DMA1_Channel2_3_IRQHandler	8	static
../Core/Src/stm32g0xx_it.c:222:6:DMA1_Ch4_7_DMA2_Ch1_5_DMAMUX1_OVR_IRQHandler	8	static
../Core/Src/stm32g0xx_it.c:236:6:ADC1_COMP_IRQHandler	8	static
../Core/Src/stm32g0xx_it.c:250:6:TIM3_TIM4_IRQHandler	8	static
../Core/Src/stm32g0xx_it.c:269:6:TIM6_DAC_LPTIM1_IRQHandler	8	static
../Core/Src/stm32g0xx_it.c:284:6:TIM7_LPTIM2_IRQHandler	8	static
../Core/Src/stm32g0xx_it.c:298:6:TIM14_IRQHandler	8	static
../Core/Src/stm32g0xx_it.c:312:6:USART3_4_5_6_LPUART1_IRQHandler	8	static
