../app/max7219.c:298:17:getSymbol	0	static
../app/max7219.c:303:17:lcdPow10	0	static
../app/max7219.c:70:6:max7219_SendData	32	static
../app/max7219.c:45:6:max7219_SetIntensivity	8	static
../app/max7219.c:55:6:max7219_Clean	16	static
../app/max7219.c:78:6:max7219_Turn_On	8	static
../app/max7219.c:37:6:max7219_Init	8	static
../app/max7219.c:83:6:max7219_Turn_Off	8	static
../app/max7219.c:88:6:max7219_Decode_On	8	static
../app/max7219.c:94:6:max7219_Decode_Off	8	static
../app/max7219.c:100:6:max7219_PrintDigit	8	static
../app/max7219.c:131:16:max7219_PrintItos	32	static
../app/max7219.c:201:16:max7219_PrintNtos	16	static
../app/max7219.c:226:16:max7219_PrintFtos	32	static
../app/max7219.c:260:6:max7219_BlinkDigit	16	static
