Archive member included to satisfy reference by file (symbol)

C:/ST/STM32CubeIDE_1.14.0/STM32CubeIDE/plugins/com.st.stm32cube.ide.mcu.externaltools.gnu-tools-for-stm32.11.3.rel1.win32_1.1.100.202309141235/tools/bin/../lib/gcc/arm-none-eabi/11.3.1/../../../../arm-none-eabi/lib/thumb/v6-m/nofp\libc_nano.a(libc_a-exit.o)
                              C:/ST/STM32CubeIDE_1.14.0/STM32CubeIDE/plugins/com.st.stm32cube.ide.mcu.externaltools.gnu-tools-for-stm32.11.3.rel1.win32_1.1.100.202309141235/tools/bin/../lib/gcc/arm-none-eabi/11.3.1/../../../../arm-none-eabi/lib/thumb/v6-m/nofp/crt0.o (exit)
C:/ST/STM32CubeIDE_1.14.0/STM32CubeIDE/plugins/com.st.stm32cube.ide.mcu.externaltools.gnu-tools-for-stm32.11.3.rel1.win32_1.1.100.202309141235/tools/bin/../lib/gcc/arm-none-eabi/11.3.1/../../../../arm-none-eabi/lib/thumb/v6-m/nofp\libc_nano.a(libc_a-findfp.o)
                              C:/ST/STM32CubeIDE_1.14.0/STM32CubeIDE/plugins/com.st.stm32cube.ide.mcu.externaltools.gnu-tools-for-stm32.11.3.rel1.win32_1.1.100.202309141235/tools/bin/../lib/gcc/arm-none-eabi/11.3.1/../../../../arm-none-eabi/lib/thumb/v6-m/nofp\libc_nano.a(libc_a-exit.o) (__stdio_exit_handler)
C:/ST/STM32CubeIDE_1.14.0/STM32CubeIDE/plugins/com.st.stm32cube.ide.mcu.externaltools.gnu-tools-for-stm32.11.3.rel1.win32_1.1.100.202309141235/tools/bin/../lib/gcc/arm-none-eabi/11.3.1/../../../../arm-none-eabi/lib/thumb/v6-m/nofp\libc_nano.a(libc_a-fwalk.o)
                              C:/ST/STM32CubeIDE_1.14.0/STM32CubeIDE/plugins/com.st.stm32cube.ide.mcu.externaltools.gnu-tools-for-stm32.11.3.rel1.win32_1.1.100.202309141235/tools/bin/../lib/gcc/arm-none-eabi/11.3.1/../../../../arm-none-eabi/lib/thumb/v6-m/nofp\libc_nano.a(libc_a-findfp.o) (_fwalk_sglue)
C:/ST/STM32CubeIDE_1.14.0/STM32CubeIDE/plugins/com.st.stm32cube.ide.mcu.externaltools.gnu-tools-for-stm32.11.3.rel1.win32_1.1.100.202309141235/tools/bin/../lib/gcc/arm-none-eabi/11.3.1/../../../../arm-none-eabi/lib/thumb/v6-m/nofp\libc_nano.a(libc_a-stdio.o)
                              C:/ST/STM32CubeIDE_1.14.0/STM32CubeIDE/plugins/com.st.stm32cube.ide.mcu.externaltools.gnu-tools-for-stm32.11.3.rel1.win32_1.1.100.202309141235/tools/bin/../lib/gcc/arm-none-eabi/11.3.1/../../../../arm-none-eabi/lib/thumb/v6-m/nofp\libc_nano.a(libc_a-findfp.o) (__sread)
C:/ST/STM32CubeIDE_1.14.0/STM32CubeIDE/plugins/com.st.stm32cube.ide.mcu.externaltools.gnu-tools-for-stm32.11.3.rel1.win32_1.1.100.202309141235/tools/bin/../lib/gcc/arm-none-eabi/11.3.1/../../../../arm-none-eabi/lib/thumb/v6-m/nofp\libc_nano.a(libc_a-memset.o)
                              C:/ST/STM32CubeIDE_1.14.0/STM32CubeIDE/plugins/com.st.stm32cube.ide.mcu.externaltools.gnu-tools-for-stm32.11.3.rel1.win32_1.1.100.202309141235/tools/bin/../lib/gcc/arm-none-eabi/11.3.1/../../../../arm-none-eabi/lib/thumb/v6-m/nofp/crt0.o (memset)
C:/ST/STM32CubeIDE_1.14.0/STM32CubeIDE/plugins/com.st.stm32cube.ide.mcu.externaltools.gnu-tools-for-stm32.11.3.rel1.win32_1.1.100.202309141235/tools/bin/../lib/gcc/arm-none-eabi/11.3.1/../../../../arm-none-eabi/lib/thumb/v6-m/nofp\libc_nano.a(libc_a-closer.o)
                              C:/ST/STM32CubeIDE_1.14.0/STM32CubeIDE/plugins/com.st.stm32cube.ide.mcu.externaltools.gnu-tools-for-stm32.11.3.rel1.win32_1.1.100.202309141235/tools/bin/../lib/gcc/arm-none-eabi/11.3.1/../../../../arm-none-eabi/lib/thumb/v6-m/nofp\libc_nano.a(libc_a-stdio.o) (_close_r)
C:/ST/STM32CubeIDE_1.14.0/STM32CubeIDE/plugins/com.st.stm32cube.ide.mcu.externaltools.gnu-tools-for-stm32.11.3.rel1.win32_1.1.100.202309141235/tools/bin/../lib/gcc/arm-none-eabi/11.3.1/../../../../arm-none-eabi/lib/thumb/v6-m/nofp\libc_nano.a(libc_a-reent.o)
                              C:/ST/STM32CubeIDE_1.14.0/STM32CubeIDE/plugins/com.st.stm32cube.ide.mcu.externaltools.gnu-tools-for-stm32.11.3.rel1.win32_1.1.100.202309141235/tools/bin/../lib/gcc/arm-none-eabi/11.3.1/../../../../arm-none-eabi/lib/thumb/v6-m/nofp\libc_nano.a(libc_a-closer.o) (errno)
C:/ST/STM32CubeIDE_1.14.0/STM32CubeIDE/plugins/com.st.stm32cube.ide.mcu.externaltools.gnu-tools-for-stm32.11.3.rel1.win32_1.1.100.202309141235/tools/bin/../lib/gcc/arm-none-eabi/11.3.1/../../../../arm-none-eabi/lib/thumb/v6-m/nofp\libc_nano.a(libc_a-impure.o)
                              C:/ST/STM32CubeIDE_1.14.0/STM32CubeIDE/plugins/com.st.stm32cube.ide.mcu.externaltools.gnu-tools-for-stm32.11.3.rel1.win32_1.1.100.202309141235/tools/bin/../lib/gcc/arm-none-eabi/11.3.1/../../../../arm-none-eabi/lib/thumb/v6-m/nofp\libc_nano.a(libc_a-reent.o) (_impure_ptr)
C:/ST/STM32CubeIDE_1.14.0/STM32CubeIDE/plugins/com.st.stm32cube.ide.mcu.externaltools.gnu-tools-for-stm32.11.3.rel1.win32_1.1.100.202309141235/tools/bin/../lib/gcc/arm-none-eabi/11.3.1/../../../../arm-none-eabi/lib/thumb/v6-m/nofp\libc_nano.a(libc_a-lseekr.o)
[...]
Memory Configuration

Name             Origin             Length             Attributes
RAM              0x0000000020000000 0x0000000000024000 xrw
FLASH            0x0000000008000000 0x0000000000080000 xr
*default*        0x0000000000000000 0xffffffffffffffff

Linker script and memory map

LOAD C:/ST/STM32CubeIDE_1.14.0/STM32CubeIDE/plugins/com.st.stm32cube.ide.mcu.externaltools.gnu-tools-for-stm32.11.3.rel1.win32_1.1.100.202309141235/tools/bin/../lib/gcc/arm-none-eabi/11.3.1/thumb/v6-m/nofp/crti.o
LOAD C:/ST/STM32CubeIDE_1.14.0/STM32CubeIDE/plugins/com.st.stm32cube.ide.mcu.externaltools.gnu-tools-for-stm32.11.3.rel1.win32_1.1.100.202309141235/tools/bin/../lib/gcc/arm-none-eabi/11.3.1/thumb/v6-m/nofp/crtbegin.o
LOAD C:/ST/STM32CubeIDE_1.14.0/STM32CubeIDE/plugins/com.st.stm32cube.ide.mcu.externaltools.gnu-tools-for-stm32.11.3.rel1.win32_1.1.100.202309141235/tools/bin/../lib/gcc/arm-none-eabi/11.3.1/../../../../arm-none-eabi/lib/thumb/v6-m/nofp/crt0.o
LOAD ./Core/Src/main.o
LOAD ./Core/Src/stm32g0xx_hal_msp.o
LOAD ./Core/Src/stm32g0xx_hal_timebase_tim.o
LOAD ./Core/Src/stm32g0xx_it.o
LOAD ./Core/Src/syscalls.o
LOAD ./Core/Src/sysmem.o
LOAD ./Core/Src/system_stm32g0xx.o
LOAD ./Core/Startup/startup_stm32g0b1retx.o
LOAD ./Drivers/STM32G0xx_HAL_Driver/Src/stm32g0xx_hal.o
LOAD ./Drivers/STM32G0xx_HAL_Driver/Src/stm32g0xx_hal_cortex.o
LOAD ./Drivers/STM32G0xx_HAL_Driver/Src/stm32g0xx_hal_dma.o
LOAD ./Drivers/STM32G0xx_HAL_Driver/Src/stm32g0xx_hal_dma_ex.o
LOAD ./Drivers/STM32G0xx_HAL_Driver/Src/stm32g0xx_hal_exti.o
LOAD ./Drivers/STM32G0xx_HAL_Driver/Src/stm32g0xx_hal_flash.o
LOAD ./Drivers/STM32G0xx_HAL_Driver/Src/stm32g0xx_hal_flash_ex.o
LOAD ./Drivers/STM32G0xx_HAL_Driver/Src/stm32g0xx_hal_gpio.o
LOAD ./Drivers/STM32G0xx_HAL_Driver/Src/stm32g0xx_hal_pwr.o
LOAD ./Drivers/STM32G0xx_HAL_Driver/Src/stm32g0xx_hal_pwr_ex.o
LOAD ./Drivers/STM32G0xx_HAL_Driver/Src/stm32g0xx_hal_rcc.o
LOAD ./Drivers/STM32G0xx_HAL_Driver/Src/stm32g0xx_hal_rcc_ex.o
LOAD ./Drivers/STM32G0xx_HAL_Driver/Src/stm32g0xx_hal_spi.o
LOAD ./Drivers/STM32G0xx_HAL_Driver/Src/stm32g0xx_hal_spi_ex.o
LOAD ./Drivers/STM32G0xx_HAL_Driver/Src/stm32g0xx_hal_tim.o
LOAD ./Drivers/STM32G0xx_HAL_Driver/Src/stm32g0xx_hal_tim_ex.o
LOAD ./Drivers/STM32G0xx_HAL_Driver/Src/stm32g0xx_ll_crs.o
LOAD ./Drivers/STM32G0xx_HAL_Driver/Src/stm32g0xx_ll_dma.o
LOAD ./Drivers/STM32G0xx_HAL_Driver/Src/stm32g0xx_ll_exti.o
LOAD ./Drivers/STM32G0xx_HAL_Driver/Src/stm32g0xx_ll_gpio.o
LOAD ./Drivers/STM32G0xx_HAL_Driver/Src/stm32g0xx_ll_rcc.o
LOAD ./Drivers/STM32G0xx_HAL_Driver/Src/stm32g0xx_ll_tim.o
LOAD ./Drivers/STM32G0xx_HAL_Driver/Src/stm32g0xx_ll_utils.o
LOAD ./app/app_encoder.o
LOAD ./app/max7219.o
START GROUP
LOAD C:/ST/STM32CubeIDE_1.14.0/STM32CubeIDE/plugins/com.st.stm32cube.ide.mcu.externaltools.gnu-tools-for-stm32.11.3.rel1.win32_1.1.100.202309141235/tools/bin/../lib/gcc/arm-none-eabi/11.3.1/../../../../arm-none-eabi/lib/thumb/v6-m/nofp\libc_nano.a
LOAD C:/ST/STM32CubeIDE_1.14.0/STM32CubeIDE/plugins/com.st.stm32cube.ide.mcu.externaltools.gnu-tools-for-stm32.11.3.rel1.win32_1.1.100.202309141235/tools/bin/../lib/gcc/arm-none-eabi/11.3.1/../../../../arm-none-eabi/lib/thumb/v6-m/nofp\libm.a
END GROUP
START GROUP
LOAD C:/ST/STM32CubeIDE_1.14.0/STM32CubeIDE/plugins/com.st.stm32cube.ide.mcu.externaltools.gnu-tools-for-stm32.11.3.rel1.win32_1.1.100.202309141235/tools/bin/../lib/gcc/arm-none-eabi/11.3.1/thumb/v6-m/nofp\libgcc.a
LOAD C:/ST/STM32CubeIDE_1.14.0/STM32CubeIDE/plugins/com.st.stm32cube.ide.mcu.externaltools.gnu-tools-for-stm32.11.3.rel1.win32_1.1.100.202309141235/tools/bin/../lib/gcc/arm-none-eabi/11.3.1/../../../../arm-none-eabi/lib/thumb/v6-m/nofp\libc_nano.a
END GROUP
START GROUP
LOAD C:/ST/STM32CubeIDE_1.14.0/STM32CubeIDE/plugins/com.st.stm32cube.ide.mcu.externaltools.gnu-tools-for-stm32.11.3.rel1.win32_1.1.100.202309141235/tools/bin/../lib/gcc/arm-none-eabi/11.3.1/thumb/v6-m/nofp\libgcc.a
LOAD C:/ST/STM32CubeIDE_1.14.0/STM32CubeIDE/plugins/com.st.stm32cube.ide.mcu.externaltools.gnu-tools-for-stm32.11.3.rel1.win32_1.1.100.202309141235/tools/bin/../lib/gcc/arm-none-eabi/11.3.1/../../../../arm-none-eabi/lib/thumb/v6-m/nofp\libc_nano.a
LOAD C:/ST/STM32CubeIDE_1.14.0/STM32CubeIDE/plugins/com.st.stm32cube.ide.mcu.externaltools.gnu-tools-for-stm32.11.3.rel1.win32_1.1.100.202309141235/tools/bin/../lib/gcc/arm-none-eabi/11.3.1/../../../../arm-none-eabi/lib/thumb/v6-m/nofp\libnosys.a
END GROUP
START GROUP
LOAD C:/ST/STM32CubeIDE_1.14.0/STM32CubeIDE/plugins/com.st.stm32cube.ide.mcu.externaltools.gnu-tools-for-stm32.11.3.rel1.win32_1.1.100.202309141235/tools/bin/../lib/gcc/arm-none-eabi/11.3.1/thumb/v6-m/nofp\libgcc.a
LOAD C:/ST/STM32CubeIDE_1.14.0/STM32CubeIDE/plugins/com.st.stm32cube.ide.mcu.externaltools.gnu-tools-for-stm32.11.3.rel1.win32_1.1.100.202309141235/tools/bin/../lib/gcc/arm-none-eabi/11.3.1/../../../../arm-none-eabi/lib/thumb/v6-m/nofp\libc_nano.a
LOAD C:/ST/STM32CubeIDE_1.14.0/STM32CubeIDE/plugins/com.st.stm32cube.ide.mcu.externaltools.gnu-tools-for-stm32.11.3.rel1.win32_1.1.100.202309141235/tools/bin/../lib/gcc/arm-none-eabi/11.3.1/../../../../arm-none-eabi/lib/thumb/v6-m/nofp\libnosys.a
END GROUP
LOAD C:/ST/STM32CubeIDE_1.14.0/STM32CubeIDE/plugins/com.st.stm32cube.ide.mcu.externaltools.gnu-tools-for-stm32.11.3.rel1.win32_1.1.100.202309141235/tools/bin/../lib/gcc/arm-none-eabi/11.3.1/thumb/v6-m/nofp/crtend.o
LOAD C:/ST/STM32CubeIDE_1.14.0/STM32CubeIDE/plugins/com.st.stm32cube.ide.mcu.externaltools.gnu-tools-for-stm32.11.3.rel1.win32_1.1.100.202309141235/tools/bin/../lib/gcc/arm-none-eabi/11.3.1/thumb/v6-m/nofp/crtn.o
                0x0000000020024000                _estack = (ORIGIN (RAM) + LENGTH (RAM))
                0x0000000000000200                _Min_Heap_Size = 0x200
                0x0000000000000400                _Min_Stack_Size = 0x400

.isr_vector     0x0000000008000000       0xbc
                0x0000000008000000                . = ALIGN (0x4)
 *(.isr_vector)
 .isr_vector    0x0000000008000000       0xbc ./Core/Startup/startup_stm32g0b1retx.o
                0x0000000008000000                g_pfnVectors
                0x00000000080000bc                . = ALIGN (0x4)

.text           0x00000000080000bc     0x2124
                0x00000000080000bc                . = ALIGN (0x4)
 *(.text)
 .text          0x00000000080000bc       0x48 C:/ST/STM32CubeIDE_1.14.0/STM32CubeIDE/plugins/com.st.stm32cube.ide.mcu.externaltools.gnu-tools-for-stm32.11.3.rel1.win32_1.1.100.202309141235/tools/bin/../lib/gcc/arm-none-eabi/11.3.1/thumb/v6-m/nofp/crtbegin.o
 .text          0x0000000008000104      0x114 C:/ST/STM32CubeIDE_1.14.0/STM32CubeIDE/plugins/com.st.stm32cube.ide.mcu.externaltools.gnu-tools-for-stm32.11.3.rel1.win32_1.1.100.202309141235/tools/bin/../lib/gcc/arm-none-eabi/11.3.1/thumb/v6-m/nofp\libgcc.a(_udivsi3.o)
                0x0000000008000104                __aeabi_uidiv
                0x0000000008000104                __udivsi3
                0x0000000008000210                __aeabi_uidivmod
 .text          0x0000000008000218        0x4 C:/ST/STM32CubeIDE_1.14.0/STM32CubeIDE/plugins/com.st.stm32cube.ide.mcu.externaltools.gnu-tools-for-stm32.11.3.rel1.win32_1.1.100.202309141235/tools/bin/../lib/gcc/arm-none-eabi/11.3.1/thumb/v6-m/nofp\libgcc.a(_dvmd_tls.o)
                0x0000000008000218                __aeabi_idiv0
                0x0000000008000218                __aeabi_ldiv0
 *(.text*)
 .text.MX_GPIO_Init
                0x000000000800021c       0xf4 ./Core/Src/main.o
 .text.MX_TIM7_Init
                0x0000000008000310       0x7c ./Core/Src/main.o
 .text.HAL_TIM_PeriodElapsedCallback
                0x000000000800038c       0x18 ./Core/Src/main.o
                0x000000000800038c                HAL_TIM_PeriodElapsedCallback
 .text.Error_Handler
                0x00000000080003a4        0x4 ./Core/Src/main.o
                0x00000000080003a4                Error_Handler
 .text.MX_TIM2_Init
                0x00000000080003a8       0x70 ./Core/Src/main.o
 .text.MX_SPI1_Init
                0x0000000008000418       0x50 ./Core/Src/main.o
 .text.MX_TIM4_Init
                0x0000000008000468       0x7c ./Core/Src/main.o
 .text.SystemClock_Config
                0x00000000080004e4       0x7e ./Core/Src/main.o
                0x00000000080004e4                SystemClock_Config
 *fill*         0x0000000008000562        0x2 
 .text.main     0x0000000008000564       0x34 ./Core/Src/main.o
                0x0000000008000564                main
 .text.HAL_MspInit
                0x0000000008000598       0x38 ./Core/Src/stm32g0xx_hal_msp.o
                0x0000000008000598                HAL_MspInit
 .text.HAL_SPI_MspInit
                0x00000000080005d0       0x88 ./Core/Src/stm32g0xx_hal_msp.o
                0x00000000080005d0                HAL_SPI_MspInit
 .text.HAL_TIM_Encoder_MspInit
                0x0000000008000658       0x58 ./Core/Src/stm32g0xx_hal_msp.o
                0x0000000008000658                HAL_TIM_Encoder_MspInit
 .text.HAL_TIM_Base_MspInit
                0x00000000080006b0       0x3c ./Core/Src/stm32g0xx_hal_msp.o
                0x00000000080006b0                HAL_TIM_Base_MspInit
 .text.HAL_InitTick
                0x00000000080006ec       0xa0 ./Core/Src/stm32g0xx_hal_timebase_tim.o
                0x00000000080006ec                HAL_InitTick
 .text.NMI_Handler
                0x000000000800078c        0x2 ./Core/Src/stm32g0xx_it.o
                0x000000000800078c                NMI_Handler
 .text.HardFault_Handler
                0x000000000800078e        0x2 ./Core/Src/stm32g0xx_it.o
                0x000000000800078e                HardFault_Handler
 .text.SVC_Handler
                0x0000000008000790        0x2 ./Core/Src/stm32g0xx_it.o
                0x0000000008000790                SVC_Handler
 .text.PendSV_Handler
                0x0000000008000792        0x2 ./Core/Src/stm32g0xx_it.o
                0x0000000008000792                PendSV_Handler
 .text.SysTick_Handler
                0x0000000008000794        0x2 ./Core/Src/stm32g0xx_it.o
                0x0000000008000794                SysTick_Handler
 .text.EXTI2_3_IRQHandler
                0x0000000008000796        0xe ./Core/Src/stm32g0xx_it.o
                0x0000000008000796                EXTI2_3_IRQHandler
 .text.TIM3_TIM4_IRQHandler
                0x00000000080007a4       0x10 ./Core/Src/stm32g0xx_it.o
                0x00000000080007a4                TIM3_TIM4_IRQHandler
 .text.TIM6_DAC_LPTIM1_IRQHandler
                0x00000000080007b4       0x10 ./Core/Src/stm32g0xx_it.o
                0x00000000080007b4                TIM6_DAC_LPTIM1_IRQHandler
 .text.TIM7_LPTIM2_IRQHandler
                0x00000000080007c4        0x8 ./Core/Src/stm32g0xx_it.o
                0x00000000080007c4                TIM7_LPTIM2_IRQHandler
 .text.SystemInit
                0x00000000080007cc        0x2 ./Core/Src/system_stm32g0xx.o
                0x00000000080007cc                SystemInit
 *fill*         0x00000000080007ce        0x2 
 .text.Reset_Handler
                0x00000000080007d0       0x50 ./Core/Startup/startup_stm32g0b1retx.o
                0x00000000080007d0                Reset_Handler
 .text.Default_Handler
                0x0000000008000820        0x2 ./Core/Startup/startup_stm32g0b1retx.o
                0x0000000008000820                I2C2_3_IRQHandler
                0x0000000008000820                USART3_4_5_6_LPUART1_IRQHandler
                0x0000000008000820                TIM1_CC_IRQHandler
                0x0000000008000820                ADC1_COMP_IRQHandler
                0x0000000008000820                I2C1_IRQHandler
                0x0000000008000820                TIM17_FDCAN_IT1_IRQHandler
                0x0000000008000820                DMA1_Ch4_7_DMA2_Ch1_5_DMAMUX1_OVR_IRQHandler
                0x0000000008000820                RCC_CRS_IRQHandler
                0x0000000008000820                RTC_TAMP_IRQHandler
                0x0000000008000820                SPI1_IRQHandler
                0x0000000008000820                USB_UCPD1_2_IRQHandler
                0x0000000008000820                USART2_LPUART2_IRQHandler
                0x0000000008000820                PVD_VDDIO2_IRQHandler
                0x0000000008000820                EXTI4_15_IRQHandler
                0x0000000008000820                DMA1_Channel1_IRQHandler
                0x0000000008000820                Default_Handler
                0x0000000008000820                CEC_IRQHandler
                0x0000000008000820                TIM14_IRQHandler
                0x0000000008000820                TIM15_IRQHandler
                0x0000000008000820                EXTI0_1_IRQHandler
                0x0000000008000820                SPI2_3_IRQHandler
                0x0000000008000820                WWDG_IRQHandler
                0x0000000008000820                TIM2_IRQHandler
                0x0000000008000820                DMA1_Channel2_3_IRQHandler
                0x0000000008000820                FLASH_IRQHandler
                0x0000000008000820                USART1_IRQHandler
                0x0000000008000820                TIM16_FDCAN_IT0_IRQHandler
                0x0000000008000820                TIM1_BRK_UP_TRG_COM_IRQHandler
 *fill*         0x0000000008000822        0x2 
 .text.HAL_Init
                0x0000000008000824       0x28 ./Drivers/STM32G0xx_HAL_Driver/Src/stm32g0xx_hal.o
                0x0000000008000824                HAL_Init
 .text.HAL_IncTick
                0x000000000800084c       0x18 ./Drivers/STM32G0xx_HAL_Driver/Src/stm32g0xx_hal.o
                0x000000000800084c                HAL_IncTick
 .text.HAL_GetTick
                0x0000000008000864        0xc ./Drivers/STM32G0xx_HAL_Driver/Src/stm32g0xx_hal.o
                0x0000000008000864                HAL_GetTick
 .text.HAL_SYSCFG_StrobeDBattpinsConfig
                0x0000000008000870       0x18 ./Drivers/STM32G0xx_HAL_Driver/Src/stm32g0xx_hal.o
                0x0000000008000870                HAL_SYSCFG_StrobeDBattpinsConfig
 .text.HAL_NVIC_SetPriority
                0x0000000008000888       0x60 ./Drivers/STM32G0xx_HAL_Driver/Src/stm32g0xx_hal_cortex.o
                0x0000000008000888                HAL_NVIC_SetPriority
 .text.HAL_NVIC_EnableIRQ
                0x00000000080008e8       0x18 ./Drivers/STM32G0xx_HAL_Driver/Src/stm32g0xx_hal_cortex.o
                0x00000000080008e8                HAL_NVIC_EnableIRQ
 .text.HAL_GPIO_Init
                0x0000000008000900      0x180 ./Drivers/STM32G0xx_HAL_Driver/Src/stm32g0xx_hal_gpio.o
                0x0000000008000900                HAL_GPIO_Init
 .text.HAL_GPIO_WritePin
                0x0000000008000a80        0xc ./Drivers/STM32G0xx_HAL_Driver/Src/stm32g0xx_hal_gpio.o
                0x0000000008000a80                HAL_GPIO_WritePin
 .text.HAL_GPIO_TogglePin
                0x0000000008000a8c       0x10 ./Drivers/STM32G0xx_HAL_Driver/Src/stm32g0xx_hal_gpio.o
                0x0000000008000a8c                HAL_GPIO_TogglePin
 .text.HAL_GPIO_EXTI_Rising_Callback
                0x0000000008000a9c        0x2 ./Drivers/STM32G0xx_HAL_Driver/Src/stm32g0xx_hal_gpio.o
                0x0000000008000a9c                HAL_GPIO_EXTI_Rising_Callback
 .text.HAL_GPIO_EXTI_Falling_Callback
                0x0000000008000a9e        0x2 ./Drivers/STM32G0xx_HAL_Driver/Src/stm32g0xx_hal_gpio.o
                0x0000000008000a9e                HAL_GPIO_EXTI_Falling_Callback
 .text.HAL_GPIO_EXTI_IRQHandler
                0x0000000008000aa0       0x30 ./Drivers/STM32G0xx_HAL_Driver/Src/stm32g0xx_hal_gpio.o
                0x0000000008000aa0                HAL_GPIO_EXTI_IRQHandler
 .text.HAL_PWREx_ControlVoltageScaling
                0x0000000008000ad0       0x54 ./Drivers/STM32G0xx_HAL_Driver/Src/stm32g0xx_hal_pwr_ex.o
                0x0000000008000ad0                HAL_PWREx_ControlVoltageScaling
 .text.HAL_RCC_OscConfig
                0x0000000008000b24      0x518 ./Drivers/STM32G0xx_HAL_Driver/Src/stm32g0xx_hal_rcc.o
                0x0000000008000b24                HAL_RCC_OscConfig
 .text.HAL_RCC_GetSysClockFreq
                0x000000000800103c       0xb8 ./Drivers/STM32G0xx_HAL_Driver/Src/stm32g0xx_hal_rcc.o
                0x000000000800103c                HAL_RCC_GetSysClockFreq
 .text.HAL_RCC_ClockConfig
                0x00000000080010f4      0x18c ./Drivers/STM32G0xx_HAL_Driver/Src/stm32g0xx_hal_rcc.o
                0x00000000080010f4                HAL_RCC_ClockConfig
 .text.HAL_RCC_GetHCLKFreq
                0x0000000008001280        0xc ./Drivers/STM32G0xx_HAL_Driver/Src/stm32g0xx_hal_rcc.o
                0x0000000008001280                HAL_RCC_GetHCLKFreq
 .text.HAL_RCC_GetPCLK1Freq
                0x000000000800128c       0x28 ./Drivers/STM32G0xx_HAL_Driver/Src/stm32g0xx_hal_rcc.o
                0x000000000800128c                HAL_RCC_GetPCLK1Freq
 .text.HAL_RCC_GetClockConfig
                0x00000000080012b4       0x34 ./Drivers/STM32G0xx_HAL_Driver/Src/stm32g0xx_hal_rcc.o
                0x00000000080012b4                HAL_RCC_GetClockConfig
 .text.SPI_WaitFlagStateUntilTimeout
                0x00000000080012e8       0xe8 ./Drivers/STM32G0xx_HAL_Driver/Src/stm32g0xx_hal_spi.o
 .text.SPI_WaitFifoStateUntilTimeout
                0x00000000080013d0      0x114 ./Drivers/STM32G0xx_HAL_Driver/Src/stm32g0xx_hal_spi.o
 .text.SPI_EndRxTxTransaction
                0x00000000080014e4       0x68 ./Drivers/STM32G0xx_HAL_Driver/Src/stm32g0xx_hal_spi.o
 .text.HAL_SPI_Init
                0x000000000800154c      0x104 ./Drivers/STM32G0xx_HAL_Driver/Src/stm32g0xx_hal_spi.o
                0x000000000800154c                HAL_SPI_Init
 .text.HAL_SPI_Transmit
                0x0000000008001650      0x1b6 ./Drivers/STM32G0xx_HAL_Driver/Src/stm32g0xx_hal_spi.o
                0x0000000008001650                HAL_SPI_Transmit
 .text.TIM_TI1_ConfigInputStage
                0x0000000008001806       0x22 ./Drivers/STM32G0xx_HAL_Driver/Src/stm32g0xx_hal_tim.o
 .text.TIM_TI2_ConfigInputStage
                0x0000000008001828       0x28 ./Drivers/STM32G0xx_HAL_Driver/Src/stm32g0xx_hal_tim.o
 .text.TIM_ITRx_SetConfig
                0x0000000008001850       0x14 ./Drivers/STM32G0xx_HAL_Driver/Src/stm32g0xx_hal_tim.o
 .text.HAL_TIM_Base_Start_IT
                0x0000000008001864       0x84 ./Drivers/STM32G0xx_HAL_Driver/Src/stm32g0xx_hal_tim.o
                0x0000000008001864                HAL_TIM_Base_Start_IT
 .text.HAL_TIM_OC_DelayElapsedCallback
                0x00000000080018e8        0x2 ./Drivers/STM32G0xx_HAL_Driver/Src/stm32g0xx_hal_tim.o
                0x00000000080018e8                HAL_TIM_OC_DelayElapsedCallback
 .text.HAL_TIM_IC_CaptureCallback
                0x00000000080018ea        0x2 ./Drivers/STM32G0xx_HAL_Driver/Src/stm32g0xx_hal_tim.o
                0x00000000080018ea                HAL_TIM_IC_CaptureCallback
 .text.HAL_TIM_PWM_PulseFinishedCallback
                0x00000000080018ec        0x2 ./Drivers/STM32G0xx_HAL_Driver/Src/stm32g0xx_hal_tim.o
                0x00000000080018ec                HAL_TIM_PWM_PulseFinishedCallback
 .text.HAL_TIM_TriggerCallback
                0x00000000080018ee        0x2 ./Drivers/STM32G0xx_HAL_Driver/Src/stm32g0xx_hal_tim.o
                0x00000000080018ee                HAL_TIM_TriggerCallback
 .text.HAL_TIM_IRQHandler
                0x00000000080018f0      0x160 ./Drivers/STM32G0xx_HAL_Driver/Src/stm32g0xx_hal_tim.o
                0x00000000080018f0                HAL_TIM_IRQHandler
 .text.TIM_Base_SetConfig
                0x0000000008001a50       0xc0 ./Drivers/STM32G0xx_HAL_Driver/Src/stm32g0xx_hal_tim.o
                0x0000000008001a50                TIM_Base_SetConfig
 .text.HAL_TIM_Base_Init
                0x0000000008001b10       0x60 ./Drivers/STM32G0xx_HAL_Driver/Src/stm32g0xx_hal_tim.o
                0x0000000008001b10                HAL_TIM_Base_Init
 .text.HAL_TIM_Encoder_Init
                0x0000000008001b70       0xbc ./Drivers/STM32G0xx_HAL_Driver/Src/stm32g0xx_hal_tim.o
                0x0000000008001b70                HAL_TIM_Encoder_Init
 .text.TIM_ETR_SetConfig
                0x0000000008001c2c       0x18 ./Drivers/STM32G0xx_HAL_Driver/Src/stm32g0xx_hal_tim.o
                0x0000000008001c2c                TIM_ETR_SetConfig
 .text.HAL_TIM_ConfigClockSource
                0x0000000008001c44      0x108 ./Drivers/STM32G0xx_HAL_Driver/Src/stm32g0xx_hal_tim.o
                0x0000000008001c44                HAL_TIM_ConfigClockSource
 .text.TIM_CCxChannelCmd
                0x0000000008001d4c       0x1a ./Drivers/STM32G0xx_HAL_Driver/Src/stm32g0xx_hal_tim.o
                0x0000000008001d4c                TIM_CCxChannelCmd
 .text.HAL_TIM_Encoder_Start
                0x0000000008001d66       0xc8 ./Drivers/STM32G0xx_HAL_Driver/Src/stm32g0xx_hal_tim.o
                0x0000000008001d66                HAL_TIM_Encoder_Start
 *fill*         0x0000000008001e2e        0x2 
 .text.HAL_TIMEx_MasterConfigSynchronization
                0x0000000008001e30       0x8c ./Drivers/STM32G0xx_HAL_Driver/Src/stm32g0xx_hal_tim_ex.o
                0x0000000008001e30                HAL_TIMEx_MasterConfigSynchronization
 .text.HAL_TIMEx_CommutCallback
                0x0000000008001ebc        0x2 ./Drivers/STM32G0xx_HAL_Driver/Src/stm32g0xx_hal_tim_ex.o
                0x0000000008001ebc                HAL_TIMEx_CommutCallback
 .text.HAL_TIMEx_BreakCallback
                0x0000000008001ebe        0x2 ./Drivers/STM32G0xx_HAL_Driver/Src/stm32g0xx_hal_tim_ex.o
                0x0000000008001ebe                HAL_TIMEx_BreakCallback
 .text.HAL_TIMEx_Break2Callback
                0x0000000008001ec0        0x2 ./Drivers/STM32G0xx_HAL_Driver/Src/stm32g0xx_hal_tim_ex.o
                0x0000000008001ec0                HAL_TIMEx_Break2Callback
 *fill*         0x0000000008001ec2        0x2 
 .text.LL_TIM_Init
                0x0000000008001ec4       0xb0 ./Drivers/STM32G0xx_HAL_Driver/Src/stm32g0xx_ll_tim.o
                0x0000000008001ec4                LL_TIM_Init
 .text.app_encoder_init
                0x0000000008001f74       0x4c ./app/app_encoder.o
                0x0000000008001f74                app_encoder_init
 .text.button_isr
                0x0000000008001fc0       0x48 ./app/app_encoder.o
                0x0000000008001fc0                button_isr
 .text.timer_delay
                0x0000000008002008       0x4c ./app/app_encoder.o
                0x0000000008002008                timer_delay
 .text.app_encoder_loop
                0x0000000008002054       0x24 ./app/app_encoder.o
                0x0000000008002054                app_encoder_loop
 .text.timer_delay_isr
                0x0000000008002078       0x1c ./app/app_encoder.o
                0x0000000008002078                timer_delay_isr
 .text.max7219_SendData
                0x0000000008002094       0x5c ./app/max7219.o
                0x0000000008002094                max7219_SendData
 .text.max7219_SetIntensivity
                0x00000000080020f0       0x12 ./app/max7219.o
                0x00000000080020f0                max7219_SetIntensivity
 *fill*         0x0000000008002102        0x2 
 .text.max7219_Clean
                0x0000000008002104       0x2c ./app/max7219.o
                0x0000000008002104                max7219_Clean
 .text.max7219_Turn_On
                0x0000000008002130        0xc ./app/max7219.o
                0x0000000008002130                max7219_Turn_On
 .text.max7219_Init
                0x000000000800213c       0x1c ./app/max7219.o
                0x000000000800213c                max7219_Init
 .text.max7219_Decode_On
                0x0000000008002158       0x18 ./app/max7219.o
                0x0000000008002158                max7219_Decode_On
 .text.memset   0x0000000008002170       0x10 C:/ST/STM32CubeIDE_1.14.0/STM32CubeIDE/plugins/com.st.stm32cube.ide.mcu.externaltools.gnu-tools-for-stm32.11.3.rel1.win32_1.1.100.202309141235/tools/bin/../lib/gcc/arm-none-eabi/11.3.1/../../../../arm-none-eabi/lib/thumb/v6-m/nofp\libc_nano.a(libc_a-memset.o)
                0x0000000008002170                memset
 .text.__libc_init_array
                0x0000000008002180       0x48 C:/ST/STM32CubeIDE_1.14.0/STM32CubeIDE/plugins/com.st.stm32cube.ide.mcu.externaltools.gnu-tools-for-stm32.11.3.rel1.win32_1.1.100.202309141235/tools/bin/../lib/gcc/arm-none-eabi/11.3.1/../../../../arm-none-eabi/lib/thumb/v6-m/nofp\libc_nano.a(libc_a-init.o)
                0x0000000008002180                __libc_init_array
 *(.glue_7)
 .glue_7        0x00000000080021c8        0x0 linker stubs
 *(.glue_7t)
 .glue_7t       0x00000000080021c8        0x0 linker stubs
 *(.eh_frame)
 .eh_frame      0x00000000080021c8        0x0 C:/ST/STM32CubeIDE_1.14.0/STM32CubeIDE/plugins/com.st.stm32cube.ide.mcu.externaltools.gnu-tools-for-stm32.11.3.rel1.win32_1.1.100.202309141235/tools/bin/../lib/gcc/arm-none-eabi/11.3.1/thumb/v6-m/nofp/crtbegin.o
 *(.init)
 .init          0x00000000080021c8        0x4 C:/ST/STM32CubeIDE_1.14.0/STM32CubeIDE/plugins/com.st.stm32cube.ide.mcu.externaltools.gnu-tools-for-stm32.11.3.rel1.win32_1.1.100.202309141235/tools/bin/../lib/gcc/arm-none-eabi/11.3.1/thumb/v6-m/nofp/crti.o
                0x00000000080021c8                _init
 .init          0x00000000080021cc        0x8 C:/ST/STM32CubeIDE_1.14.0/STM32CubeIDE/plugins/com.st.stm32cube.ide.mcu.externaltools.gnu-tools-for-stm32.11.3.rel1.win32_1.1.100.202309141235/tools/bin/../lib/gcc/arm-none-eabi/11.3.1/thumb/v6-m/nofp/crtn.o
 *(.fini)
 .fini          0x00000000080021d4        0x4 C:/ST/STM32CubeIDE_1.14.0/STM32CubeIDE/plugins/com.st.stm32cube.ide.mcu.externaltools.gnu-tools-for-stm32.11.3.rel1.win32_1.1.100.202309141235/tools/bin/../lib/gcc/arm-none-eabi/11.3.1/thumb/v6-m/nofp/crti.o
                0x00000000080021d4                _fini
 .fini          0x00000000080021d8        0x8 C:/ST/STM32CubeIDE_1.14.0/STM32CubeIDE/plugins/com.st.stm32cube.ide.mcu.externaltools.gnu-tools-for-stm32.11.3.rel1.win32_1.1.100.202309141235/tools/bin/../lib/gcc/arm-none-eabi/11.3.1/thumb/v6-m/nofp/crtn.o
                0x00000000080021e0                . = ALIGN (0x4)
                0x00000000080021e0                _etext = .

.vfp11_veneer   0x00000000080021e0        0x0
 .vfp11_veneer  0x00000000080021e0        0x0 linker stubs

.v4_bx          0x00000000080021e0        0x0
 .v4_bx         0x00000000080021e0        0x0 linker stubs

.iplt           0x00000000080021e0        0x0
 .iplt          0x00000000080021e0        0x0 C:/ST/STM32CubeIDE_1.14.0/STM32CubeIDE/plugins/com.st.stm32cube.ide.mcu.externaltools.gnu-tools-for-stm32.11.3.rel1.win32_1.1.100.202309141235/tools/bin/../lib/gcc/arm-none-eabi/11.3.1/thumb/v6-m/nofp/crtbegin.o

.rodata         0x00000000080021e0       0x60
                0x00000000080021e0                . = ALIGN (0x4)
 *(.rodata)
 *(.rodata*)
 .rodata.AHBPrescTable
                0x00000000080021e0       0x40 ./Core/Src/system_stm32g0xx.o
                0x00000000080021e0                AHBPrescTable
 .rodata.APBPrescTable
                0x0000000008002220       0x20 ./Core/Src/system_stm32g0xx.o
                0x0000000008002220                APBPrescTable
                0x0000000008002240                . = ALIGN (0x4)

.rel.dyn        0x0000000008002240        0x0
 .rel.iplt      0x0000000008002240        0x0 C:/ST/STM32CubeIDE_1.14.0/STM32CubeIDE/plugins/com.st.stm32cube.ide.mcu.externaltools.gnu-tools-for-stm32.11.3.rel1.win32_1.1.100.202309141235/tools/bin/../lib/gcc/arm-none-eabi/11.3.1/thumb/v6-m/nofp/crtbegin.o

.ARM.extab      0x0000000008002240        0x0
                0x0000000008002240                . = ALIGN (0x4)
 *(.ARM.extab* .gnu.linkonce.armextab.*)
                0x0000000008002240                . = ALIGN (0x4)

.ARM            0x0000000008002240        0x0
                0x0000000008002240                . = ALIGN (0x4)
                0x0000000008002240                __exidx_start = .
 *(.ARM.exidx*)
                0x0000000008002240                __exidx_end = .
                0x0000000008002240                . = ALIGN (0x4)

.preinit_array  0x0000000008002240        0x0
                0x0000000008002240                . = ALIGN (0x4)
                0x0000000008002240                PROVIDE (__preinit_array_start = .)
 *(.preinit_array*)
                0x0000000008002240                PROVIDE (__preinit_array_end = .)
                0x0000000008002240                . = ALIGN (0x4)

.init_array     0x0000000008002240        0x4
                0x0000000008002240                . = ALIGN (0x4)
                0x0000000008002240                PROVIDE (__init_array_start = .)
 *(SORT_BY_NAME(.init_array.*))
 *(.init_array*)
 .init_array    0x0000000008002240        0x4 C:/ST/STM32CubeIDE_1.14.0/STM32CubeIDE/plugins/com.st.stm32cube.ide.mcu.externaltools.gnu-tools-for-stm32.11.3.rel1.win32_1.1.100.202309141235/tools/bin/../lib/gcc/arm-none-eabi/11.3.1/thumb/v6-m/nofp/crtbegin.o
                0x0000000008002244                PROVIDE (__init_array_end = .)
                0x0000000008002244                . = ALIGN (0x4)

.fini_array     0x0000000008002244        0x4
                0x0000000008002244                . = ALIGN (0x4)
                [!provide]                        PROVIDE (__fini_array_start = .)
 *(SORT_BY_NAME(.fini_array.*))
 *(.fini_array*)
 .fini_array    0x0000000008002244        0x4 C:/ST/STM32CubeIDE_1.14.0/STM32CubeIDE/plugins/com.st.stm32cube.ide.mcu.externaltools.gnu-tools-for-stm32.11.3.rel1.win32_1.1.100.202309141235/tools/bin/../lib/gcc/arm-none-eabi/11.3.1/thumb/v6-m/nofp/crtbegin.o
                [!provide]                        PROVIDE (__fini_array_end = .)
                0x0000000008002248                . = ALIGN (0x4)
                0x0000000008002248                _sidata = LOADADDR (.data)

.data           0x0000000020000000       0x10 load address 0x0000000008002248
                0x0000000020000000                . = ALIGN (0x4)
                0x0000000020000000                _sdata = .
 *(.data)
 *(.data*)
 .data.SystemCoreClock
                0x0000000020000000        0x4 ./Core/Src/system_stm32g0xx.o
                0x0000000020000000                SystemCoreClock
 .data.uwTickFreq
                0x0000000020000004        0x1 ./Drivers/STM32G0xx_HAL_Driver/Src/stm32g0xx_hal.o
                0x0000000020000004                uwTickFreq
 *fill*         0x0000000020000005        0x3 
 .data.uwTickPrio
                0x0000000020000008        0x4 ./Drivers/STM32G0xx_HAL_Driver/Src/stm32g0xx_hal.o
                0x0000000020000008                uwTickPrio
 .data.encoderPress
                0x000000002000000c        0x4 ./app/app_encoder.o
                0x000000002000000c                encoderPress
 *(.RamFunc)
 *(.RamFunc*)
                0x0000000020000010                . = ALIGN (0x4)
                0x0000000020000010                _edata = .

.igot.plt       0x0000000020000010        0x0 load address 0x0000000008002258
 .igot.plt      0x0000000020000010        0x0 C:/ST/STM32CubeIDE_1.14.0/STM32CubeIDE/plugins/com.st.stm32cube.ide.mcu.externaltools.gnu-tools-for-stm32.11.3.rel1.win32_1.1.100.202309141235/tools/bin/../lib/gcc/arm-none-eabi/11.3.1/thumb/v6-m/nofp/crtbegin.o
                0x0000000020000010                . = ALIGN (0x4)

.bss            0x0000000020000010      0x178 load address 0x0000000008002258
                0x0000000020000010                _sbss = .
                0x0000000020000010                __bss_start__ = _sbss
 *(.bss)
 .bss           0x0000000020000010       0x1c C:/ST/STM32CubeIDE_1.14.0/STM32CubeIDE/plugins/com.st.stm32cube.ide.mcu.externaltools.gnu-tools-for-stm32.11.3.rel1.win32_1.1.100.202309141235/tools/bin/../lib/gcc/arm-none-eabi/11.3.1/thumb/v6-m/nofp/crtbegin.o
 *(.bss*)
 .bss.hspi1     0x000000002000002c       0x64 ./Core/Src/main.o
                0x000000002000002c                hspi1
 .bss.htim2     0x0000000020000090       0x4c ./Core/Src/main.o
                0x0000000020000090                htim2
 .bss.htim4     0x00000000200000dc       0x4c ./Core/Src/main.o
                0x00000000200000dc                htim4
 .bss.htim6     0x0000000020000128       0x4c ./Core/Src/stm32g0xx_hal_timebase_tim.o
                0x0000000020000128                htim6
 .bss.uwTick    0x0000000020000174        0x4 ./Drivers/STM32G0xx_HAL_Driver/Src/stm32g0xx_hal.o
                0x0000000020000174                uwTick
 .bss.arr       0x0000000020000178        0x4 ./app/app_encoder.o
                0x0000000020000178                arr
 .bss.cnt       0x000000002000017c        0x4 ./app/app_encoder.o
                0x000000002000017c                cnt
 .bss.g         0x0000000020000180        0x4 ./app/app_encoder.o
                0x0000000020000180                g
 .bss.decodeMode
                0x0000000020000184        0x1 ./app/max7219.o
 *(COMMON)
                0x0000000020000188                . = ALIGN (0x4)
 *fill*         0x0000000020000185        0x3 
                0x0000000020000188                _ebss = .
                0x0000000020000188                __bss_end__ = _ebss

._user_heap_stack
                0x0000000020000188      0x600 load address 0x0000000008002258
                0x0000000020000188                . = ALIGN (0x8)
                [!provide]                        PROVIDE (end = .)
                0x0000000020000188                PROVIDE (_end = .)
                0x0000000020000388                . = (. + _Min_Heap_Size)
 *fill*         0x0000000020000188      0x200 
                0x0000000020000788                . = (. + _Min_Stack_Size)
 *fill*         0x0000000020000388      0x400 
                0x0000000020000788                . = ALIGN (0x8)

/DISCARD/
 libc.a(*)
 libm.a(*)
 libgcc.a(*)

.ARM.attributes
                0x0000000000000000       0x28
 *(.ARM.attributes)
 .ARM.attributes
                0x0000000000000000       0x1e C:/ST/STM32CubeIDE_1.14.0/STM32CubeIDE/plugins/com.st.stm32cube.ide.mcu.externaltools.gnu-tools-for-stm32.11.3.rel1.win32_1.1.100.202309141235/tools/bin/../lib/gcc/arm-none-eabi/11.3.1/thumb/v6-m/nofp/crti.o
 .ARM.attributes
                0x000000000000001e       0x2c C:/ST/STM32CubeIDE_1.14.0/STM32CubeIDE/plugins/com.st.stm32cube.ide.mcu.externaltools.gnu-tools-for-stm32.11.3.rel1.win32_1.1.100.202309141235/tools/bin/../lib/gcc/arm-none-eabi/11.3.1/thumb/v6-m/nofp/crtbegin.o
 .ARM.attributes
                0x000000000000004a       0x2c ./Core/Src/main.o
 .ARM.attributes
                0x0000000000000076       0x2c ./Core/Src/stm32g0xx_hal_msp.o
 .ARM.attributes
                0x00000000000000a2       0x2c ./Core/Src/stm32g0xx_hal_timebase_tim.o
 .ARM.attributes
                0x00000000000000ce       0x2c ./Core/Src/stm32g0xx_it.o
 .ARM.attributes
                0x00000000000000fa       0x2c ./Core/Src/system_stm32g0xx.o
 .ARM.attributes
                0x0000000000000126       0x22 ./Core/Startup/startup_stm32g0b1retx.o
 .ARM.attributes
                0x0000000000000148       0x2c ./Drivers/STM32G0xx_HAL_Driver/Src/stm32g0xx_hal.o
 .ARM.attributes
                0x0000000000000174       0x2c ./Drivers/STM32G0xx_HAL_Driver/Src/stm32g0xx_hal_cortex.o
 .ARM.attributes
                0x00000000000001a0       0x2c ./Drivers/STM32G0xx_HAL_Driver/Src/stm32g0xx_hal_gpio.o
 .ARM.attributes
                0x00000000000001cc       0x2c ./Drivers/STM32G0xx_HAL_Driver/Src/stm32g0xx_hal_pwr_ex.o
 .ARM.attributes
                0x00000000000001f8       0x2c ./Drivers/STM32G0xx_HAL_Driver/Src/stm32g0xx_hal_rcc.o
 .ARM.attributes
                0x0000000000000224       0x2c ./Drivers/STM32G0xx_HAL_Driver/Src/stm32g0xx_hal_spi.o
 .ARM.attributes
                0x0000000000000250       0x2c ./Drivers/STM32G0xx_HAL_Driver/Src/stm32g0xx_hal_tim.o
 .ARM.attributes
                0x000000000000027c       0x2c ./Drivers/STM32G0xx_HAL_Driver/Src/stm32g0xx_hal_tim_ex.o
 .ARM.attributes
                0x00000000000002a8       0x2c ./Drivers/STM32G0xx_HAL_Driver/Src/stm32g0xx_ll_tim.o
 .ARM.attributes
                0x00000000000002d4       0x2c ./app/app_encoder.o
 .ARM.attributes
                0x0000000000000300       0x2c ./app/max7219.o
 .ARM.attributes
                0x000000000000032c       0x2c C:/ST/STM32CubeIDE_1.14.0/STM32CubeIDE/plugins/com.st.stm32cube.ide.mcu.externaltools.gnu-tools-for-stm32.11.3.rel1.win32_1.1.100.202309141235/tools/bin/../lib/gcc/arm-none-eabi/11.3.1/../../../../arm-none-eabi/lib/thumb/v6-m/nofp\libc_nano.a(libc_a-memset.o)
 .ARM.attributes
                0x0000000000000358       0x2c C:/ST/STM32CubeIDE_1.14.0/STM32CubeIDE/plugins/com.st.stm32cube.ide.mcu.externaltools.gnu-tools-for-stm32.11.3.rel1.win32_1.1.100.202309141235/tools/bin/../lib/gcc/arm-none-eabi/11.3.1/../../../../arm-none-eabi/lib/thumb/v6-m/nofp\libc_nano.a(libc_a-init.o)
 .ARM.attributes
                0x0000000000000384       0x1e C:/ST/STM32CubeIDE_1.14.0/STM32CubeIDE/plugins/com.st.stm32cube.ide.mcu.externaltools.gnu-tools-for-stm32.11.3.rel1.win32_1.1.100.202309141235/tools/bin/../lib/gcc/arm-none-eabi/11.3.1/thumb/v6-m/nofp\libgcc.a(_udivsi3.o)
 .ARM.attributes
                0x00000000000003a2       0x1e C:/ST/STM32CubeIDE_1.14.0/STM32CubeIDE/plugins/com.st.stm32cube.ide.mcu.externaltools.gnu-tools-for-stm32.11.3.rel1.win32_1.1.100.202309141235/tools/bin/../lib/gcc/arm-none-eabi/11.3.1/thumb/v6-m/nofp\libgcc.a(_dvmd_tls.o)
 .ARM.attributes
                0x00000000000003c0       0x1e C:/ST/STM32CubeIDE_1.14.0/STM32CubeIDE/plugins/com.st.stm32cube.ide.mcu.externaltools.gnu-tools-for-stm32.11.3.rel1.win32_1.1.100.202309141235/tools/bin/../lib/gcc/arm-none-eabi/11.3.1/thumb/v6-m/nofp/crtn.o
OUTPUT(STM32G0_encoder.elf elf32-littlearm)
LOAD linker stubs
LOAD C:/ST/STM32CubeIDE_1.14.0/STM32CubeIDE/plugins/com.st.stm32cube.ide.mcu.externaltools.gnu-tools-for-stm32.11.3.rel1.win32_1.1.100.202309141235/tools/bin/../lib/gcc/arm-none-eabi/11.3.1/../../../../arm-none-eabi/lib/thumb/v6-m/nofp\libc.a
LOAD C:/ST/STM32CubeIDE_1.14.0/STM32CubeIDE/plugins/com.st.stm32cube.ide.mcu.externaltools.gnu-tools-for-stm32.11.3.rel1.win32_1.1.100.202309141235/tools/bin/../lib/gcc/arm-none-eabi/11.3.1/../../../../arm-none-eabi/lib/thumb/v6-m/nofp\libm.a
LOAD C:/ST/STM32CubeIDE_1.14.0/STM32CubeIDE/plugins/com.st.stm32cube.ide.mcu.externaltools.gnu-tools-for-stm32.11.3.rel1.win32_1.1.100.202309141235/tools/bin/../lib/gcc/arm-none-eabi/11.3.1/thumb/v6-m/nofp\libgcc.a

.comment        0x0000000000000000       0x43
 .comment       0x0000000000000000       0x43 C:/ST/STM32CubeIDE_1.14.0/STM32CubeIDE/plugins/com.st.stm32cube.ide.mcu.externaltools.gnu-tools-for-stm32.11.3.rel1.win32_1.1.100.202309141235/tools/bin/../lib/gcc/arm-none-eabi/11.3.1/thumb/v6-m/nofp/crtbegin.o
                                         0x44 (size before relaxing)
 .comment       0x0000000000000043       0x44 ./Core/Src/main.o
 .comment       0x0000000000000043       0x44 ./Core/Src/stm32g0xx_hal_msp.o
 .comment       0x0000000000000043       0x44 ./Core/Src/stm32g0xx_hal_timebase_tim.o
 .comment       0x0000000000000043       0x44 ./Core/Src/stm32g0xx_it.o
 .comment       0x0000000000000043       0x44 ./Core/Src/system_stm32g0xx.o
 .comment       0x0000000000000043       0x44 ./Drivers/STM32G0xx_HAL_Driver/Src/stm32g0xx_hal.o
 .comment       0x0000000000000043       0x44 ./Drivers/STM32G0xx_HAL_Driver/Src/stm32g0xx_hal_cortex.o
 .comment       0x0000000000000043       0x44 ./Drivers/STM32G0xx_HAL_Driver/Src/stm32g0xx_hal_gpio.o
 .comment       0x0000000000000043       0x44 ./Drivers/STM32G0xx_HAL_Driver/Src/stm32g0xx_hal_pwr_ex.o
 .comment       0x0000000000000043       0x44 ./Drivers/STM32G0xx_HAL_Driver/Src/stm32g0xx_hal_rcc.o
 .comment       0x0000000000000043       0x44 ./Drivers/STM32G0xx_HAL_Driver/Src/stm32g0xx_hal_spi.o
 .comment       0x0000000000000043       0x44 ./Drivers/STM32G0xx_HAL_Driver/Src/stm32g0xx_hal_tim.o
 .comment       0x0000000000000043       0x44 ./Drivers/STM32G0xx_HAL_Driver/Src/stm32g0xx_hal_tim_ex.o
 .comment       0x0000000000000043       0x44 ./Drivers/STM32G0xx_HAL_Driver/Src/stm32g0xx_ll_tim.o
 .comment       0x0000000000000043       0x44 ./app/app_encoder.o
 .comment       0x0000000000000043       0x44 ./app/max7219.o

.debug_info     0x0000000000000000    0x12d4b
 .debug_info    0x0000000000000000     0x1cab ./Core/Src/main.o
 .debug_info    0x0000000000001cab     0x121a ./Core/Src/stm32g0xx_hal_msp.o
 .debug_info    0x0000000000002ec5      0xcae ./Core/Src/stm32g0xx_hal_timebase_tim.o
 .debug_info    0x0000000000003b73      0x96d ./Core/Src/stm32g0xx_it.o
 .debug_info    0x00000000000044e0      0x350 ./Core/Src/system_stm32g0xx.o
 .debug_info    0x0000000000004830       0x23 ./Core/Startup/startup_stm32g0b1retx.o
 .debug_info    0x0000000000004853      0xbbd ./Drivers/STM32G0xx_HAL_Driver/Src/stm32g0xx_hal.o
 .debug_info    0x0000000000005410      0xa05 ./Drivers/STM32G0xx_HAL_Driver/Src/stm32g0xx_hal_cortex.o
 .debug_info    0x0000000000005e15      0x62d ./Drivers/STM32G0xx_HAL_Driver/Src/stm32g0xx_hal_gpio.o
 .debug_info    0x0000000000006442      0x94f ./Drivers/STM32G0xx_HAL_Driver/Src/stm32g0xx_hal_pwr_ex.o
 .debug_info    0x0000000000006d91      0xe0e ./Drivers/STM32G0xx_HAL_Driver/Src/stm32g0xx_hal_rcc.o
 .debug_info    0x0000000000007b9f     0x21cc ./Drivers/STM32G0xx_HAL_Driver/Src/stm32g0xx_hal_spi.o
 .debug_info    0x0000000000009d6b     0x3e83 ./Drivers/STM32G0xx_HAL_Driver/Src/stm32g0xx_hal_tim.o
 .debug_info    0x000000000000dbee     0x1f42 ./Drivers/STM32G0xx_HAL_Driver/Src/stm32g0xx_hal_tim_ex.o
 .debug_info    0x000000000000fb30     0x1660 ./Drivers/STM32G0xx_HAL_Driver/Src/stm32g0xx_ll_tim.o
 .debug_info    0x0000000000011190      0x98b ./app/app_encoder.o
 .debug_info    0x0000000000011b1b     0x1230 ./app/max7219.o

.debug_abbrev   0x0000000000000000     0x2750
 .debug_abbrev  0x0000000000000000      0x3aa ./Core/Src/main.o
 .debug_abbrev  0x00000000000003aa      0x1fc ./Core/Src/stm32g0xx_hal_msp.o
 .debug_abbrev  0x00000000000005a6      0x270 ./Core/Src/stm32g0xx_hal_timebase_tim.o
 .debug_abbrev  0x0000000000000816      0x1ca ./Core/Src/stm32g0xx_it.o
 .debug_abbrev  0x00000000000009e0      0x148 ./Core/Src/system_stm32g0xx.o
 .debug_abbrev  0x0000000000000b28       0x12 ./Core/Startup/startup_stm32g0b1retx.o
 .debug_abbrev  0x0000000000000b3a      0x291 ./Drivers/STM32G0xx_HAL_Driver/Src/stm32g0xx_hal.o
 .debug_abbrev  0x0000000000000dcb      0x2cc ./Drivers/STM32G0xx_HAL_Driver/Src/stm32g0xx_hal_cortex.o
 .debug_abbrev  0x0000000000001097      0x20d ./Drivers/STM32G0xx_HAL_Driver/Src/stm32g0xx_hal_gpio.o
 .debug_abbrev  0x00000000000012a4      0x25b ./Drivers/STM32G0xx_HAL_Driver/Src/stm32g0xx_hal_pwr_ex.o
 .debug_abbrev  0x00000000000014ff      0x2d6 ./Drivers/STM32G0xx_HAL_Driver/Src/stm32g0xx_hal_rcc.o
 .debug_abbrev  0x00000000000017d5      0x2a6 ./Drivers/STM32G0xx_HAL_Driver/Src/stm32g0xx_hal_spi.o
 .debug_abbrev  0x0000000000001a7b      0x282 ./Drivers/STM32G0xx_HAL_Driver/Src/stm32g0xx_hal_tim.o
 .debug_abbrev  0x0000000000001cfd      0x295 ./Drivers/STM32G0xx_HAL_Driver/Src/stm32g0xx_hal_tim_ex.o
 .debug_abbrev  0x0000000000001f92      0x2c9 ./Drivers/STM32G0xx_HAL_Driver/Src/stm32g0xx_ll_tim.o
 .debug_abbrev  0x000000000000225b      0x210 ./app/app_encoder.o
 .debug_abbrev  0x000000000000246b      0x2e5 ./app/max7219.o

.debug_loclists
                0x0000000000000000     0x895b
 .debug_loclists
                0x0000000000000000       0xa1 ./Core/Src/main.o
 .debug_loclists
                0x00000000000000a1      0x101 ./Core/Src/stm32g0xx_hal_msp.o
 .debug_loclists
                0x00000000000001a2       0xad ./Core/Src/stm32g0xx_hal_timebase_tim.o
 .debug_loclists
                0x000000000000024f       0x6d ./Core/Src/system_stm32g0xx.o
 .debug_loclists
                0x00000000000002bc      0x125 ./Drivers/STM32G0xx_HAL_Driver/Src/stm32g0xx_hal.o
 .debug_loclists
                0x00000000000003e1      0x2b4 ./Drivers/STM32G0xx_HAL_Driver/Src/stm32g0xx_hal_cortex.o
 .debug_loclists
                0x0000000000000695      0x27b ./Drivers/STM32G0xx_HAL_Driver/Src/stm32g0xx_hal_gpio.o
 .debug_loclists
                0x0000000000000910      0x20e ./Drivers/STM32G0xx_HAL_Driver/Src/stm32g0xx_hal_pwr_ex.o
 .debug_loclists
                0x0000000000000b1e      0x515 ./Drivers/STM32G0xx_HAL_Driver/Src/stm32g0xx_hal_rcc.o
 .debug_loclists
                0x0000000000001033     0x15a4 ./Drivers/STM32G0xx_HAL_Driver/Src/stm32g0xx_hal_spi.o
 .debug_loclists
                0x00000000000025d7     0x3731 ./Drivers/STM32G0xx_HAL_Driver/Src/stm32g0xx_hal_tim.o
 .debug_loclists
                0x0000000000005d08     0x1a34 ./Drivers/STM32G0xx_HAL_Driver/Src/stm32g0xx_hal_tim_ex.o
 .debug_loclists
                0x000000000000773c      0xc4e ./Drivers/STM32G0xx_HAL_Driver/Src/stm32g0xx_ll_tim.o
 .debug_loclists
                0x000000000000838a      0x138 ./app/app_encoder.o
 .debug_loclists
                0x00000000000084c2      0x499 ./app/max7219.o

.debug_aranges  0x0000000000000000      0xe80
 .debug_aranges
                0x0000000000000000       0x60 ./Core/Src/main.o
 .debug_aranges
                0x0000000000000060       0x50 ./Core/Src/stm32g0xx_hal_msp.o
 .debug_aranges
                0x00000000000000b0       0x30 ./Core/Src/stm32g0xx_hal_timebase_tim.o
 .debug_aranges
                0x00000000000000e0       0x60 ./Core/Src/stm32g0xx_it.o
 .debug_aranges
                0x0000000000000140       0x28 ./Core/Src/system_stm32g0xx.o
 .debug_aranges
                0x0000000000000168       0x28 ./Core/Startup/startup_stm32g0b1retx.o
 .debug_aranges
                0x0000000000000190      0x130 ./Drivers/STM32G0xx_HAL_Driver/Src/stm32g0xx_hal.o
 .debug_aranges
                0x00000000000002c0       0xa0 ./Drivers/STM32G0xx_HAL_Driver/Src/stm32g0xx_hal_cortex.o
 .debug_aranges
                0x0000000000000360       0x60 ./Drivers/STM32G0xx_HAL_Driver/Src/stm32g0xx_hal_gpio.o
 .debug_aranges
                0x00000000000003c0      0x128 ./Drivers/STM32G0xx_HAL_Driver/Src/stm32g0xx_hal_pwr_ex.o
 .debug_aranges
                0x00000000000004e8       0x98 ./Drivers/STM32G0xx_HAL_Driver/Src/stm32g0xx_hal_rcc.o
 .debug_aranges
                0x0000000000000580      0x1d8 ./Drivers/STM32G0xx_HAL_Driver/Src/stm32g0xx_hal_spi.o
 .debug_aranges
                0x0000000000000758      0x3e0 ./Drivers/STM32G0xx_HAL_Driver/Src/stm32g0xx_hal_tim.o
 .debug_aranges
                0x0000000000000b38      0x198 ./Drivers/STM32G0xx_HAL_Driver/Src/stm32g0xx_hal_tim_ex.o
 .debug_aranges
                0x0000000000000cd0       0xd0 ./Drivers/STM32G0xx_HAL_Driver/Src/stm32g0xx_ll_tim.o
 .debug_aranges
                0x0000000000000da0       0x50 ./app/app_encoder.o
 .debug_aranges
                0x0000000000000df0       0x90 ./app/max7219.o

.debug_rnglists
                0x0000000000000000      0xbb5
 .debug_rnglists
                0x0000000000000000       0x44 ./Core/Src/main.o
 .debug_rnglists
                0x0000000000000044       0x38 ./Core/Src/stm32g0xx_hal_msp.o
 .debug_rnglists
                0x000000000000007c       0x20 ./Core/Src/stm32g0xx_hal_timebase_tim.o
 .debug_rnglists
                0x000000000000009c       0x43 ./Core/Src/stm32g0xx_it.o
 .debug_rnglists
                0x00000000000000df       0x1a ./Core/Src/system_stm32g0xx.o
 .debug_rnglists
                0x00000000000000f9       0x19 ./Core/Startup/startup_stm32g0b1retx.o
 .debug_rnglists
                0x0000000000000112       0xdf ./Drivers/STM32G0xx_HAL_Driver/Src/stm32g0xx_hal.o
 .debug_rnglists
                0x00000000000001f1       0xa3 ./Drivers/STM32G0xx_HAL_Driver/Src/stm32g0xx_hal_cortex.o
 .debug_rnglists
                0x0000000000000294       0x45 ./Drivers/STM32G0xx_HAL_Driver/Src/stm32g0xx_hal_gpio.o
 .debug_rnglists
                0x00000000000002d9       0xdd ./Drivers/STM32G0xx_HAL_Driver/Src/stm32g0xx_hal_pwr_ex.o
 .debug_rnglists
                0x00000000000003b6       0x86 ./Drivers/STM32G0xx_HAL_Driver/Src/stm32g0xx_hal_rcc.o
 .debug_rnglists
                0x000000000000043c      0x171 ./Drivers/STM32G0xx_HAL_Driver/Src/stm32g0xx_hal_spi.o
 .debug_rnglists
                0x00000000000005ad      0x312 ./Drivers/STM32G0xx_HAL_Driver/Src/stm32g0xx_hal_tim.o
 .debug_rnglists
                0x00000000000008bf      0x141 ./Drivers/STM32G0xx_HAL_Driver/Src/stm32g0xx_hal_tim_ex.o
 .debug_rnglists
                0x0000000000000a00      0x109 ./Drivers/STM32G0xx_HAL_Driver/Src/stm32g0xx_ll_tim.o
 .debug_rnglists
                0x0000000000000b09       0x37 ./app/app_encoder.o
 .debug_rnglists
                0x0000000000000b40       0x75 ./app/max7219.o

.debug_macro    0x0000000000000000    0x1dc0f
 .debug_macro   0x0000000000000000      0x249 ./Core/Src/main.o
 .debug_macro   0x0000000000000249      0xa84 ./Core/Src/main.o
 .debug_macro   0x0000000000000ccd      0x12a ./Core/Src/main.o
 .debug_macro   0x0000000000000df7       0x2e ./Core/Src/main.o
 .debug_macro   0x0000000000000e25       0x28 ./Core/Src/main.o
 .debug_macro   0x0000000000000e4d       0x22 ./Core/Src/main.o
 .debug_macro   0x0000000000000e6f       0x8e ./Core/Src/main.o
 .debug_macro   0x0000000000000efd       0x51 ./Core/Src/main.o
 .debug_macro   0x0000000000000f4e      0x103 ./Core/Src/main.o
 .debug_macro   0x0000000000001051       0x6a ./Core/Src/main.o
 .debug_macro   0x00000000000010bb      0x1df ./Core/Src/main.o
 .debug_macro   0x000000000000129a       0x1c ./Core/Src/main.o
 .debug_macro   0x00000000000012b6       0x22 ./Core/Src/main.o
 .debug_macro   0x00000000000012d8       0xd1 ./Core/Src/main.o
 .debug_macro   0x00000000000013a9      0x4da ./Core/Src/main.o
 .debug_macro   0x0000000000001883      0x11f ./Core/Src/main.o
 .debug_macro   0x00000000000019a2     0xf3de ./Core/Src/main.o
 .debug_macro   0x0000000000010d80       0x66 ./Core/Src/main.o
 .debug_macro   0x0000000000010de6     0x350e ./Core/Src/main.o
 .debug_macro   0x00000000000142f4      0x174 ./Core/Src/main.o
 .debug_macro   0x0000000000014468       0x5c ./Core/Src/main.o
 .debug_macro   0x00000000000144c4      0x73a ./Core/Src/main.o
 .debug_macro   0x0000000000014bfe     0x1579 ./Core/Src/main.o
 .debug_macro   0x0000000000016177      0x535 ./Core/Src/main.o
 .debug_macro   0x00000000000166ac      0x1cf ./Core/Src/main.o
 .debug_macro   0x000000000001687b      0x25b ./Core/Src/main.o
 .debug_macro   0x0000000000016ad6      0x4f5 ./Core/Src/main.o
 .debug_macro   0x0000000000016fcb      0x287 ./Core/Src/main.o
 .debug_macro   0x0000000000017252      0x417 ./Core/Src/main.o
 .debug_macro   0x0000000000017669      0x1b2 ./Core/Src/main.o
 .debug_macro   0x000000000001781b       0x43 ./Core/Src/main.o
 .debug_macro   0x000000000001785e      0x1f1 ./Core/Src/main.o
 .debug_macro   0x0000000000017a4f      0x1e4 ./Core/Src/main.o
 .debug_macro   0x0000000000017c33      0x3fa ./Core/Src/main.o
 .debug_macro   0x000000000001802d       0x28 ./Core/Src/main.o
 .debug_macro   0x0000000000018055      0x123 ./Core/Src/main.o
 .debug_macro   0x0000000000018178      0x145 ./Core/Src/main.o
 .debug_macro   0x00000000000182bd      0x30b ./Core/Src/main.o
 .debug_macro   0x00000000000185c8      0x2fe ./Core/Src/main.o
 .debug_macro   0x00000000000188c6      0xae5 ./Core/Src/main.o
 .debug_macro   0x00000000000193ab      0x239 ./Core/Src/main.o
 .debug_macro   0x00000000000195e4      0x5df ./Core/Src/main.o
 .debug_macro   0x0000000000019bc3      0x9e1 ./Core/Src/main.o
 .debug_macro   0x000000000001a5a4      0x171 ./Core/Src/main.o
 .debug_macro   0x000000000001a715      0x174 ./Core/Src/main.o
 .debug_macro   0x000000000001a889      0x18e ./Core/Src/main.o
 .debug_macro   0x000000000001aa17       0x7d ./Core/Src/main.o
 .debug_macro   0x000000000001aa94      0x1ef ./Core/Src/main.o
 .debug_macro   0x000000000001ac83      0x146 ./Core/Src/main.o
 .debug_macro   0x000000000001adc9      0x1f0 ./Core/Src/main.o
 .debug_macro   0x000000000001afb9       0x34 ./Core/Src/main.o
 .debug_macro   0x000000000001afed      0x23f ./Core/Src/stm32g0xx_hal_msp.o
 .debug_macro   0x000000000001b22c      0x1e0 ./Core/Src/stm32g0xx_hal_timebase_tim.o
 .debug_macro   0x000000000001b40c      0x253 ./Core/Src/stm32g0xx_it.o
 .debug_macro   0x000000000001b65f      0x1e0 ./Core/Src/system_stm32g0xx.o
 .debug_macro   0x000000000001b83f      0x204 ./Drivers/STM32G0xx_HAL_Driver/Src/stm32g0xx_hal.o
 .debug_macro   0x000000000001ba43      0x1e0 ./Drivers/STM32G0xx_HAL_Driver/Src/stm32g0xx_hal_cortex.o
 .debug_macro   0x000000000001bc23      0x1e7 ./Drivers/STM32G0xx_HAL_Driver/Src/stm32g0xx_hal_gpio.o
 .debug_macro   0x000000000001be0a      0x20a ./Drivers/STM32G0xx_HAL_Driver/Src/stm32g0xx_hal_pwr_ex.o
 .debug_macro   0x000000000001c014      0x228 ./Drivers/STM32G0xx_HAL_Driver/Src/stm32g0xx_hal_rcc.o
 .debug_macro   0x000000000001c23c      0x1e8 ./Drivers/STM32G0xx_HAL_Driver/Src/stm32g0xx_hal_spi.o
 .debug_macro   0x000000000001c424      0x1e8 ./Drivers/STM32G0xx_HAL_Driver/Src/stm32g0xx_hal_tim.o
 .debug_macro   0x000000000001c60c      0x1e6 ./Drivers/STM32G0xx_HAL_Driver/Src/stm32g0xx_hal_tim_ex.o
 .debug_macro   0x000000000001c7f2      0x297 ./Drivers/STM32G0xx_HAL_Driver/Src/stm32g0xx_ll_tim.o
 .debug_macro   0x000000000001ca89      0x9db ./Drivers/STM32G0xx_HAL_Driver/Src/stm32g0xx_ll_tim.o
 .debug_macro   0x000000000001d464      0x310 ./app/app_encoder.o
 .debug_macro   0x000000000001d774       0x22 ./app/app_encoder.o
 .debug_macro   0x000000000001d796       0x10 ./app/app_encoder.o
 .debug_macro   0x000000000001d7a6       0x61 ./app/app_encoder.o
 .debug_macro   0x000000000001d807      0x19b ./app/app_encoder.o
 .debug_macro   0x000000000001d9a2      0x26d ./app/max7219.o

.debug_line     0x0000000000000000    0x14f4b
 .debug_line    0x0000000000000000      0xd00 ./Core/Src/main.o
 .debug_line    0x0000000000000d00      0xa15 ./Core/Src/stm32g0xx_hal_msp.o
 .debug_line    0x0000000000001715      0x877 ./Core/Src/stm32g0xx_hal_timebase_tim.o
 .debug_line    0x0000000000001f8c      0x940 ./Core/Src/stm32g0xx_it.o
 .debug_line    0x00000000000028cc      0x868 ./Core/Src/system_stm32g0xx.o
 .debug_line    0x0000000000003134       0x7b ./Core/Startup/startup_stm32g0b1retx.o
 .debug_line    0x00000000000031af      0xc15 ./Drivers/STM32G0xx_HAL_Driver/Src/stm32g0xx_hal.o
 .debug_line    0x0000000000003dc4      0xc4c ./Drivers/STM32G0xx_HAL_Driver/Src/stm32g0xx_hal_cortex.o
 .debug_line    0x0000000000004a10      0xca4 ./Drivers/STM32G0xx_HAL_Driver/Src/stm32g0xx_hal_gpio.o
 .debug_line    0x00000000000056b4      0xdd2 ./Drivers/STM32G0xx_HAL_Driver/Src/stm32g0xx_hal_pwr_ex.o
 .debug_line    0x0000000000006486     0x13de ./Drivers/STM32G0xx_HAL_Driver/Src/stm32g0xx_hal_rcc.o
 .debug_line    0x0000000000007864     0x2e99 ./Drivers/STM32G0xx_HAL_Driver/Src/stm32g0xx_hal_spi.o
 .debug_line    0x000000000000a6fd     0x55dc ./Drivers/STM32G0xx_HAL_Driver/Src/stm32g0xx_hal_tim.o
 .debug_line    0x000000000000fcd9     0x25cc ./Drivers/STM32G0xx_HAL_Driver/Src/stm32g0xx_hal_tim_ex.o
 .debug_line    0x00000000000122a5     0x1419 ./Drivers/STM32G0xx_HAL_Driver/Src/stm32g0xx_ll_tim.o
 .debug_line    0x00000000000136be      0xbfc ./app/app_encoder.o
 .debug_line    0x00000000000142ba      0xc91 ./app/max7219.o

.debug_str      0x0000000000000000    0xc18cf
 .debug_str     0x0000000000000000    0xb90c4 ./Core/Src/main.o
                                      0xba377 (size before relaxing)
 .debug_str     0x00000000000b90c4      0x10d ./Core/Src/stm32g0xx_hal_msp.o
                                      0xb9e51 (size before relaxing)
 .debug_str     0x00000000000b91d1      0x103 ./Core/Src/stm32g0xx_hal_timebase_tim.o
                                      0xb0f72 (size before relaxing)
 .debug_str     0x00000000000b92d4      0x117 ./Core/Src/stm32g0xx_it.o
                                      0xb98d0 (size before relaxing)
 .debug_str     0x00000000000b93eb       0x8e ./Core/Src/system_stm32g0xx.o
                                      0xb0608 (size before relaxing)
 .debug_str     0x00000000000b9479       0x34 ./Core/Startup/startup_stm32g0b1retx.o
                                         0x71 (size before relaxing)
 .debug_str     0x00000000000b94ad      0x587 ./Drivers/STM32G0xx_HAL_Driver/Src/stm32g0xx_hal.o
                                      0xb0ee1 (size before relaxing)
 .debug_str     0x00000000000b9a34      0x235 ./Drivers/STM32G0xx_HAL_Driver/Src/stm32g0xx_hal_cortex.o
                                      0xb0b0b (size before relaxing)
 .debug_str     0x00000000000b9c69      0x147 ./Drivers/STM32G0xx_HAL_Driver/Src/stm32g0xx_hal_gpio.o
                                      0xb075d (size before relaxing)
 .debug_str     0x00000000000b9db0      0x3f0 ./Drivers/STM32G0xx_HAL_Driver/Src/stm32g0xx_hal_pwr_ex.o
                                      0xb0b8a (size before relaxing)
 .debug_str     0x00000000000ba1a0      0x491 ./Drivers/STM32G0xx_HAL_Driver/Src/stm32g0xx_hal_rcc.o
                                      0xb0dd4 (size before relaxing)
 .debug_str     0x00000000000ba631      0x59d ./Drivers/STM32G0xx_HAL_Driver/Src/stm32g0xx_hal_spi.o
                                      0xb1015 (size before relaxing)
 .debug_str     0x00000000000babce      0xcf0 ./Drivers/STM32G0xx_HAL_Driver/Src/stm32g0xx_hal_tim.o
                                      0xb1b63 (size before relaxing)
 .debug_str     0x00000000000bb8be      0x5f9 ./Drivers/STM32G0xx_HAL_Driver/Src/stm32g0xx_hal_tim_ex.o
                                      0xb14f1 (size before relaxing)
 .debug_str     0x00000000000bbeb7     0x1bf9 ./Drivers/STM32G0xx_HAL_Driver/Src/stm32g0xx_ll_tim.o
                                      0xb7936 (size before relaxing)
 .debug_str     0x00000000000bdab0     0x3a5b ./app/app_encoder.o
                                      0xbcd91 (size before relaxing)
 .debug_str     0x00000000000c150b      0x3c4 ./app/max7219.o
                                      0xb9c0b (size before relaxing)

.debug_frame    0x0000000000000000     0x257c
 .debug_frame   0x0000000000000000       0xf4 ./Core/Src/main.o
 .debug_frame   0x00000000000000f4       0xc0 ./Core/Src/stm32g0xx_hal_msp.o
 .debug_frame   0x00000000000001b4       0x4c ./Core/Src/stm32g0xx_hal_timebase_tim.o
 .debug_frame   0x0000000000000200       0xc0 ./Core/Src/stm32g0xx_it.o
 .debug_frame   0x00000000000002c0       0x38 ./Core/Src/system_stm32g0xx.o
 .debug_frame   0x00000000000002f8      0x274 ./Drivers/STM32G0xx_HAL_Driver/Src/stm32g0xx_hal.o
 .debug_frame   0x000000000000056c      0x134 ./Drivers/STM32G0xx_HAL_Driver/Src/stm32g0xx_hal_cortex.o
 .debug_frame   0x00000000000006a0       0xd0 ./Drivers/STM32G0xx_HAL_Driver/Src/stm32g0xx_hal_gpio.o
 .debug_frame   0x0000000000000770      0x258 ./Drivers/STM32G0xx_HAL_Driver/Src/stm32g0xx_hal_pwr_ex.o
 .debug_frame   0x00000000000009c8      0x174 ./Drivers/STM32G0xx_HAL_Driver/Src/stm32g0xx_hal_rcc.o
 .debug_frame   0x0000000000000b3c      0x5a0 ./Drivers/STM32G0xx_HAL_Driver/Src/stm32g0xx_hal_spi.o
 .debug_frame   0x00000000000010dc      0xb1c ./Drivers/STM32G0xx_HAL_Driver/Src/stm32g0xx_hal_tim.o
 .debug_frame   0x0000000000001bf8      0x4c0 ./Drivers/STM32G0xx_HAL_Driver/Src/stm32g0xx_hal_tim_ex.o
 .debug_frame   0x00000000000020b8      0x21c ./Drivers/STM32G0xx_HAL_Driver/Src/stm32g0xx_ll_tim.o
 .debug_frame   0x00000000000022d4       0xa0 ./app/app_encoder.o
 .debug_frame   0x0000000000002374      0x19c ./app/max7219.o
 .debug_frame   0x0000000000002510       0x20 C:/ST/STM32CubeIDE_1.14.0/STM32CubeIDE/plugins/com.st.stm32cube.ide.mcu.externaltools.gnu-tools-for-stm32.11.3.rel1.win32_1.1.100.202309141235/tools/bin/../lib/gcc/arm-none-eabi/11.3.1/../../../../arm-none-eabi/lib/thumb/v6-m/nofp\libc_nano.a(libc_a-memset.o)
 .debug_frame   0x0000000000002530       0x2c C:/ST/STM32CubeIDE_1.14.0/STM32CubeIDE/plugins/com.st.stm32cube.ide.mcu.externaltools.gnu-tools-for-stm32.11.3.rel1.win32_1.1.100.202309141235/tools/bin/../lib/gcc/arm-none-eabi/11.3.1/../../../../arm-none-eabi/lib/thumb/v6-m/nofp\libc_nano.a(libc_a-init.o)
 .debug_frame   0x000000000000255c       0x20 C:/ST/STM32CubeIDE_1.14.0/STM32CubeIDE/plugins/com.st.stm32cube.ide.mcu.externaltools.gnu-tools-for-stm32.11.3.rel1.win32_1.1.100.202309141235/tools/bin/../lib/gcc/arm-none-eabi/11.3.1/thumb/v6-m/nofp\libgcc.a(_udivsi3.o)

.debug_line_str
                0x0000000000000000       0x65
 .debug_line_str
                0x0000000000000000       0x65 ./Core/Startup/startup_stm32g0b1retx.o
                                         0x7d (size before relaxing)
