Archive member included to satisfy reference by file (symbol)

C:/ST/STM32CubeIDE_1.14.0/STM32CubeIDE/plugins/com.st.stm32cube.ide.mcu.externaltools.gnu-tools-for-stm32.11.3.rel1.win32_1.1.100.202309141235/tools/bin/../lib/gcc/arm-none-eabi/11.3.1/../../../../arm-none-eabi/lib/thumb/v6-m/nofp\libc_nano.a(libc_a-exit.o)
                              C:/ST/STM32CubeIDE_1.14.0/STM32CubeIDE/plugins/com.st.stm32cube.ide.mcu.externaltools.gnu-tools-for-stm32.11.3.rel1.win32_1.1.100.202309141235/tools/bin/../lib/gcc/arm-none-eabi/11.3.1/../../../../arm-none-eabi/lib/thumb/v6-m/nofp/crt0.o (exit)
C:/ST/STM32CubeIDE_1.14.0/STM32CubeIDE/plugins/com.st.stm32cube.ide.mcu.externaltools.gnu-tools-for-stm32.11.3.rel1.win32_1.1.100.202309141235/tools/bin/../lib/gcc/arm-none-eabi/11.3.1/../../../../arm-none-eabi/lib/thumb/v6-m/nofp\libc_nano.a(libc_a-findfp.o)
                              C:/ST/STM32CubeIDE_1.14.0/STM32CubeIDE/plugins/com.st.stm32cube.ide.mcu.externaltools.gnu-tools-for-stm32.11.3.rel1.win32_1.1.100.202309141235/tools/bin/../lib/gcc/arm-none-eabi/11.3.1/../../../../arm-none-eabi/lib/thumb/v6-m/nofp\libc_nano.a(libc_a-exit.o) (__stdio_exit_handler)
C:/ST/STM32CubeIDE_1.14.0/STM32CubeIDE/plugins/com.st.stm32cube.ide.mcu.externaltools.gnu-tools-for-stm32.11.3.rel1.win32_1.1.100.202309141235/tools/bin/../lib/gcc/arm-none-eabi/11.3.1/../../../../arm-none-eabi/lib/thumb/v6-m/nofp\libc_nano.a(libc_a-fwalk.o)
                              C:/ST/STM32CubeIDE_1.14.0/STM32CubeIDE/plugins/com.st.stm32cube.ide.mcu.externaltools.gnu-tools-for-stm32.11.3.rel1.win32_1.1.100.202309141235/tools/bin/../lib/gcc/arm-none-eabi/11.3.1/../../../../arm-none-eabi/lib/thumb/v6-m/nofp\libc_nano.a(libc_a-findfp.o) (_fwalk_sglue)
C:/ST/STM32CubeIDE_1.14.0/STM32CubeIDE/plugins/com.st.stm32cube.ide.mcu.externaltools.gnu-tools-for-stm32.11.3.rel1.win32_1.1.100.202309141235/tools/bin/../lib/gcc/arm-none-eabi/11.3.1/../../../../arm-none-eabi/lib/thumb/v6-m/nofp\libc_nano.a(libc_a-stdio.o)
                              C:/ST/STM32CubeIDE_1.14.0/STM32CubeIDE/plugins/com.st.stm32cube.ide.mcu.externaltools.gnu-tools-for-stm32.11.3.rel1.win32_1.1.100.202309141235/tools/bin/../lib/gcc/arm-none-eabi/11.3.1/../../../../arm-none-eabi/lib/thumb/v6-m/nofp\libc_nano.a(libc_a-findfp.o) (__sread)
C:/ST/STM32CubeIDE_1.14.0/STM32CubeIDE/plugins/com.st.stm32cube.ide.mcu.externaltools.gnu-tools-for-stm32.11.3.rel1.win32_1.1.100.202309141235/tools/bin/../lib/gcc/arm-none-eabi/11.3.1/../../../../arm-none-eabi/lib/thumb/v6-m/nofp\libc_nano.a(libc_a-memset.o)
                              C:/ST/STM32CubeIDE_1.14.0/STM32CubeIDE/plugins/com.st.stm32cube.ide.mcu.externaltools.gnu-tools-for-stm32.11.3.rel1.win32_1.1.100.202309141235/tools/bin/../lib/gcc/arm-none-eabi/11.3.1/../../../../arm-none-eabi/lib/thumb/v6-m/nofp/crt0.o (memset)
C:/ST/STM32CubeIDE_1.14.0/STM32CubeIDE/plugins/com.st.stm32cube.ide.mcu.externaltools.gnu-tools-for-stm32.11.3.rel1.win32_1.1.100.202309141235/tools/bin/../lib/gcc/arm-none-eabi/11.3.1/../../../../arm-none-eabi/lib/thumb/v6-m/nofp\libc_nano.a(libc_a-closer.o)
                              C:/ST/STM32CubeIDE_1.14.0/STM32CubeIDE/plugins/com.st.stm32cube.ide.mcu.externaltools.gnu-tools-for-stm32.11.3.rel1.win32_1.1.100.202309141235/tools/bin/../lib/gcc/arm-none-eabi/11.3.1/../../../../arm-none-eabi/lib/thumb/v6-m/nofp\libc_nano.a(libc_a-stdio.o) (_close_r)
C:/ST/STM32CubeIDE_1.14.0/STM32CubeIDE/plugins/com.st.stm32cube.ide.mcu.externaltools.gnu-tools-for-stm32.11.3.rel1.win32_1.1.100.202309141235/tools/bin/../lib/gcc/arm-none-eabi/11.3.1/../../../../arm-none-eabi/lib/thumb/v6-m/nofp\libc_nano.a(libc_a-reent.o)
                              C:/ST/STM32CubeIDE_1.14.0/STM32CubeIDE/plugins/com.st.stm32cube.ide.mcu.externaltools.gnu-tools-for-stm32.11.3.rel1.win32_1.1.100.202309141235/tools/bin/../lib/gcc/arm-none-eabi/11.3.1/../../../../arm-none-eabi/lib/thumb/v6-m/nofp\libc_nano.a(libc_a-closer.o) (errno)
C:/ST/STM32CubeIDE_1.14.0/STM32CubeIDE/plugins/com.st.stm32cube.ide.mcu.externaltools.gnu-tools-for-stm32.11.3.rel1.win32_1.1.100.202309141235/tools/bin/../lib/gcc/arm-none-eabi/11.3.1/../../../../arm-none-eabi/lib/thumb/v6-m/nofp\libc_nano.a(libc_a-impure.o)
                              C:/ST/STM32CubeIDE_1.14.0/STM32CubeIDE/plugins/com.st.stm32cube.ide.mcu.externaltools.gnu-tools-for-stm32.11.3.rel1.win32_1.1.100.202309141235/tools/bin/../lib/gcc/arm-none-eabi/11.3.1/../../../../arm-none-eabi/lib/thumb/v6-m/nofp\libc_nano.a(libc_a-reent.o) (_impure_ptr)
C:/ST/STM32CubeIDE_1.14.0/STM32CubeIDE/plugins/com.st.stm32cube.ide.mcu.externaltools.gnu-tools-for-stm32.11.3.rel1.win32_1.1.100.202309141235/tools/bin/../lib/gcc/arm-none-eabi/11.3.1/../../../../arm-none-eabi/lib/thumb/v6-m/nofp\libc_nano.a(libc_a-lseekr.o)
[...]
Memory Configuration

Name             Origin             Length             Attributes
RAM              0x0000000020000000 0x0000000000024000 xrw
FLASH            0x0000000008000000 0x0000000000080000 xr
*default*        0x0000000000000000 0xffffffffffffffff

Linker script and memory map

LOAD C:/ST/STM32CubeIDE_1.14.0/STM32CubeIDE/plugins/com.st.stm32cube.ide.mcu.externaltools.gnu-tools-for-stm32.11.3.rel1.win32_1.1.100.202309141235/tools/bin/../lib/gcc/arm-none-eabi/11.3.1/thumb/v6-m/nofp/crti.o
LOAD C:/ST/STM32CubeIDE_1.14.0/STM32CubeIDE/plugins/com.st.stm32cube.ide.mcu.externaltools.gnu-tools-for-stm32.11.3.rel1.win32_1.1.100.202309141235/tools/bin/../lib/gcc/arm-none-eabi/11.3.1/thumb/v6-m/nofp/crtbegin.o
LOAD C:/ST/STM32CubeIDE_1.14.0/STM32CubeIDE/plugins/com.st.stm32cube.ide.mcu.externaltools.gnu-tools-for-stm32.11.3.rel1.win32_1.1.100.202309141235/tools/bin/../lib/gcc/arm-none-eabi/11.3.1/../../../../arm-none-eabi/lib/thumb/v6-m/nofp/crt0.o
LOAD ./Core/Src/main.o
LOAD ./Core/Src/stm32g0xx_hal_msp.o
LOAD ./Core/Src/stm32g0xx_hal_timebase_tim.o
LOAD ./Core/Src/stm32g0xx_it.o
LOAD ./Core/Src/syscalls.o
LOAD ./Core/Src/sysmem.o
LOAD ./Core/Src/system_stm32g0xx.o
LOAD ./Core/Startup/startup_stm32g0b1retx.o
LOAD ./Drivers/STM32G0xx_HAL_Driver/Src/stm32g0xx_hal.o
LOAD ./Drivers/STM32G0xx_HAL_Driver/Src/stm32g0xx_hal_cortex.o
LOAD ./Drivers/STM32G0xx_HAL_Driver/Src/stm32g0xx_hal_dma.o
LOAD ./Drivers/STM32G0xx_HAL_Driver/Src/stm32g0xx_hal_dma_ex.o
LOAD ./Drivers/STM32G0xx_HAL_Driver/Src/stm32g0xx_hal_exti.o
LOAD ./Drivers/STM32G0xx_HAL_Driver/Src/stm32g0xx_hal_flash.o
LOAD ./Drivers/STM32G0xx_HAL_Driver/Src/stm32g0xx_hal_flash_ex.o
LOAD ./Drivers/STM32G0xx_HAL_Driver/Src/stm32g0xx_hal_gpio.o
LOAD ./Drivers/STM32G0xx_HAL_Driver/Src/stm32g0xx_hal_pwr.o
LOAD ./Drivers/STM32G0xx_HAL_Driver/Src/stm32g0xx_hal_pwr_ex.o
LOAD ./Drivers/STM32G0xx_HAL_Driver/Src/stm32g0xx_hal_rcc.o
LOAD ./Drivers/STM32G0xx_HAL_Driver/Src/stm32g0xx_hal_rcc_ex.o
LOAD ./Drivers/STM32G0xx_HAL_Driver/Src/stm32g0xx_hal_tim.o
LOAD ./Drivers/STM32G0xx_HAL_Driver/Src/stm32g0xx_hal_tim_ex.o
LOAD ./Drivers/STM32G0xx_HAL_Driver/Src/stm32g0xx_ll_dma.o
LOAD ./Drivers/STM32G0xx_HAL_Driver/Src/stm32g0xx_ll_rcc.o
LOAD ./app/app_encoder.o
START GROUP
LOAD C:/ST/STM32CubeIDE_1.14.0/STM32CubeIDE/plugins/com.st.stm32cube.ide.mcu.externaltools.gnu-tools-for-stm32.11.3.rel1.win32_1.1.100.202309141235/tools/bin/../lib/gcc/arm-none-eabi/11.3.1/../../../../arm-none-eabi/lib/thumb/v6-m/nofp\libc_nano.a
LOAD C:/ST/STM32CubeIDE_1.14.0/STM32CubeIDE/plugins/com.st.stm32cube.ide.mcu.externaltools.gnu-tools-for-stm32.11.3.rel1.win32_1.1.100.202309141235/tools/bin/../lib/gcc/arm-none-eabi/11.3.1/../../../../arm-none-eabi/lib/thumb/v6-m/nofp\libm.a
END GROUP
START GROUP
LOAD C:/ST/STM32CubeIDE_1.14.0/STM32CubeIDE/plugins/com.st.stm32cube.ide.mcu.externaltools.gnu-tools-for-stm32.11.3.rel1.win32_1.1.100.202309141235/tools/bin/../lib/gcc/arm-none-eabi/11.3.1/thumb/v6-m/nofp\libgcc.a
LOAD C:/ST/STM32CubeIDE_1.14.0/STM32CubeIDE/plugins/com.st.stm32cube.ide.mcu.externaltools.gnu-tools-for-stm32.11.3.rel1.win32_1.1.100.202309141235/tools/bin/../lib/gcc/arm-none-eabi/11.3.1/../../../../arm-none-eabi/lib/thumb/v6-m/nofp\libc_nano.a
END GROUP
START GROUP
LOAD C:/ST/STM32CubeIDE_1.14.0/STM32CubeIDE/plugins/com.st.stm32cube.ide.mcu.externaltools.gnu-tools-for-stm32.11.3.rel1.win32_1.1.100.202309141235/tools/bin/../lib/gcc/arm-none-eabi/11.3.1/thumb/v6-m/nofp\libgcc.a
LOAD C:/ST/STM32CubeIDE_1.14.0/STM32CubeIDE/plugins/com.st.stm32cube.ide.mcu.externaltools.gnu-tools-for-stm32.11.3.rel1.win32_1.1.100.202309141235/tools/bin/../lib/gcc/arm-none-eabi/11.3.1/../../../../arm-none-eabi/lib/thumb/v6-m/nofp\libc_nano.a
LOAD C:/ST/STM32CubeIDE_1.14.0/STM32CubeIDE/plugins/com.st.stm32cube.ide.mcu.externaltools.gnu-tools-for-stm32.11.3.rel1.win32_1.1.100.202309141235/tools/bin/../lib/gcc/arm-none-eabi/11.3.1/../../../../arm-none-eabi/lib/thumb/v6-m/nofp\libnosys.a
END GROUP
START GROUP
LOAD C:/ST/STM32CubeIDE_1.14.0/STM32CubeIDE/plugins/com.st.stm32cube.ide.mcu.externaltools.gnu-tools-for-stm32.11.3.rel1.win32_1.1.100.202309141235/tools/bin/../lib/gcc/arm-none-eabi/11.3.1/thumb/v6-m/nofp\libgcc.a
LOAD C:/ST/STM32CubeIDE_1.14.0/STM32CubeIDE/plugins/com.st.stm32cube.ide.mcu.externaltools.gnu-tools-for-stm32.11.3.rel1.win32_1.1.100.202309141235/tools/bin/../lib/gcc/arm-none-eabi/11.3.1/../../../../arm-none-eabi/lib/thumb/v6-m/nofp\libc_nano.a
LOAD C:/ST/STM32CubeIDE_1.14.0/STM32CubeIDE/plugins/com.st.stm32cube.ide.mcu.externaltools.gnu-tools-for-stm32.11.3.rel1.win32_1.1.100.202309141235/tools/bin/../lib/gcc/arm-none-eabi/11.3.1/../../../../arm-none-eabi/lib/thumb/v6-m/nofp\libnosys.a
END GROUP
LOAD C:/ST/STM32CubeIDE_1.14.0/STM32CubeIDE/plugins/com.st.stm32cube.ide.mcu.externaltools.gnu-tools-for-stm32.11.3.rel1.win32_1.1.100.202309141235/tools/bin/../lib/gcc/arm-none-eabi/11.3.1/thumb/v6-m/nofp/crtend.o
LOAD C:/ST/STM32CubeIDE_1.14.0/STM32CubeIDE/plugins/com.st.stm32cube.ide.mcu.externaltools.gnu-tools-for-stm32.11.3.rel1.win32_1.1.100.202309141235/tools/bin/../lib/gcc/arm-none-eabi/11.3.1/thumb/v6-m/nofp/crtn.o
                0x0000000020024000                _estack = (ORIGIN (RAM) + LENGTH (RAM))
                0x0000000000000200                _Min_Heap_Size = 0x200
                0x0000000000000400                _Min_Stack_Size = 0x400

.isr_vector     0x0000000008000000       0xbc
                0x0000000008000000                . = ALIGN (0x4)
 *(.isr_vector)
 .isr_vector    0x0000000008000000       0xbc ./Core/Startup/startup_stm32g0b1retx.o
                0x0000000008000000                g_pfnVectors
                0x00000000080000bc                . = ALIGN (0x4)

.text           0x00000000080000bc     0x15bc
                0x00000000080000bc                . = ALIGN (0x4)
 *(.text)
 .text          0x00000000080000bc       0x48 C:/ST/STM32CubeIDE_1.14.0/STM32CubeIDE/plugins/com.st.stm32cube.ide.mcu.externaltools.gnu-tools-for-stm32.11.3.rel1.win32_1.1.100.202309141235/tools/bin/../lib/gcc/arm-none-eabi/11.3.1/thumb/v6-m/nofp/crtbegin.o
 .text          0x0000000008000104      0x114 C:/ST/STM32CubeIDE_1.14.0/STM32CubeIDE/plugins/com.st.stm32cube.ide.mcu.externaltools.gnu-tools-for-stm32.11.3.rel1.win32_1.1.100.202309141235/tools/bin/../lib/gcc/arm-none-eabi/11.3.1/thumb/v6-m/nofp\libgcc.a(_udivsi3.o)
                0x0000000008000104                __aeabi_uidiv
                0x0000000008000104                __udivsi3
                0x0000000008000210                __aeabi_uidivmod
 .text          0x0000000008000218        0x4 C:/ST/STM32CubeIDE_1.14.0/STM32CubeIDE/plugins/com.st.stm32cube.ide.mcu.externaltools.gnu-tools-for-stm32.11.3.rel1.win32_1.1.100.202309141235/tools/bin/../lib/gcc/arm-none-eabi/11.3.1/thumb/v6-m/nofp\libgcc.a(_dvmd_tls.o)
                0x0000000008000218                __aeabi_idiv0
                0x0000000008000218                __aeabi_ldiv0
 *(.text*)
 .text.MX_GPIO_Init
                0x000000000800021c       0xc0 ./Core/Src/main.o
 .text.HAL_TIM_PeriodElapsedCallback
                0x00000000080002dc       0x18 ./Core/Src/main.o
                0x00000000080002dc                HAL_TIM_PeriodElapsedCallback
 .text.Error_Handler
                0x00000000080002f4        0x4 ./Core/Src/main.o
                0x00000000080002f4                Error_Handler
 .text.MX_TIM2_Init
                0x00000000080002f8       0x70 ./Core/Src/main.o
 .text.SystemClock_Config
                0x0000000008000368       0x7e ./Core/Src/main.o
                0x0000000008000368                SystemClock_Config
 *fill*         0x00000000080003e6        0x2 
 .text.main     0x00000000080003e8       0x28 ./Core/Src/main.o
                0x00000000080003e8                main
 .text.HAL_MspInit
                0x0000000008000410       0x38 ./Core/Src/stm32g0xx_hal_msp.o
                0x0000000008000410                HAL_MspInit
 .text.HAL_TIM_Encoder_MspInit
                0x0000000008000448       0x58 ./Core/Src/stm32g0xx_hal_msp.o
                0x0000000008000448                HAL_TIM_Encoder_MspInit
 .text.HAL_InitTick
                0x00000000080004a0       0xa0 ./Core/Src/stm32g0xx_hal_timebase_tim.o
                0x00000000080004a0                HAL_InitTick
 .text.NMI_Handler
                0x0000000008000540        0x2 ./Core/Src/stm32g0xx_it.o
                0x0000000008000540                NMI_Handler
 .text.HardFault_Handler
                0x0000000008000542        0x2 ./Core/Src/stm32g0xx_it.o
                0x0000000008000542                HardFault_Handler
 .text.SVC_Handler
                0x0000000008000544        0x2 ./Core/Src/stm32g0xx_it.o
                0x0000000008000544                SVC_Handler
 .text.PendSV_Handler
                0x0000000008000546        0x2 ./Core/Src/stm32g0xx_it.o
                0x0000000008000546                PendSV_Handler
 .text.SysTick_Handler
                0x0000000008000548        0x2 ./Core/Src/stm32g0xx_it.o
                0x0000000008000548                SysTick_Handler
 .text.EXTI2_3_IRQHandler
                0x000000000800054a        0xa ./Core/Src/stm32g0xx_it.o
                0x000000000800054a                EXTI2_3_IRQHandler
 .text.TIM6_DAC_LPTIM1_IRQHandler
                0x0000000008000554       0x10 ./Core/Src/stm32g0xx_it.o
                0x0000000008000554                TIM6_DAC_LPTIM1_IRQHandler
 .text.SystemInit
                0x0000000008000564        0x2 ./Core/Src/system_stm32g0xx.o
                0x0000000008000564                SystemInit
 *fill*         0x0000000008000566        0x2 
 .text.Reset_Handler
                0x0000000008000568       0x50 ./Core/Startup/startup_stm32g0b1retx.o
                0x0000000008000568                Reset_Handler
 .text.Default_Handler
                0x00000000080005b8        0x2 ./Core/Startup/startup_stm32g0b1retx.o
                0x00000000080005b8                I2C2_3_IRQHandler
                0x00000000080005b8                USART3_4_5_6_LPUART1_IRQHandler
                0x00000000080005b8                TIM1_CC_IRQHandler
                0x00000000080005b8                ADC1_COMP_IRQHandler
                0x00000000080005b8                I2C1_IRQHandler
                0x00000000080005b8                TIM7_LPTIM2_IRQHandler
                0x00000000080005b8                TIM17_FDCAN_IT1_IRQHandler
                0x00000000080005b8                DMA1_Ch4_7_DMA2_Ch1_5_DMAMUX1_OVR_IRQHandler
                0x00000000080005b8                RCC_CRS_IRQHandler
                0x00000000080005b8                RTC_TAMP_IRQHandler
                0x00000000080005b8                SPI1_IRQHandler
                0x00000000080005b8                USB_UCPD1_2_IRQHandler
                0x00000000080005b8                USART2_LPUART2_IRQHandler
                0x00000000080005b8                PVD_VDDIO2_IRQHandler
                0x00000000080005b8                EXTI4_15_IRQHandler
                0x00000000080005b8                DMA1_Channel1_IRQHandler
                0x00000000080005b8                Default_Handler
                0x00000000080005b8                CEC_IRQHandler
                0x00000000080005b8                TIM14_IRQHandler
                0x00000000080005b8                TIM15_IRQHandler
                0x00000000080005b8                TIM3_TIM4_IRQHandler
                0x00000000080005b8                EXTI0_1_IRQHandler
                0x00000000080005b8                SPI2_3_IRQHandler
                0x00000000080005b8                WWDG_IRQHandler
                0x00000000080005b8                TIM2_IRQHandler
                0x00000000080005b8                DMA1_Channel2_3_IRQHandler
                0x00000000080005b8                FLASH_IRQHandler
                0x00000000080005b8                USART1_IRQHandler
                0x00000000080005b8                TIM16_FDCAN_IT0_IRQHandler
                0x00000000080005b8                TIM1_BRK_UP_TRG_COM_IRQHandler
 *fill*         0x00000000080005ba        0x2 
 .text.HAL_Init
                0x00000000080005bc       0x28 ./Drivers/STM32G0xx_HAL_Driver/Src/stm32g0xx_hal.o
                0x00000000080005bc                HAL_Init
 .text.HAL_IncTick
                0x00000000080005e4       0x18 ./Drivers/STM32G0xx_HAL_Driver/Src/stm32g0xx_hal.o
                0x00000000080005e4                HAL_IncTick
 .text.HAL_GetTick
                0x00000000080005fc        0xc ./Drivers/STM32G0xx_HAL_Driver/Src/stm32g0xx_hal.o
                0x00000000080005fc                HAL_GetTick
 .text.HAL_Delay
                0x0000000008000608       0x24 ./Drivers/STM32G0xx_HAL_Driver/Src/stm32g0xx_hal.o
                0x0000000008000608                HAL_Delay
 .text.HAL_SYSCFG_StrobeDBattpinsConfig
                0x000000000800062c       0x18 ./Drivers/STM32G0xx_HAL_Driver/Src/stm32g0xx_hal.o
                0x000000000800062c                HAL_SYSCFG_StrobeDBattpinsConfig
 .text.HAL_NVIC_SetPriority
                0x0000000008000644       0x60 ./Drivers/STM32G0xx_HAL_Driver/Src/stm32g0xx_hal_cortex.o
                0x0000000008000644                HAL_NVIC_SetPriority
 .text.HAL_NVIC_EnableIRQ
                0x00000000080006a4       0x18 ./Drivers/STM32G0xx_HAL_Driver/Src/stm32g0xx_hal_cortex.o
                0x00000000080006a4                HAL_NVIC_EnableIRQ
 .text.HAL_GPIO_Init
                0x00000000080006bc      0x180 ./Drivers/STM32G0xx_HAL_Driver/Src/stm32g0xx_hal_gpio.o
                0x00000000080006bc                HAL_GPIO_Init
 .text.HAL_GPIO_WritePin
                0x000000000800083c        0xc ./Drivers/STM32G0xx_HAL_Driver/Src/stm32g0xx_hal_gpio.o
                0x000000000800083c                HAL_GPIO_WritePin
 .text.HAL_GPIO_EXTI_Rising_Callback
                0x0000000008000848        0x2 ./Drivers/STM32G0xx_HAL_Driver/Src/stm32g0xx_hal_gpio.o
                0x0000000008000848                HAL_GPIO_EXTI_Rising_Callback
 .text.HAL_GPIO_EXTI_Falling_Callback
                0x000000000800084a        0x2 ./Drivers/STM32G0xx_HAL_Driver/Src/stm32g0xx_hal_gpio.o
                0x000000000800084a                HAL_GPIO_EXTI_Falling_Callback
 .text.HAL_GPIO_EXTI_IRQHandler
                0x000000000800084c       0x30 ./Drivers/STM32G0xx_HAL_Driver/Src/stm32g0xx_hal_gpio.o
                0x000000000800084c                HAL_GPIO_EXTI_IRQHandler
 .text.HAL_PWREx_ControlVoltageScaling
                0x000000000800087c       0x54 ./Drivers/STM32G0xx_HAL_Driver/Src/stm32g0xx_hal_pwr_ex.o
                0x000000000800087c                HAL_PWREx_ControlVoltageScaling
 .text.HAL_RCC_OscConfig
                0x00000000080008d0      0x518 ./Drivers/STM32G0xx_HAL_Driver/Src/stm32g0xx_hal_rcc.o
                0x00000000080008d0                HAL_RCC_OscConfig
 .text.HAL_RCC_GetSysClockFreq
                0x0000000008000de8       0xb8 ./Drivers/STM32G0xx_HAL_Driver/Src/stm32g0xx_hal_rcc.o
                0x0000000008000de8                HAL_RCC_GetSysClockFreq
 .text.HAL_RCC_ClockConfig
                0x0000000008000ea0      0x18c ./Drivers/STM32G0xx_HAL_Driver/Src/stm32g0xx_hal_rcc.o
                0x0000000008000ea0                HAL_RCC_ClockConfig
 .text.HAL_RCC_GetHCLKFreq
                0x000000000800102c        0xc ./Drivers/STM32G0xx_HAL_Driver/Src/stm32g0xx_hal_rcc.o
                0x000000000800102c                HAL_RCC_GetHCLKFreq
 .text.HAL_RCC_GetPCLK1Freq
                0x0000000008001038       0x28 ./Drivers/STM32G0xx_HAL_Driver/Src/stm32g0xx_hal_rcc.o
                0x0000000008001038                HAL_RCC_GetPCLK1Freq
 .text.HAL_RCC_GetClockConfig
                0x0000000008001060       0x34 ./Drivers/STM32G0xx_HAL_Driver/Src/stm32g0xx_hal_rcc.o
                0x0000000008001060                HAL_RCC_GetClockConfig
 .text.HAL_TIM_Base_MspInit
                0x0000000008001094        0x2 ./Drivers/STM32G0xx_HAL_Driver/Src/stm32g0xx_hal_tim.o
                0x0000000008001094                HAL_TIM_Base_MspInit
 *fill*         0x0000000008001096        0x2 
 .text.HAL_TIM_Base_Start_IT
                0x0000000008001098       0x84 ./Drivers/STM32G0xx_HAL_Driver/Src/stm32g0xx_hal_tim.o
                0x0000000008001098                HAL_TIM_Base_Start_IT
 .text.HAL_TIM_OC_DelayElapsedCallback
                0x000000000800111c        0x2 ./Drivers/STM32G0xx_HAL_Driver/Src/stm32g0xx_hal_tim.o
                0x000000000800111c                HAL_TIM_OC_DelayElapsedCallback
 .text.HAL_TIM_IC_CaptureCallback
                0x000000000800111e        0x2 ./Drivers/STM32G0xx_HAL_Driver/Src/stm32g0xx_hal_tim.o
                0x000000000800111e                HAL_TIM_IC_CaptureCallback
 .text.HAL_TIM_PWM_PulseFinishedCallback
                0x0000000008001120        0x2 ./Drivers/STM32G0xx_HAL_Driver/Src/stm32g0xx_hal_tim.o
                0x0000000008001120                HAL_TIM_PWM_PulseFinishedCallback
 .text.HAL_TIM_TriggerCallback
                0x0000000008001122        0x2 ./Drivers/STM32G0xx_HAL_Driver/Src/stm32g0xx_hal_tim.o
                0x0000000008001122                HAL_TIM_TriggerCallback
 .text.HAL_TIM_IRQHandler
                0x0000000008001124      0x160 ./Drivers/STM32G0xx_HAL_Driver/Src/stm32g0xx_hal_tim.o
                0x0000000008001124                HAL_TIM_IRQHandler
 .text.TIM_Base_SetConfig
                0x0000000008001284       0xc0 ./Drivers/STM32G0xx_HAL_Driver/Src/stm32g0xx_hal_tim.o
                0x0000000008001284                TIM_Base_SetConfig
 .text.HAL_TIM_Base_Init
                0x0000000008001344       0x60 ./Drivers/STM32G0xx_HAL_Driver/Src/stm32g0xx_hal_tim.o
                0x0000000008001344                HAL_TIM_Base_Init
 .text.HAL_TIM_Encoder_Init
                0x00000000080013a4       0xbc ./Drivers/STM32G0xx_HAL_Driver/Src/stm32g0xx_hal_tim.o
                0x00000000080013a4                HAL_TIM_Encoder_Init
 .text.TIM_CCxChannelCmd
                0x0000000008001460       0x1a ./Drivers/STM32G0xx_HAL_Driver/Src/stm32g0xx_hal_tim.o
                0x0000000008001460                TIM_CCxChannelCmd
 .text.HAL_TIM_Encoder_Start
                0x000000000800147a       0xc8 ./Drivers/STM32G0xx_HAL_Driver/Src/stm32g0xx_hal_tim.o
                0x000000000800147a                HAL_TIM_Encoder_Start
 *fill*         0x0000000008001542        0x2 
 .text.HAL_TIMEx_MasterConfigSynchronization
                0x0000000008001544       0x8c ./Drivers/STM32G0xx_HAL_Driver/Src/stm32g0xx_hal_tim_ex.o
                0x0000000008001544                HAL_TIMEx_MasterConfigSynchronization
 .text.HAL_TIMEx_CommutCallback
                0x00000000080015d0        0x2 ./Drivers/STM32G0xx_HAL_Driver/Src/stm32g0xx_hal_tim_ex.o
                0x00000000080015d0                HAL_TIMEx_CommutCallback
 .text.HAL_TIMEx_BreakCallback
                0x00000000080015d2        0x2 ./Drivers/STM32G0xx_HAL_Driver/Src/stm32g0xx_hal_tim_ex.o
                0x00000000080015d2                HAL_TIMEx_BreakCallback
 .text.HAL_TIMEx_Break2Callback
                0x00000000080015d4        0x2 ./Drivers/STM32G0xx_HAL_Driver/Src/stm32g0xx_hal_tim_ex.o
                0x00000000080015d4                HAL_TIMEx_Break2Callback
 .text.app_encoder_init
                0x00000000080015d6        0x2 ./app/app_encoder.o
                0x00000000080015d6                app_encoder_init
 .text.app_encoder_loop
                0x00000000080015d8       0x30 ./app/app_encoder.o
                0x00000000080015d8                app_encoder_loop
 .text.memset   0x0000000008001608       0x10 C:/ST/STM32CubeIDE_1.14.0/STM32CubeIDE/plugins/com.st.stm32cube.ide.mcu.externaltools.gnu-tools-for-stm32.11.3.rel1.win32_1.1.100.202309141235/tools/bin/../lib/gcc/arm-none-eabi/11.3.1/../../../../arm-none-eabi/lib/thumb/v6-m/nofp\libc_nano.a(libc_a-memset.o)
                0x0000000008001608                memset
 .text.__libc_init_array
                0x0000000008001618       0x48 C:/ST/STM32CubeIDE_1.14.0/STM32CubeIDE/plugins/com.st.stm32cube.ide.mcu.externaltools.gnu-tools-for-stm32.11.3.rel1.win32_1.1.100.202309141235/tools/bin/../lib/gcc/arm-none-eabi/11.3.1/../../../../arm-none-eabi/lib/thumb/v6-m/nofp\libc_nano.a(libc_a-init.o)
                0x0000000008001618                __libc_init_array
 *(.glue_7)
 .glue_7        0x0000000008001660        0x0 linker stubs
 *(.glue_7t)
 .glue_7t       0x0000000008001660        0x0 linker stubs
 *(.eh_frame)
 .eh_frame      0x0000000008001660        0x0 C:/ST/STM32CubeIDE_1.14.0/STM32CubeIDE/plugins/com.st.stm32cube.ide.mcu.externaltools.gnu-tools-for-stm32.11.3.rel1.win32_1.1.100.202309141235/tools/bin/../lib/gcc/arm-none-eabi/11.3.1/thumb/v6-m/nofp/crtbegin.o
 *(.init)
 .init          0x0000000008001660        0x4 C:/ST/STM32CubeIDE_1.14.0/STM32CubeIDE/plugins/com.st.stm32cube.ide.mcu.externaltools.gnu-tools-for-stm32.11.3.rel1.win32_1.1.100.202309141235/tools/bin/../lib/gcc/arm-none-eabi/11.3.1/thumb/v6-m/nofp/crti.o
                0x0000000008001660                _init
 .init          0x0000000008001664        0x8 C:/ST/STM32CubeIDE_1.14.0/STM32CubeIDE/plugins/com.st.stm32cube.ide.mcu.externaltools.gnu-tools-for-stm32.11.3.rel1.win32_1.1.100.202309141235/tools/bin/../lib/gcc/arm-none-eabi/11.3.1/thumb/v6-m/nofp/crtn.o
 *(.fini)
 .fini          0x000000000800166c        0x4 C:/ST/STM32CubeIDE_1.14.0/STM32CubeIDE/plugins/com.st.stm32cube.ide.mcu.externaltools.gnu-tools-for-stm32.11.3.rel1.win32_1.1.100.202309141235/tools/bin/../lib/gcc/arm-none-eabi/11.3.1/thumb/v6-m/nofp/crti.o
                0x000000000800166c                _fini
 .fini          0x0000000008001670        0x8 C:/ST/STM32CubeIDE_1.14.0/STM32CubeIDE/plugins/com.st.stm32cube.ide.mcu.externaltools.gnu-tools-for-stm32.11.3.rel1.win32_1.1.100.202309141235/tools/bin/../lib/gcc/arm-none-eabi/11.3.1/thumb/v6-m/nofp/crtn.o
                0x0000000008001678                . = ALIGN (0x4)
                0x0000000008001678                _etext = .

.vfp11_veneer   0x0000000008001678        0x0
 .vfp11_veneer  0x0000000008001678        0x0 linker stubs

.v4_bx          0x0000000008001678        0x0
 .v4_bx         0x0000000008001678        0x0 linker stubs

.iplt           0x0000000008001678        0x0
 .iplt          0x0000000008001678        0x0 C:/ST/STM32CubeIDE_1.14.0/STM32CubeIDE/plugins/com.st.stm32cube.ide.mcu.externaltools.gnu-tools-for-stm32.11.3.rel1.win32_1.1.100.202309141235/tools/bin/../lib/gcc/arm-none-eabi/11.3.1/thumb/v6-m/nofp/crtbegin.o

.rodata         0x0000000008001678       0x60
                0x0000000008001678                . = ALIGN (0x4)
 *(.rodata)
 *(.rodata*)
 .rodata.AHBPrescTable
                0x0000000008001678       0x40 ./Core/Src/system_stm32g0xx.o
                0x0000000008001678                AHBPrescTable
 .rodata.APBPrescTable
                0x00000000080016b8       0x20 ./Core/Src/system_stm32g0xx.o
                0x00000000080016b8                APBPrescTable
                0x00000000080016d8                . = ALIGN (0x4)

.rel.dyn        0x00000000080016d8        0x0
 .rel.iplt      0x00000000080016d8        0x0 C:/ST/STM32CubeIDE_1.14.0/STM32CubeIDE/plugins/com.st.stm32cube.ide.mcu.externaltools.gnu-tools-for-stm32.11.3.rel1.win32_1.1.100.202309141235/tools/bin/../lib/gcc/arm-none-eabi/11.3.1/thumb/v6-m/nofp/crtbegin.o

.ARM.extab      0x00000000080016d8        0x0
                0x00000000080016d8                . = ALIGN (0x4)
 *(.ARM.extab* .gnu.linkonce.armextab.*)
                0x00000000080016d8                . = ALIGN (0x4)

.ARM            0x00000000080016d8        0x0
                0x00000000080016d8                . = ALIGN (0x4)
                0x00000000080016d8                __exidx_start = .
 *(.ARM.exidx*)
                0x00000000080016d8                __exidx_end = .
                0x00000000080016d8                . = ALIGN (0x4)

.preinit_array  0x00000000080016d8        0x0
                0x00000000080016d8                . = ALIGN (0x4)
                0x00000000080016d8                PROVIDE (__preinit_array_start = .)
 *(.preinit_array*)
                0x00000000080016d8                PROVIDE (__preinit_array_end = .)
                0x00000000080016d8                . = ALIGN (0x4)

.init_array     0x00000000080016d8        0x4
                0x00000000080016d8                . = ALIGN (0x4)
                0x00000000080016d8                PROVIDE (__init_array_start = .)
 *(SORT_BY_NAME(.init_array.*))
 *(.init_array*)
 .init_array    0x00000000080016d8        0x4 C:/ST/STM32CubeIDE_1.14.0/STM32CubeIDE/plugins/com.st.stm32cube.ide.mcu.externaltools.gnu-tools-for-stm32.11.3.rel1.win32_1.1.100.202309141235/tools/bin/../lib/gcc/arm-none-eabi/11.3.1/thumb/v6-m/nofp/crtbegin.o
                0x00000000080016dc                PROVIDE (__init_array_end = .)
                0x00000000080016dc                . = ALIGN (0x4)

.fini_array     0x00000000080016dc        0x4
                0x00000000080016dc                . = ALIGN (0x4)
                [!provide]                        PROVIDE (__fini_array_start = .)
 *(SORT_BY_NAME(.fini_array.*))
 *(.fini_array*)
 .fini_array    0x00000000080016dc        0x4 C:/ST/STM32CubeIDE_1.14.0/STM32CubeIDE/plugins/com.st.stm32cube.ide.mcu.externaltools.gnu-tools-for-stm32.11.3.rel1.win32_1.1.100.202309141235/tools/bin/../lib/gcc/arm-none-eabi/11.3.1/thumb/v6-m/nofp/crtbegin.o
                [!provide]                        PROVIDE (__fini_array_end = .)
                0x00000000080016e0                . = ALIGN (0x4)
                0x00000000080016e0                _sidata = LOADADDR (.data)

.data           0x0000000020000000        0xc load address 0x00000000080016e0
                0x0000000020000000                . = ALIGN (0x4)
                0x0000000020000000                _sdata = .
 *(.data)
 *(.data*)
 .data.SystemCoreClock
                0x0000000020000000        0x4 ./Core/Src/system_stm32g0xx.o
                0x0000000020000000                SystemCoreClock
 .data.uwTickFreq
                0x0000000020000004        0x1 ./Drivers/STM32G0xx_HAL_Driver/Src/stm32g0xx_hal.o
                0x0000000020000004                uwTickFreq
 *fill*         0x0000000020000005        0x3 
 .data.uwTickPrio
                0x0000000020000008        0x4 ./Drivers/STM32G0xx_HAL_Driver/Src/stm32g0xx_hal.o
                0x0000000020000008                uwTickPrio
 *(.RamFunc)
 *(.RamFunc*)
                0x000000002000000c                . = ALIGN (0x4)
                0x000000002000000c                _edata = .

.igot.plt       0x000000002000000c        0x0 load address 0x00000000080016ec
 .igot.plt      0x000000002000000c        0x0 C:/ST/STM32CubeIDE_1.14.0/STM32CubeIDE/plugins/com.st.stm32cube.ide.mcu.externaltools.gnu-tools-for-stm32.11.3.rel1.win32_1.1.100.202309141235/tools/bin/../lib/gcc/arm-none-eabi/11.3.1/thumb/v6-m/nofp/crtbegin.o
                0x000000002000000c                . = ALIGN (0x4)

.bss            0x000000002000000c       0xc0 load address 0x00000000080016ec
                0x000000002000000c                _sbss = .
                0x000000002000000c                __bss_start__ = _sbss
 *(.bss)
 .bss           0x000000002000000c       0x1c C:/ST/STM32CubeIDE_1.14.0/STM32CubeIDE/plugins/com.st.stm32cube.ide.mcu.externaltools.gnu-tools-for-stm32.11.3.rel1.win32_1.1.100.202309141235/tools/bin/../lib/gcc/arm-none-eabi/11.3.1/thumb/v6-m/nofp/crtbegin.o
 *(.bss*)
 .bss.htim2     0x0000000020000028       0x4c ./Core/Src/main.o
                0x0000000020000028                htim2
 .bss.htim6     0x0000000020000074       0x4c ./Core/Src/stm32g0xx_hal_timebase_tim.o
                0x0000000020000074                htim6
 .bss.uwTick    0x00000000200000c0        0x4 ./Drivers/STM32G0xx_HAL_Driver/Src/stm32g0xx_hal.o
                0x00000000200000c0                uwTick
 .bss.encoderVal
                0x00000000200000c4        0x4 ./app/app_encoder.o
                0x00000000200000c4                encoderVal
 .bss.g         0x00000000200000c8        0x4 ./app/app_encoder.o
                0x00000000200000c8                g
 *(COMMON)
                0x00000000200000cc                . = ALIGN (0x4)
                0x00000000200000cc                _ebss = .
                0x00000000200000cc                __bss_end__ = _ebss

._user_heap_stack
                0x00000000200000cc      0x604 load address 0x00000000080016ec
                0x00000000200000d0                . = ALIGN (0x8)
 *fill*         0x00000000200000cc        0x4 
                [!provide]                        PROVIDE (end = .)
                0x00000000200000d0                PROVIDE (_end = .)
                0x00000000200002d0                . = (. + _Min_Heap_Size)
 *fill*         0x00000000200000d0      0x200 
                0x00000000200006d0                . = (. + _Min_Stack_Size)
 *fill*         0x00000000200002d0      0x400 
                0x00000000200006d0                . = ALIGN (0x8)

/DISCARD/
 libc.a(*)
 libm.a(*)
 libgcc.a(*)

.ARM.attributes
                0x0000000000000000       0x28
 *(.ARM.attributes)
 .ARM.attributes
                0x0000000000000000       0x1e C:/ST/STM32CubeIDE_1.14.0/STM32CubeIDE/plugins/com.st.stm32cube.ide.mcu.externaltools.gnu-tools-for-stm32.11.3.rel1.win32_1.1.100.202309141235/tools/bin/../lib/gcc/arm-none-eabi/11.3.1/thumb/v6-m/nofp/crti.o
 .ARM.attributes
                0x000000000000001e       0x2c C:/ST/STM32CubeIDE_1.14.0/STM32CubeIDE/plugins/com.st.stm32cube.ide.mcu.externaltools.gnu-tools-for-stm32.11.3.rel1.win32_1.1.100.202309141235/tools/bin/../lib/gcc/arm-none-eabi/11.3.1/thumb/v6-m/nofp/crtbegin.o
 .ARM.attributes
                0x000000000000004a       0x2c ./Core/Src/main.o
 .ARM.attributes
                0x0000000000000076       0x2c ./Core/Src/stm32g0xx_hal_msp.o
 .ARM.attributes
                0x00000000000000a2       0x2c ./Core/Src/stm32g0xx_hal_timebase_tim.o
 .ARM.attributes
                0x00000000000000ce       0x2c ./Core/Src/stm32g0xx_it.o
 .ARM.attributes
                0x00000000000000fa       0x2c ./Core/Src/system_stm32g0xx.o
 .ARM.attributes
                0x0000000000000126       0x22 ./Core/Startup/startup_stm32g0b1retx.o
 .ARM.attributes
                0x0000000000000148       0x2c ./Drivers/STM32G0xx_HAL_Driver/Src/stm32g0xx_hal.o
 .ARM.attributes
                0x0000000000000174       0x2c ./Drivers/STM32G0xx_HAL_Driver/Src/stm32g0xx_hal_cortex.o
 .ARM.attributes
                0x00000000000001a0       0x2c ./Drivers/STM32G0xx_HAL_Driver/Src/stm32g0xx_hal_gpio.o
 .ARM.attributes
                0x00000000000001cc       0x2c ./Drivers/STM32G0xx_HAL_Driver/Src/stm32g0xx_hal_pwr_ex.o
 .ARM.attributes
                0x00000000000001f8       0x2c ./Drivers/STM32G0xx_HAL_Driver/Src/stm32g0xx_hal_rcc.o
 .ARM.attributes
                0x0000000000000224       0x2c ./Drivers/STM32G0xx_HAL_Driver/Src/stm32g0xx_hal_tim.o
 .ARM.attributes
                0x0000000000000250       0x2c ./Drivers/STM32G0xx_HAL_Driver/Src/stm32g0xx_hal_tim_ex.o
 .ARM.attributes
                0x000000000000027c       0x2c ./app/app_encoder.o
 .ARM.attributes
                0x00000000000002a8       0x2c C:/ST/STM32CubeIDE_1.14.0/STM32CubeIDE/plugins/com.st.stm32cube.ide.mcu.externaltools.gnu-tools-for-stm32.11.3.rel1.win32_1.1.100.202309141235/tools/bin/../lib/gcc/arm-none-eabi/11.3.1/../../../../arm-none-eabi/lib/thumb/v6-m/nofp\libc_nano.a(libc_a-memset.o)
 .ARM.attributes
                0x00000000000002d4       0x2c C:/ST/STM32CubeIDE_1.14.0/STM32CubeIDE/plugins/com.st.stm32cube.ide.mcu.externaltools.gnu-tools-for-stm32.11.3.rel1.win32_1.1.100.202309141235/tools/bin/../lib/gcc/arm-none-eabi/11.3.1/../../../../arm-none-eabi/lib/thumb/v6-m/nofp\libc_nano.a(libc_a-init.o)
 .ARM.attributes
                0x0000000000000300       0x1e C:/ST/STM32CubeIDE_1.14.0/STM32CubeIDE/plugins/com.st.stm32cube.ide.mcu.externaltools.gnu-tools-for-stm32.11.3.rel1.win32_1.1.100.202309141235/tools/bin/../lib/gcc/arm-none-eabi/11.3.1/thumb/v6-m/nofp\libgcc.a(_udivsi3.o)
 .ARM.attributes
                0x000000000000031e       0x1e C:/ST/STM32CubeIDE_1.14.0/STM32CubeIDE/plugins/com.st.stm32cube.ide.mcu.externaltools.gnu-tools-for-stm32.11.3.rel1.win32_1.1.100.202309141235/tools/bin/../lib/gcc/arm-none-eabi/11.3.1/thumb/v6-m/nofp\libgcc.a(_dvmd_tls.o)
 .ARM.attributes
                0x000000000000033c       0x1e C:/ST/STM32CubeIDE_1.14.0/STM32CubeIDE/plugins/com.st.stm32cube.ide.mcu.externaltools.gnu-tools-for-stm32.11.3.rel1.win32_1.1.100.202309141235/tools/bin/../lib/gcc/arm-none-eabi/11.3.1/thumb/v6-m/nofp/crtn.o
OUTPUT(STM32G0_encoder.elf elf32-littlearm)
LOAD linker stubs
LOAD C:/ST/STM32CubeIDE_1.14.0/STM32CubeIDE/plugins/com.st.stm32cube.ide.mcu.externaltools.gnu-tools-for-stm32.11.3.rel1.win32_1.1.100.202309141235/tools/bin/../lib/gcc/arm-none-eabi/11.3.1/../../../../arm-none-eabi/lib/thumb/v6-m/nofp\libc.a
LOAD C:/ST/STM32CubeIDE_1.14.0/STM32CubeIDE/plugins/com.st.stm32cube.ide.mcu.externaltools.gnu-tools-for-stm32.11.3.rel1.win32_1.1.100.202309141235/tools/bin/../lib/gcc/arm-none-eabi/11.3.1/../../../../arm-none-eabi/lib/thumb/v6-m/nofp\libm.a
LOAD C:/ST/STM32CubeIDE_1.14.0/STM32CubeIDE/plugins/com.st.stm32cube.ide.mcu.externaltools.gnu-tools-for-stm32.11.3.rel1.win32_1.1.100.202309141235/tools/bin/../lib/gcc/arm-none-eabi/11.3.1/thumb/v6-m/nofp\libgcc.a

.comment        0x0000000000000000       0x43
 .comment       0x0000000000000000       0x43 C:/ST/STM32CubeIDE_1.14.0/STM32CubeIDE/plugins/com.st.stm32cube.ide.mcu.externaltools.gnu-tools-for-stm32.11.3.rel1.win32_1.1.100.202309141235/tools/bin/../lib/gcc/arm-none-eabi/11.3.1/thumb/v6-m/nofp/crtbegin.o
                                         0x44 (size before relaxing)
 .comment       0x0000000000000043       0x44 ./Core/Src/main.o
 .comment       0x0000000000000043       0x44 ./Core/Src/stm32g0xx_hal_msp.o
 .comment       0x0000000000000043       0x44 ./Core/Src/stm32g0xx_hal_timebase_tim.o
 .comment       0x0000000000000043       0x44 ./Core/Src/stm32g0xx_it.o
 .comment       0x0000000000000043       0x44 ./Core/Src/system_stm32g0xx.o
 .comment       0x0000000000000043       0x44 ./Drivers/STM32G0xx_HAL_Driver/Src/stm32g0xx_hal.o
 .comment       0x0000000000000043       0x44 ./Drivers/STM32G0xx_HAL_Driver/Src/stm32g0xx_hal_cortex.o
 .comment       0x0000000000000043       0x44 ./Drivers/STM32G0xx_HAL_Driver/Src/stm32g0xx_hal_gpio.o
 .comment       0x0000000000000043       0x44 ./Drivers/STM32G0xx_HAL_Driver/Src/stm32g0xx_hal_pwr_ex.o
 .comment       0x0000000000000043       0x44 ./Drivers/STM32G0xx_HAL_Driver/Src/stm32g0xx_hal_rcc.o
 .comment       0x0000000000000043       0x44 ./Drivers/STM32G0xx_HAL_Driver/Src/stm32g0xx_hal_tim.o
 .comment       0x0000000000000043       0x44 ./Drivers/STM32G0xx_HAL_Driver/Src/stm32g0xx_hal_tim_ex.o
 .comment       0x0000000000000043       0x44 ./app/app_encoder.o

.debug_info     0x0000000000000000     0xcb47
 .debug_info    0x0000000000000000     0x12d6 ./Core/Src/main.o
 .debug_info    0x00000000000012d6      0xbe6 ./Core/Src/stm32g0xx_hal_msp.o
 .debug_info    0x0000000000001ebc      0xcae ./Core/Src/stm32g0xx_hal_timebase_tim.o
 .debug_info    0x0000000000002b6a      0x897 ./Core/Src/stm32g0xx_it.o
 .debug_info    0x0000000000003401      0x350 ./Core/Src/system_stm32g0xx.o
 .debug_info    0x0000000000003751       0x23 ./Core/Startup/startup_stm32g0b1retx.o
 .debug_info    0x0000000000003774      0xbbd ./Drivers/STM32G0xx_HAL_Driver/Src/stm32g0xx_hal.o
 .debug_info    0x0000000000004331      0xa05 ./Drivers/STM32G0xx_HAL_Driver/Src/stm32g0xx_hal_cortex.o
 .debug_info    0x0000000000004d36      0x62d ./Drivers/STM32G0xx_HAL_Driver/Src/stm32g0xx_hal_gpio.o
 .debug_info    0x0000000000005363      0x94f ./Drivers/STM32G0xx_HAL_Driver/Src/stm32g0xx_hal_pwr_ex.o
 .debug_info    0x0000000000005cb2      0xe0e ./Drivers/STM32G0xx_HAL_Driver/Src/stm32g0xx_hal_rcc.o
 .debug_info    0x0000000000006ac0     0x3e83 ./Drivers/STM32G0xx_HAL_Driver/Src/stm32g0xx_hal_tim.o
 .debug_info    0x000000000000a943     0x1f42 ./Drivers/STM32G0xx_HAL_Driver/Src/stm32g0xx_hal_tim_ex.o
 .debug_info    0x000000000000c885      0x2c2 ./app/app_encoder.o

.debug_abbrev   0x0000000000000000     0x1d26
 .debug_abbrev  0x0000000000000000      0x2e4 ./Core/Src/main.o
 .debug_abbrev  0x00000000000002e4      0x1da ./Core/Src/stm32g0xx_hal_msp.o
 .debug_abbrev  0x00000000000004be      0x270 ./Core/Src/stm32g0xx_hal_timebase_tim.o
 .debug_abbrev  0x000000000000072e      0x1b2 ./Core/Src/stm32g0xx_it.o
 .debug_abbrev  0x00000000000008e0      0x148 ./Core/Src/system_stm32g0xx.o
 .debug_abbrev  0x0000000000000a28       0x12 ./Core/Startup/startup_stm32g0b1retx.o
 .debug_abbrev  0x0000000000000a3a      0x291 ./Drivers/STM32G0xx_HAL_Driver/Src/stm32g0xx_hal.o
 .debug_abbrev  0x0000000000000ccb      0x2cc ./Drivers/STM32G0xx_HAL_Driver/Src/stm32g0xx_hal_cortex.o
 .debug_abbrev  0x0000000000000f97      0x20d ./Drivers/STM32G0xx_HAL_Driver/Src/stm32g0xx_hal_gpio.o
 .debug_abbrev  0x00000000000011a4      0x25b ./Drivers/STM32G0xx_HAL_Driver/Src/stm32g0xx_hal_pwr_ex.o
 .debug_abbrev  0x00000000000013ff      0x2d6 ./Drivers/STM32G0xx_HAL_Driver/Src/stm32g0xx_hal_rcc.o
 .debug_abbrev  0x00000000000016d5      0x282 ./Drivers/STM32G0xx_HAL_Driver/Src/stm32g0xx_hal_tim.o
 .debug_abbrev  0x0000000000001957      0x295 ./Drivers/STM32G0xx_HAL_Driver/Src/stm32g0xx_hal_tim_ex.o
 .debug_abbrev  0x0000000000001bec      0x13a ./app/app_encoder.o

.debug_loclists
                0x0000000000000000     0x6083
 .debug_loclists
                0x0000000000000000       0x34 ./Core/Src/main.o
 .debug_loclists
                0x0000000000000034       0x59 ./Core/Src/stm32g0xx_hal_msp.o
 .debug_loclists
                0x000000000000008d       0xad ./Core/Src/stm32g0xx_hal_timebase_tim.o
 .debug_loclists
                0x000000000000013a       0x6d ./Core/Src/system_stm32g0xx.o
 .debug_loclists
                0x00000000000001a7      0x125 ./Drivers/STM32G0xx_HAL_Driver/Src/stm32g0xx_hal.o
 .debug_loclists
                0x00000000000002cc      0x2b4 ./Drivers/STM32G0xx_HAL_Driver/Src/stm32g0xx_hal_cortex.o
 .debug_loclists
                0x0000000000000580      0x27b ./Drivers/STM32G0xx_HAL_Driver/Src/stm32g0xx_hal_gpio.o
 .debug_loclists
                0x00000000000007fb      0x20e ./Drivers/STM32G0xx_HAL_Driver/Src/stm32g0xx_hal_pwr_ex.o
 .debug_loclists
                0x0000000000000a09      0x515 ./Drivers/STM32G0xx_HAL_Driver/Src/stm32g0xx_hal_rcc.o
 .debug_loclists
                0x0000000000000f1e     0x3731 ./Drivers/STM32G0xx_HAL_Driver/Src/stm32g0xx_hal_tim.o
 .debug_loclists
                0x000000000000464f     0x1a34 ./Drivers/STM32G0xx_HAL_Driver/Src/stm32g0xx_hal_tim_ex.o

.debug_aranges  0x0000000000000000      0xae8
 .debug_aranges
                0x0000000000000000       0x48 ./Core/Src/main.o
 .debug_aranges
                0x0000000000000048       0x30 ./Core/Src/stm32g0xx_hal_msp.o
 .debug_aranges
                0x0000000000000078       0x30 ./Core/Src/stm32g0xx_hal_timebase_tim.o
 .debug_aranges
                0x00000000000000a8       0x50 ./Core/Src/stm32g0xx_it.o
 .debug_aranges
                0x00000000000000f8       0x28 ./Core/Src/system_stm32g0xx.o
 .debug_aranges
                0x0000000000000120       0x28 ./Core/Startup/startup_stm32g0b1retx.o
 .debug_aranges
                0x0000000000000148      0x130 ./Drivers/STM32G0xx_HAL_Driver/Src/stm32g0xx_hal.o
 .debug_aranges
                0x0000000000000278       0xa0 ./Drivers/STM32G0xx_HAL_Driver/Src/stm32g0xx_hal_cortex.o
 .debug_aranges
                0x0000000000000318       0x60 ./Drivers/STM32G0xx_HAL_Driver/Src/stm32g0xx_hal_gpio.o
 .debug_aranges
                0x0000000000000378      0x128 ./Drivers/STM32G0xx_HAL_Driver/Src/stm32g0xx_hal_pwr_ex.o
 .debug_aranges
                0x00000000000004a0       0x98 ./Drivers/STM32G0xx_HAL_Driver/Src/stm32g0xx_hal_rcc.o
 .debug_aranges
                0x0000000000000538      0x3e0 ./Drivers/STM32G0xx_HAL_Driver/Src/stm32g0xx_hal_tim.o
 .debug_aranges
                0x0000000000000918      0x198 ./Drivers/STM32G0xx_HAL_Driver/Src/stm32g0xx_hal_tim_ex.o
 .debug_aranges
                0x0000000000000ab0       0x38 ./app/app_encoder.o

.debug_rnglists
                0x0000000000000000      0x87d
 .debug_rnglists
                0x0000000000000000       0x32 ./Core/Src/main.o
 .debug_rnglists
                0x0000000000000032       0x1f ./Core/Src/stm32g0xx_hal_msp.o
 .debug_rnglists
                0x0000000000000051       0x20 ./Core/Src/stm32g0xx_hal_timebase_tim.o
 .debug_rnglists
                0x0000000000000071       0x37 ./Core/Src/stm32g0xx_it.o
 .debug_rnglists
                0x00000000000000a8       0x1a ./Core/Src/system_stm32g0xx.o
 .debug_rnglists
                0x00000000000000c2       0x19 ./Core/Startup/startup_stm32g0b1retx.o
 .debug_rnglists
                0x00000000000000db       0xdf ./Drivers/STM32G0xx_HAL_Driver/Src/stm32g0xx_hal.o
 .debug_rnglists
                0x00000000000001ba       0xa3 ./Drivers/STM32G0xx_HAL_Driver/Src/stm32g0xx_hal_cortex.o
 .debug_rnglists
                0x000000000000025d       0x45 ./Drivers/STM32G0xx_HAL_Driver/Src/stm32g0xx_hal_gpio.o
 .debug_rnglists
                0x00000000000002a2       0xdd ./Drivers/STM32G0xx_HAL_Driver/Src/stm32g0xx_hal_pwr_ex.o
 .debug_rnglists
                0x000000000000037f       0x86 ./Drivers/STM32G0xx_HAL_Driver/Src/stm32g0xx_hal_rcc.o
 .debug_rnglists
                0x0000000000000405      0x312 ./Drivers/STM32G0xx_HAL_Driver/Src/stm32g0xx_hal_tim.o
 .debug_rnglists
                0x0000000000000717      0x141 ./Drivers/STM32G0xx_HAL_Driver/Src/stm32g0xx_hal_tim_ex.o
 .debug_rnglists
                0x0000000000000858       0x25 ./app/app_encoder.o

.debug_macro    0x0000000000000000    0x1aecb
 .debug_macro   0x0000000000000000      0x1e4 ./Core/Src/main.o
 .debug_macro   0x00000000000001e4      0xa7e ./Core/Src/main.o
 .debug_macro   0x0000000000000c62      0x124 ./Core/Src/main.o
 .debug_macro   0x0000000000000d86       0x2e ./Core/Src/main.o
 .debug_macro   0x0000000000000db4       0x28 ./Core/Src/main.o
 .debug_macro   0x0000000000000ddc       0x22 ./Core/Src/main.o
 .debug_macro   0x0000000000000dfe       0x8e ./Core/Src/main.o
 .debug_macro   0x0000000000000e8c       0x51 ./Core/Src/main.o
 .debug_macro   0x0000000000000edd      0x103 ./Core/Src/main.o
 .debug_macro   0x0000000000000fe0       0x6a ./Core/Src/main.o
 .debug_macro   0x000000000000104a      0x1df ./Core/Src/main.o
 .debug_macro   0x0000000000001229       0x1c ./Core/Src/main.o
 .debug_macro   0x0000000000001245       0x22 ./Core/Src/main.o
 .debug_macro   0x0000000000001267       0xd1 ./Core/Src/main.o
 .debug_macro   0x0000000000001338      0x4da ./Core/Src/main.o
 .debug_macro   0x0000000000001812      0x11f ./Core/Src/main.o
 .debug_macro   0x0000000000001931     0xf3de ./Core/Src/main.o
 .debug_macro   0x0000000000010d0f       0x66 ./Core/Src/main.o
 .debug_macro   0x0000000000010d75     0x350e ./Core/Src/main.o
 .debug_macro   0x0000000000014283      0x174 ./Core/Src/main.o
 .debug_macro   0x00000000000143f7       0x5c ./Core/Src/main.o
 .debug_macro   0x0000000000014453      0x72c ./Core/Src/main.o
 .debug_macro   0x0000000000014b7f     0x1579 ./Core/Src/main.o
 .debug_macro   0x00000000000160f8      0x535 ./Core/Src/main.o
 .debug_macro   0x000000000001662d      0x1cf ./Core/Src/main.o
 .debug_macro   0x00000000000167fc      0x25b ./Core/Src/main.o
 .debug_macro   0x0000000000016a57      0x4f5 ./Core/Src/main.o
 .debug_macro   0x0000000000016f4c      0x280 ./Core/Src/main.o
 .debug_macro   0x00000000000171cc      0x417 ./Core/Src/main.o
 .debug_macro   0x00000000000175e3      0x1b2 ./Core/Src/main.o
 .debug_macro   0x0000000000017795       0x43 ./Core/Src/main.o
 .debug_macro   0x00000000000177d8      0x1f1 ./Core/Src/main.o
 .debug_macro   0x00000000000179c9      0x1e4 ./Core/Src/main.o
 .debug_macro   0x0000000000017bad      0x3fa ./Core/Src/main.o
 .debug_macro   0x0000000000017fa7       0x28 ./Core/Src/main.o
 .debug_macro   0x0000000000017fcf      0x123 ./Core/Src/main.o
 .debug_macro   0x00000000000180f2      0x145 ./Core/Src/main.o
 .debug_macro   0x0000000000018237      0x30b ./Core/Src/main.o
 .debug_macro   0x0000000000018542      0xae5 ./Core/Src/main.o
 .debug_macro   0x0000000000019027      0x239 ./Core/Src/main.o
 .debug_macro   0x0000000000019260      0x5df ./Core/Src/main.o
 .debug_macro   0x000000000001983f       0x1c ./Core/Src/main.o
 .debug_macro   0x000000000001985b      0x1da ./Core/Src/stm32g0xx_hal_msp.o
 .debug_macro   0x0000000000019a35      0x1cb ./Core/Src/stm32g0xx_hal_timebase_tim.o
 .debug_macro   0x0000000000019c00      0x1e4 ./Core/Src/stm32g0xx_it.o
 .debug_macro   0x0000000000019de4      0x1cb ./Core/Src/system_stm32g0xx.o
 .debug_macro   0x0000000000019faf      0x1ef ./Drivers/STM32G0xx_HAL_Driver/Src/stm32g0xx_hal.o
 .debug_macro   0x000000000001a19e      0x1cb ./Drivers/STM32G0xx_HAL_Driver/Src/stm32g0xx_hal_cortex.o
 .debug_macro   0x000000000001a369      0x1d2 ./Drivers/STM32G0xx_HAL_Driver/Src/stm32g0xx_hal_gpio.o
 .debug_macro   0x000000000001a53b      0x1f5 ./Drivers/STM32G0xx_HAL_Driver/Src/stm32g0xx_hal_pwr_ex.o
 .debug_macro   0x000000000001a730      0x213 ./Drivers/STM32G0xx_HAL_Driver/Src/stm32g0xx_hal_rcc.o
 .debug_macro   0x000000000001a943      0x1d3 ./Drivers/STM32G0xx_HAL_Driver/Src/stm32g0xx_hal_tim.o
 .debug_macro   0x000000000001ab16      0x1d1 ./Drivers/STM32G0xx_HAL_Driver/Src/stm32g0xx_hal_tim_ex.o
 .debug_macro   0x000000000001ace7      0x1e4 ./app/app_encoder.o

.debug_line     0x0000000000000000     0xf3b6
 .debug_line    0x0000000000000000      0x9e6 ./Core/Src/main.o
 .debug_line    0x00000000000009e6      0x807 ./Core/Src/stm32g0xx_hal_msp.o
 .debug_line    0x00000000000011ed      0x846 ./Core/Src/stm32g0xx_hal_timebase_tim.o
 .debug_line    0x0000000000001a33      0x80a ./Core/Src/stm32g0xx_it.o
 .debug_line    0x000000000000223d      0x837 ./Core/Src/system_stm32g0xx.o
 .debug_line    0x0000000000002a74       0x7b ./Core/Startup/startup_stm32g0b1retx.o
 .debug_line    0x0000000000002aef      0xbe4 ./Drivers/STM32G0xx_HAL_Driver/Src/stm32g0xx_hal.o
 .debug_line    0x00000000000036d3      0xc1b ./Drivers/STM32G0xx_HAL_Driver/Src/stm32g0xx_hal_cortex.o
 .debug_line    0x00000000000042ee      0xc73 ./Drivers/STM32G0xx_HAL_Driver/Src/stm32g0xx_hal_gpio.o
 .debug_line    0x0000000000004f61      0xda1 ./Drivers/STM32G0xx_HAL_Driver/Src/stm32g0xx_hal_pwr_ex.o
 .debug_line    0x0000000000005d02     0x13ad ./Drivers/STM32G0xx_HAL_Driver/Src/stm32g0xx_hal_rcc.o
 .debug_line    0x00000000000070af     0x55ab ./Drivers/STM32G0xx_HAL_Driver/Src/stm32g0xx_hal_tim.o
 .debug_line    0x000000000000c65a     0x259b ./Drivers/STM32G0xx_HAL_Driver/Src/stm32g0xx_hal_tim_ex.o
 .debug_line    0x000000000000ebf5      0x7c1 ./app/app_encoder.o

.debug_str      0x0000000000000000    0xb180e
 .debug_str     0x0000000000000000    0xaee83 ./Core/Src/main.o
                                      0xaf64b (size before relaxing)
 .debug_str     0x00000000000aee83       0x9c ./Core/Src/stm32g0xx_hal_msp.o
                                      0xaf0a5 (size before relaxing)
 .debug_str     0x00000000000aef1f      0x115 ./Core/Src/stm32g0xx_hal_timebase_tim.o
                                      0xaf300 (size before relaxing)
 .debug_str     0x00000000000af034       0xd0 ./Core/Src/stm32g0xx_it.o
                                      0xaef94 (size before relaxing)
 .debug_str     0x00000000000af104       0x8e ./Core/Src/system_stm32g0xx.o
                                      0xae996 (size before relaxing)
 .debug_str     0x00000000000af192       0x34 ./Core/Startup/startup_stm32g0b1retx.o
                                         0x71 (size before relaxing)
 .debug_str     0x00000000000af1c6      0x59b ./Drivers/STM32G0xx_HAL_Driver/Src/stm32g0xx_hal.o
                                      0xaf26f (size before relaxing)
 .debug_str     0x00000000000af761      0x2c2 ./Drivers/STM32G0xx_HAL_Driver/Src/stm32g0xx_hal_cortex.o
                                      0xaee99 (size before relaxing)
 .debug_str     0x00000000000afa23      0x150 ./Drivers/STM32G0xx_HAL_Driver/Src/stm32g0xx_hal_gpio.o
                                      0xaeaeb (size before relaxing)
 .debug_str     0x00000000000afb73      0x3f0 ./Drivers/STM32G0xx_HAL_Driver/Src/stm32g0xx_hal_pwr_ex.o
                                      0xaef18 (size before relaxing)
 .debug_str     0x00000000000aff63      0x491 ./Drivers/STM32G0xx_HAL_Driver/Src/stm32g0xx_hal_rcc.o
                                      0xaf162 (size before relaxing)
 .debug_str     0x00000000000b03f4      0xde5 ./Drivers/STM32G0xx_HAL_Driver/Src/stm32g0xx_hal_tim.o
                                      0xafef1 (size before relaxing)
 .debug_str     0x00000000000b11d9      0x5f9 ./Drivers/STM32G0xx_HAL_Driver/Src/stm32g0xx_hal_tim_ex.o
                                      0xaf87f (size before relaxing)
 .debug_str     0x00000000000b17d2       0x3c ./app/app_encoder.o
                                      0xae97e (size before relaxing)

.debug_frame    0x0000000000000000     0x1afc
 .debug_frame   0x0000000000000000       0xa8 ./Core/Src/main.o
 .debug_frame   0x00000000000000a8       0x5c ./Core/Src/stm32g0xx_hal_msp.o
 .debug_frame   0x0000000000000104       0x4c ./Core/Src/stm32g0xx_hal_timebase_tim.o
 .debug_frame   0x0000000000000150       0x90 ./Core/Src/stm32g0xx_it.o
 .debug_frame   0x00000000000001e0       0x38 ./Core/Src/system_stm32g0xx.o
 .debug_frame   0x0000000000000218      0x274 ./Drivers/STM32G0xx_HAL_Driver/Src/stm32g0xx_hal.o
 .debug_frame   0x000000000000048c      0x134 ./Drivers/STM32G0xx_HAL_Driver/Src/stm32g0xx_hal_cortex.o
 .debug_frame   0x00000000000005c0       0xd0 ./Drivers/STM32G0xx_HAL_Driver/Src/stm32g0xx_hal_gpio.o
 .debug_frame   0x0000000000000690      0x258 ./Drivers/STM32G0xx_HAL_Driver/Src/stm32g0xx_hal_pwr_ex.o
 .debug_frame   0x00000000000008e8      0x174 ./Drivers/STM32G0xx_HAL_Driver/Src/stm32g0xx_hal_rcc.o
 .debug_frame   0x0000000000000a5c      0xb1c ./Drivers/STM32G0xx_HAL_Driver/Src/stm32g0xx_hal_tim.o
 .debug_frame   0x0000000000001578      0x4c0 ./Drivers/STM32G0xx_HAL_Driver/Src/stm32g0xx_hal_tim_ex.o
 .debug_frame   0x0000000000001a38       0x58 ./app/app_encoder.o
 .debug_frame   0x0000000000001a90       0x20 C:/ST/STM32CubeIDE_1.14.0/STM32CubeIDE/plugins/com.st.stm32cube.ide.mcu.externaltools.gnu-tools-for-stm32.11.3.rel1.win32_1.1.100.202309141235/tools/bin/../lib/gcc/arm-none-eabi/11.3.1/../../../../arm-none-eabi/lib/thumb/v6-m/nofp\libc_nano.a(libc_a-memset.o)
 .debug_frame   0x0000000000001ab0       0x2c C:/ST/STM32CubeIDE_1.14.0/STM32CubeIDE/plugins/com.st.stm32cube.ide.mcu.externaltools.gnu-tools-for-stm32.11.3.rel1.win32_1.1.100.202309141235/tools/bin/../lib/gcc/arm-none-eabi/11.3.1/../../../../arm-none-eabi/lib/thumb/v6-m/nofp\libc_nano.a(libc_a-init.o)
 .debug_frame   0x0000000000001adc       0x20 C:/ST/STM32CubeIDE_1.14.0/STM32CubeIDE/plugins/com.st.stm32cube.ide.mcu.externaltools.gnu-tools-for-stm32.11.3.rel1.win32_1.1.100.202309141235/tools/bin/../lib/gcc/arm-none-eabi/11.3.1/thumb/v6-m/nofp\libgcc.a(_udivsi3.o)

.debug_line_str
                0x0000000000000000       0x65
 .debug_line_str
                0x0000000000000000       0x65 ./Core/Startup/startup_stm32g0b1retx.o
                                         0x7d (size before relaxing)
