../USB_Device/Target/usbd_conf.c:69:6:HAL_PCD_MspInit	112	static
../USB_Device/Target/usbd_conf.c:111:6:HAL_PCD_MspDeInit	16	static
../USB_Device/Target/usbd_conf.c:144:6:HAL_PCD_SetupStageCallback	16	static
../USB_Device/Target/usbd_conf.c:165:6:HAL_PCD_DataOutStageCallback	24	static
../USB_Device/Target/usbd_conf.c:186:6:HAL_PCD_DataInStageCallback	16	static
../USB_Device/Target/usbd_conf.c:206:6:HAL_PCD_SOFCallback	16	static
../USB_Device/Target/usbd_conf.c:226:6:HAL_PCD_ResetCallback	24	static
../USB_Device/Target/usbd_conf.c:256:6:HAL_PCD_SuspendCallback	16	static
../USB_Device/Target/usbd_conf.c:287:6:HAL_PCD_ResumeCallback	16	static
../USB_Device/Target/usbd_conf.c:319:6:HAL_PCD_ISOOUTIncompleteCallback	16	static
../USB_Device/Target/usbd_conf.c:340:6:HAL_PCD_ISOINIncompleteCallback	16	static
../USB_Device/Target/usbd_conf.c:360:6:HAL_PCD_ConnectCallback	16	static
../USB_Device/Target/usbd_conf.c:380:6:HAL_PCD_DisconnectCallback	16	static
../USB_Device/Target/usbd_conf.c:405:20:USBD_LL_Init	16	static
../USB_Device/Target/usbd_conf.c:468:20:USBD_LL_DeInit	40	static
../USB_Device/Target/usbd_conf.c:485:20:USBD_LL_Start	40	static
../USB_Device/Target/usbd_conf.c:502:20:USBD_LL_Stop	40	static
../USB_Device/Target/usbd_conf.c:522:20:USBD_LL_OpenEP	40	static
../USB_Device/Target/usbd_conf.c:540:20:USBD_LL_CloseEP	40	static
../USB_Device/Target/usbd_conf.c:558:20:USBD_LL_FlushEP	40	static
../USB_Device/Target/usbd_conf.c:576:20:USBD_LL_StallEP	40	static
../USB_Device/Target/usbd_conf.c:594:20:USBD_LL_ClearStallEP	40	static
../USB_Device/Target/usbd_conf.c:612:9:USBD_LL_IsStallEP	24	static
../USB_Device/Target/usbd_conf.c:632:20:USBD_LL_SetUSBAddress	40	static
../USB_Device/Target/usbd_conf.c:652:20:USBD_LL_Transmit	48	static
../USB_Device/Target/usbd_conf.c:672:20:USBD_LL_PrepareReceive	48	static
../USB_Device/Target/usbd_conf.c:690:10:USBD_LL_GetRxDataSize	16	static
../USB_Device/Target/usbd_conf.c:704:6:HAL_PCDEx_LPM_Callback	16	static
../USB_Device/Target/usbd_conf.c:742:7:USBD_static_malloc	16	static
../USB_Device/Target/usbd_conf.c:753:6:USBD_static_free	16	static
../USB_Device/Target/usbd_conf.c:763:6:USBD_LL_Delay	16	static
../USB_Device/Target/usbd_conf.c:774:13:SystemClockConfig_Resume	8	static
../USB_Device/Target/usbd_conf.c:785:20:USBD_Get_USB_Status	24	static
