../USBPD/App/usbpd_pwr_if.c:116:21:USBPD_PWR_IF_Init	8	static
../USBPD/App/usbpd_pwr_if.c:129:21:USBPD_PWR_IF_SupplyReady	24	static
../USBPD/App/usbpd_pwr_if.c:164:21:USBPD_PWR_IF_ReadVA	24	static
../USBPD/App/usbpd_pwr_if.c:177:21:USBPD_PWR_IF_Enable_VConn	16	static
../USBPD/App/usbpd_pwr_if.c:190:21:USBPD_PWR_IF_Disable_VConn	16	static
../USBPD/App/usbpd_pwr_if.c:208:6:USBPD_PWR_IF_GetPortPDOs	24	static
../USBPD/App/usbpd_pwr_if.c:228:21:USBPD_PWR_IF_SearchRequestedPDO	24	static
../USBPD/App/usbpd_pwr_if.c:240:6:USBPD_PWR_IF_AlarmType	16	static
../USBPD/App/usbpd_pwr_if.c:251:6:USBPD_PWR_IF_Alarm	8	static
../USBPD/App/usbpd_pwr_if.c:264:9:USBPD_PWR_IF_GetVBUSStatus	24	static
../USBPD/App/usbpd_pwr_if.c:293:6:USBPD_PWR_IF_UpdateVbusThreshold	16	static
../USBPD/App/usbpd_pwr_if.c:304:6:USBPD_PWR_IF_ResetVbusThreshold	16	static
