../USBPD/App/usbpd_pwr_if.c:116:21:USBPD_PWR_IF_Init	8	static
../USBPD/App/usbpd_pwr_if.c:129:21:USBPD_PWR_IF_SupplyReady	24	static
../USBPD/App/usbpd_pwr_if.c:165:21:USBPD_PWR_IF_ReadVA	24	static
../USBPD/App/usbpd_pwr_if.c:178:21:USBPD_PWR_IF_Enable_VConn	16	static
../USBPD/App/usbpd_pwr_if.c:191:21:USBPD_PWR_IF_Disable_VConn	16	static
../USBPD/App/usbpd_pwr_if.c:209:6:USBPD_PWR_IF_GetPortPDOs	24	static
../USBPD/App/usbpd_pwr_if.c:229:21:USBPD_PWR_IF_SearchRequestedPDO	24	static
../USBPD/App/usbpd_pwr_if.c:241:6:USBPD_PWR_IF_AlarmType	16	static
../USBPD/App/usbpd_pwr_if.c:252:6:USBPD_PWR_IF_Alarm	8	static
../USBPD/App/usbpd_pwr_if.c:265:9:USBPD_PWR_IF_GetVBUSStatus	24	static
../USBPD/App/usbpd_pwr_if.c:295:6:USBPD_PWR_IF_UpdateVbusThreshold	16	static
../USBPD/App/usbpd_pwr_if.c:306:6:USBPD_PWR_IF_ResetVbusThreshold	16	static
