../USBPD/Target/usbpd_dpm_user.c:156:21:USBPD_DPM_UserInit	8	static
../USBPD/Target/usbpd_dpm_user.c:170:6:USBPD_DPM_SetNotification_GUI	24	static
../USBPD/Target/usbpd_dpm_user.c:182:6:USBPD_DPM_WaitForTime	16	static
../USBPD/Target/usbpd_dpm_user.c:195:6:USBPD_DPM_UserExecute	16	static
../USBPD/Target/usbpd_dpm_user.c:209:6:USBPD_DPM_UserCableDetection	88	static
../USBPD/Target/usbpd_dpm_user.c:238:6:USBPD_DPM_UserTimerCounter	16	static
../USBPD/Target/usbpd_dpm_user.c:259:6:USBPD_DPM_Notification	88	static
../USBPD/Target/usbpd_dpm_user.c:319:6:USBPD_DPM_HardReset	88	static
../USBPD/Target/usbpd_dpm_user.c:334:6:USBPD_DPM_GetDataInfo	104	static
../USBPD/Target/usbpd_dpm_user.c:392:6:USBPD_DPM_SetDataInfo	96	static
../USBPD/Target/usbpd_dpm_user.c:452:6:USBPD_DPM_SNK_EvaluateCapabilities	32	static
../USBPD/Target/usbpd_dpm_user.c:481:21:USBPD_DPM_EvaluateVconnSwap	24	static
../USBPD/Target/usbpd_dpm_user.c:500:21:USBPD_DPM_PE_VconnPwr	16	static
../USBPD/Target/usbpd_dpm_user.c:518:6:USBPD_DPM_ExtendedMessageReceived	24	static
../USBPD/Target/usbpd_dpm_user.c:530:6:USBPD_DPM_EnterErrorRecovery	16	static
../USBPD/Target/usbpd_dpm_user.c:547:21:USBPD_DPM_EvaluateDataRoleSwap	24	static
../USBPD/Target/usbpd_dpm_user.c:577:23:USBPD_DPM_IsPowerReady	16	static
../USBPD/Target/usbpd_dpm_user.c:597:21:USBPD_DPM_RequestHardReset	88	static
../USBPD/Target/usbpd_dpm_user.c:611:21:USBPD_DPM_RequestCableReset	88	static
../USBPD/Target/usbpd_dpm_user.c:623:21:USBPD_DPM_RequestGotoMin	88	static
../USBPD/Target/usbpd_dpm_user.c:637:21:USBPD_DPM_RequestPing	88	static
../USBPD/Target/usbpd_dpm_user.c:651:21:USBPD_DPM_RequestMessageRequest	136	static
../USBPD/Target/usbpd_dpm_user.c:701:21:USBPD_DPM_RequestGetSourceCapability	88	static
../USBPD/Target/usbpd_dpm_user.c:713:21:USBPD_DPM_RequestGetSinkCapability	88	static
../USBPD/Target/usbpd_dpm_user.c:725:21:USBPD_DPM_RequestDataRoleSwap	88	static
../USBPD/Target/usbpd_dpm_user.c:737:21:USBPD_DPM_RequestPowerRoleSwap	88	static
../USBPD/Target/usbpd_dpm_user.c:748:21:USBPD_DPM_RequestVconnSwap	88	static
../USBPD/Target/usbpd_dpm_user.c:761:21:USBPD_DPM_RequestSoftReset	88	static
../USBPD/Target/usbpd_dpm_user.c:773:21:USBPD_DPM_RequestSourceCapability	88	static
../USBPD/Target/usbpd_dpm_user.c:787:21:USBPD_DPM_RequestVDM_DiscoveryIdentify	88	static
../USBPD/Target/usbpd_dpm_user.c:806:21:USBPD_DPM_RequestVDM_DiscoverySVID	88	static
../USBPD/Target/usbpd_dpm_user.c:820:21:USBPD_DPM_RequestVDM_DiscoveryMode	88	static
../USBPD/Target/usbpd_dpm_user.c:835:21:USBPD_DPM_RequestVDM_EnterMode	96	static
../USBPD/Target/usbpd_dpm_user.c:850:21:USBPD_DPM_RequestVDM_ExitMode	96	static
../USBPD/Target/usbpd_dpm_user.c:865:21:USBPD_DPM_RequestDisplayPortStatus	88	static
../USBPD/Target/usbpd_dpm_user.c:883:21:USBPD_DPM_RequestDisplayPortConfig	88	static
../USBPD/Target/usbpd_dpm_user.c:901:21:USBPD_DPM_RequestAttention	88	static
../USBPD/Target/usbpd_dpm_user.c:914:21:USBPD_DPM_RequestAlert	88	static
../USBPD/Target/usbpd_dpm_user.c:926:21:USBPD_DPM_RequestGetSourceCapabilityExt	88	static
../USBPD/Target/usbpd_dpm_user.c:938:21:USBPD_DPM_RequestGetSinkCapabilityExt	88	static
../USBPD/Target/usbpd_dpm_user.c:952:21:USBPD_DPM_RequestGetManufacturerInfo	88	static
../USBPD/Target/usbpd_dpm_user.c:968:21:USBPD_DPM_RequestGetPPS_Status	88	static
../USBPD/Target/usbpd_dpm_user.c:980:21:USBPD_DPM_RequestGetStatus	88	static
../USBPD/Target/usbpd_dpm_user.c:992:21:USBPD_DPM_RequestFastRoleSwap	88	static
../USBPD/Target/usbpd_dpm_user.c:1004:21:USBPD_DPM_RequestGetCountryCodes	88	static
../USBPD/Target/usbpd_dpm_user.c:1017:21:USBPD_DPM_RequestGetCountryInfo	88	static
../USBPD/Target/usbpd_dpm_user.c:1030:21:USBPD_DPM_RequestGetBatteryCapability	88	static
../USBPD/Target/usbpd_dpm_user.c:1043:21:USBPD_DPM_RequestGetBatteryStatus	88	static
../USBPD/Target/usbpd_dpm_user.c:1055:21:USBPD_DPM_RequestSecurityRequest	88	static
../USBPD/Target/usbpd_dpm_user.c:1071:21:DisplayVBUS	64	static
